Product: MDK-ARM Professional 5.10
Component: ARM Compiler 5.04 update 1 (build 49)
Tool: armlink [5040049]

==============================================================================

Section Cross References

    main.o(.text) refers to _printf_percent.o(.ARM.Collect$$_printf_percent$$00000000) for _printf_percent
    main.o(.text) refers to _printf_f.o(.ARM.Collect$$_printf_percent$$00000003) for _printf_f
    main.o(.text) refers to printf1.o(x$fpl$printf1) for _printf_fp_dec
    main.o(.text) refers to _printf_d.o(.ARM.Collect$$_printf_percent$$00000009) for _printf_d
    main.o(.text) refers to _printf_dec.o(.text) for _printf_int_dec
    main.o(.text) refers to mpu6050.o(.text) for R_MPU_Original
    main.o(.text) refers to f2d.o(x$fpl$f2d) for __aeabi_f2d
    main.o(.text) refers to noretval__2printf.o(.text) for __2printf
    main.o(.text) refers to delay.o(.text) for delay_ms
    main.o(.text) refers to attitude.o(.text) for IMUupdate
    main.o(.text) refers to pwmin.o(.text) for ReadPWM
    main.o(.text) refers to pwmout8.o(.text) for SetTIM3Compare
    main.o(.text) refers to key.o(.text) for KEY_Scan
    main.o(.text) refers to led.o(.text) for LED_set
    main.o(.text) refers to mpu6050.o(.bss) for MPU_Offset
    main.o(.text) refers to pwmin.o(.bss) for PWMCH1
    main.o(.text) refers to misc.o(.text) for NVIC_PriorityGroupConfig
    main.o(.text) refers to usart.o(.text) for uart_init
    main.o(.text) refers to usart2.o(.text) for uart2_init
    main.o(.text) refers to beed.o(.text) for BEED_Init
    main.o(.text) refers to lcd.o(.text) for LCD_Init
    main.o(.text) refers to timer.o(.text) for Timer10msInit
    main.o(.text) refers to app.o(.text) for AllAppInit
    main.o(.text) refers to tasks.o(.text) for vTaskStartScheduler
    main.o(.text) refers to main.o(.data) for Debug
    system_stm32f4xx.o(.text) refers to system_stm32f4xx.o(.data) for SystemCoreClock
    app.o(.text) refers to _printf_percent.o(.ARM.Collect$$_printf_percent$$00000000) for _printf_percent
    app.o(.text) refers to _printf_f.o(.ARM.Collect$$_printf_percent$$00000003) for _printf_f
    app.o(.text) refers to printf1.o(x$fpl$printf1) for _printf_fp_dec
    app.o(.text) refers to _printf_d.o(.ARM.Collect$$_printf_percent$$00000009) for _printf_d
    app.o(.text) refers to _printf_dec.o(.text) for _printf_int_dec
    app.o(.text) refers to port.o(.text) for vPortEnterCritical
    app.o(.text) refers to function.o(.text) for Set_MotoSpeed
    app.o(.text) refers to tasks.o(.text) for vTaskSuspend
    app.o(.text) refers to timer.o(.text) for TIM6Close
    app.o(.text) refers to lcd.o(.text) for LCD_Fill_onecolor
    app.o(.text) refers to delay.o(.text) for delay_ms
    app.o(.text) refers to queue.o(.text) for xQueueGenericReceive
    app.o(.text) refers to beed.o(.text) for BEED_1
    app.o(.text) refers to key.o(.text) for KEY_Scan
    app.o(.text) refers to task1.o(.data) for q_1
    app.o(.text) refers to task2.o(.data) for q_2
    app.o(.text) refers to task3.o(.data) for q_3
    app.o(.text) refers to pid.o(.data) for XIerror
    app.o(.text) refers to task4.o(.data) for Task4task_Handler
    app.o(.text) refers to main.o(.data) for tasknum
    app.o(.text) refers to app.o(.data) for START
    app.o(.text) refers to usart.o(.data) for USART_RX_STA
    app.o(.text) refers to f2d.o(x$fpl$f2d) for __aeabi_f2d
    app.o(.text) refers to noretval__2printf.o(.text) for __2printf
    app.o(.text) refers to usart.o(.bss) for USART_RX_BUF
    app.o(.text) refers to usart2.o(.text) for printf_2_
    app.o(.text) refers to attitude.o(.data) for Ki
    app.o(.text) refers to usart2.o(.data) for USART_RX_STA2
    app.o(.text) refers to usart2.o(.bss) for USART_RX_BUF2
    app.o(.text) refers to task1.o(.text) for CreatTask1
    app.o(.text) refers to task2.o(.text) for CreatTask2
    app.o(.text) refers to task3.o(.text) for CreatTask3
    app.o(.text) refers to task4.o(.text) for CreatTask4
    function.o(.text) refers to _printf_percent.o(.ARM.Collect$$_printf_percent$$00000000) for _printf_percent
    function.o(.text) refers to _printf_f.o(.ARM.Collect$$_printf_percent$$00000003) for _printf_f
    function.o(.text) refers to printf1.o(x$fpl$printf1) for _printf_fp_dec
    function.o(.text) refers to queue.o(.text) for xQueueGenericReceive
    function.o(.text) refers to pwmout8.o(.text) for SetTIM3Compare
    function.o(.text) refers to port.o(.text) for vPortEnterCritical
    function.o(.text) refers to mpu6050.o(.text) for ReadMpu
    function.o(.text) refers to usart.o(.text) for printf_1_
    function.o(.text) refers to f2d.o(x$fpl$f2d) for __aeabi_f2d
    function.o(.text) refers to noretval__2printf.o(.text) for __2printf
    function.o(.text) refers to app.o(.data) for KEY1_CountSemaphore
    function.o(.text) refers to function.o(.data) for current_Angle
    task1.o(.text) refers to _printf_percent.o(.ARM.Collect$$_printf_percent$$00000000) for _printf_percent
[...]
    SysTick_CLKSourceConfig                  0x08008675   Thumb Code    40  misc.o(.text)
    EXTI_DeInit                              0x080086b1   Thumb Code    28  stm32f4xx_exti.o(.text)
    EXTI_Init                                0x080086cd   Thumb Code   142  stm32f4xx_exti.o(.text)
    EXTI_StructInit                          0x0800875b   Thumb Code    16  stm32f4xx_exti.o(.text)
    EXTI_GenerateSWInterrupt                 0x0800876b   Thumb Code    16  stm32f4xx_exti.o(.text)
    EXTI_GetFlagStatus                       0x0800877b   Thumb Code    22  stm32f4xx_exti.o(.text)
    EXTI_ClearFlag                           0x08008791   Thumb Code     8  stm32f4xx_exti.o(.text)
    EXTI_GetITStatus                         0x08008799   Thumb Code    22  stm32f4xx_exti.o(.text)
    EXTI_ClearITPendingBit                   0x080087af   Thumb Code     8  stm32f4xx_exti.o(.text)
    FSMC_NORSRAMDeInit                       0x080087c1   Thumb Code    54  stm32f4xx_fsmc.o(.text)
    FSMC_NORSRAMInit                         0x080087f7   Thumb Code   230  stm32f4xx_fsmc.o(.text)
    FSMC_NORSRAMStructInit                   0x080088dd   Thumb Code    48  stm32f4xx_fsmc.o(.text)
    FSMC_NORSRAMCmd                          0x0800890d   Thumb Code    46  stm32f4xx_fsmc.o(.text)
    FSMC_NANDDeInit                          0x0800893b   Thumb Code    62  stm32f4xx_fsmc.o(.text)
    FSMC_NANDInit                            0x08008979   Thumb Code   132  stm32f4xx_fsmc.o(.text)
    FSMC_NANDStructInit                      0x080089fd   Thumb Code    54  stm32f4xx_fsmc.o(.text)
    FSMC_NANDCmd                             0x08008a33   Thumb Code    86  stm32f4xx_fsmc.o(.text)
    FSMC_NANDECCCmd                          0x08008a89   Thumb Code    86  stm32f4xx_fsmc.o(.text)
    FSMC_GetECC                              0x08008adf   Thumb Code    24  stm32f4xx_fsmc.o(.text)
    FSMC_PCCARDDeInit                        0x08008af7   Thumb Code    36  stm32f4xx_fsmc.o(.text)
    FSMC_PCCARDInit                          0x08008b1b   Thumb Code   130  stm32f4xx_fsmc.o(.text)
    FSMC_PCCARDStructInit                    0x08008b9d   Thumb Code    60  stm32f4xx_fsmc.o(.text)
    FSMC_PCCARDCmd                           0x08008bd9   Thumb Code    44  stm32f4xx_fsmc.o(.text)
    FSMC_ITConfig                            0x08008c05   Thumb Code   128  stm32f4xx_fsmc.o(.text)
    FSMC_GetFlagStatus                       0x08008c85   Thumb Code    54  stm32f4xx_fsmc.o(.text)
    FSMC_ClearFlag                           0x08008cbb   Thumb Code    74  stm32f4xx_fsmc.o(.text)
    FSMC_GetITStatus                         0x08008d05   Thumb Code    62  stm32f4xx_fsmc.o(.text)
    FSMC_ClearITPendingBit                   0x08008d43   Thumb Code    66  stm32f4xx_fsmc.o(.text)
    GPIO_DeInit                              0x08008d89   Thumb Code   268  stm32f4xx_gpio.o(.text)
    GPIO_Init                                0x08008e95   Thumb Code   144  stm32f4xx_gpio.o(.text)
    GPIO_StructInit                          0x08008f25   Thumb Code    18  stm32f4xx_gpio.o(.text)
    GPIO_PinLockConfig                       0x08008f37   Thumb Code    34  stm32f4xx_gpio.o(.text)
    GPIO_ReadInputDataBit                    0x08008f59   Thumb Code    18  stm32f4xx_gpio.o(.text)
    GPIO_ReadInputData                       0x08008f6b   Thumb Code     8  stm32f4xx_gpio.o(.text)
    GPIO_ReadOutputDataBit                   0x08008f73   Thumb Code    18  stm32f4xx_gpio.o(.text)
    GPIO_ReadOutputData                      0x08008f85   Thumb Code     8  stm32f4xx_gpio.o(.text)
    GPIO_SetBits                             0x08008f8d   Thumb Code     4  stm32f4xx_gpio.o(.text)
    GPIO_ResetBits                           0x08008f91   Thumb Code     4  stm32f4xx_gpio.o(.text)
    GPIO_WriteBit                            0x08008f95   Thumb Code    10  stm32f4xx_gpio.o(.text)
    GPIO_Write                               0x08008f9f   Thumb Code     4  stm32f4xx_gpio.o(.text)
    GPIO_ToggleBits                          0x08008fa3   Thumb Code     8  stm32f4xx_gpio.o(.text)
    GPIO_PinAFConfig                         0x08008fab   Thumb Code    70  stm32f4xx_gpio.o(.text)
    RCC_DeInit                               0x0800901d   Thumb Code    82  stm32f4xx_rcc.o(.text)
    RCC_HSEConfig                            0x0800906f   Thumb Code    14  stm32f4xx_rcc.o(.text)
    RCC_GetFlagStatus                        0x0800907d   Thumb Code    60  stm32f4xx_rcc.o(.text)
    RCC_WaitForHSEStartUp                    0x080090b9   Thumb Code    56  stm32f4xx_rcc.o(.text)
    RCC_AdjustHSICalibrationValue            0x080090f1   Thumb Code    20  stm32f4xx_rcc.o(.text)
    RCC_HSICmd                               0x08009105   Thumb Code     6  stm32f4xx_rcc.o(.text)
    RCC_LSEConfig                            0x0800910b   Thumb Code    46  stm32f4xx_rcc.o(.text)
    RCC_LSICmd                               0x08009139   Thumb Code     6  stm32f4xx_rcc.o(.text)
    RCC_PLLConfig                            0x0800913f   Thumb Code    32  stm32f4xx_rcc.o(.text)
    RCC_PLLCmd                               0x0800915f   Thumb Code     6  stm32f4xx_rcc.o(.text)
    RCC_PLLI2SConfig                         0x08009165   Thumb Code    14  stm32f4xx_rcc.o(.text)
    RCC_PLLI2SCmd                            0x08009173   Thumb Code     6  stm32f4xx_rcc.o(.text)
    RCC_PLLSAIConfig                         0x08009179   Thumb Code    20  stm32f4xx_rcc.o(.text)
    RCC_PLLSAICmd                            0x0800918d   Thumb Code     6  stm32f4xx_rcc.o(.text)
    RCC_ClockSecuritySystemCmd               0x08009193   Thumb Code     6  stm32f4xx_rcc.o(.text)
    RCC_MCO1Config                           0x08009199   Thumb Code    28  stm32f4xx_rcc.o(.text)
    RCC_MCO2Config                           0x080091b5   Thumb Code    28  stm32f4xx_rcc.o(.text)
    RCC_SYSCLKConfig                         0x080091d1   Thumb Code    20  stm32f4xx_rcc.o(.text)
    RCC_GetSYSCLKSource                      0x080091e5   Thumb Code    12  stm32f4xx_rcc.o(.text)
    RCC_HCLKConfig                           0x080091f1   Thumb Code    20  stm32f4xx_rcc.o(.text)
    RCC_PCLK1Config                          0x08009205   Thumb Code    20  stm32f4xx_rcc.o(.text)
    RCC_PCLK2Config                          0x08009219   Thumb Code    22  stm32f4xx_rcc.o(.text)
    RCC_GetClocksFreq                        0x0800922f   Thumb Code   222  stm32f4xx_rcc.o(.text)
    RCC_RTCCLKConfig                         0x0800930d   Thumb Code    54  stm32f4xx_rcc.o(.text)
    RCC_RTCCLKCmd                            0x08009343   Thumb Code     8  stm32f4xx_rcc.o(.text)
    RCC_BackupResetCmd                       0x0800934b   Thumb Code     8  stm32f4xx_rcc.o(.text)
    RCC_I2SCLKConfig                         0x08009353   Thumb Code     6  stm32f4xx_rcc.o(.text)
    RCC_SAIPLLI2SClkDivConfig                0x08009359   Thumb Code    26  stm32f4xx_rcc.o(.text)
    RCC_SAIPLLSAIClkDivConfig                0x08009373   Thumb Code    28  stm32f4xx_rcc.o(.text)
    RCC_SAIBlockACLKConfig                   0x0800938f   Thumb Code    20  stm32f4xx_rcc.o(.text)
    RCC_SAIBlockBCLKConfig                   0x080093a3   Thumb Code    20  stm32f4xx_rcc.o(.text)
    RCC_LTDCCLKDivConfig                     0x080093b7   Thumb Code    20  stm32f4xx_rcc.o(.text)
    RCC_TIMCLKPresConfig                     0x080093cb   Thumb Code     6  stm32f4xx_rcc.o(.text)
    RCC_AHB1PeriphClockCmd                   0x080093d1   Thumb Code    34  stm32f4xx_rcc.o(.text)
    RCC_AHB2PeriphClockCmd                   0x080093f3   Thumb Code    78  stm32f4xx_rcc.o(.text)
    RCC_AHB3PeriphClockCmd                   0x08009441   Thumb Code    34  stm32f4xx_rcc.o(.text)
    RCC_APB1PeriphClockCmd                   0x08009463   Thumb Code    34  stm32f4xx_rcc.o(.text)
    RCC_APB2PeriphClockCmd                   0x08009485   Thumb Code    34  stm32f4xx_rcc.o(.text)
    RCC_AHB1PeriphResetCmd                   0x080094a7   Thumb Code    34  stm32f4xx_rcc.o(.text)
    RCC_AHB2PeriphResetCmd                   0x080094c9   Thumb Code    34  stm32f4xx_rcc.o(.text)
    RCC_AHB3PeriphResetCmd                   0x080094eb   Thumb Code    34  stm32f4xx_rcc.o(.text)
    RCC_APB1PeriphResetCmd                   0x0800950d   Thumb Code    34  stm32f4xx_rcc.o(.text)
    RCC_APB2PeriphResetCmd                   0x0800952f   Thumb Code    34  stm32f4xx_rcc.o(.text)
    RCC_AHB1PeriphClockLPModeCmd             0x08009551   Thumb Code    34  stm32f4xx_rcc.o(.text)
    RCC_AHB2PeriphClockLPModeCmd             0x08009573   Thumb Code    34  stm32f4xx_rcc.o(.text)
    RCC_AHB3PeriphClockLPModeCmd             0x08009595   Thumb Code    34  stm32f4xx_rcc.o(.text)
    RCC_APB1PeriphClockLPModeCmd             0x080095b7   Thumb Code    34  stm32f4xx_rcc.o(.text)
    RCC_APB2PeriphClockLPModeCmd             0x080095d9   Thumb Code    34  stm32f4xx_rcc.o(.text)
    RCC_LSEModeConfig                        0x080095fb   Thumb Code    40  stm32f4xx_rcc.o(.text)
    RCC_ITConfig                             0x08009623   Thumb Code    34  stm32f4xx_rcc.o(.text)
    RCC_ClearFlag                            0x08009645   Thumb Code    18  stm32f4xx_rcc.o(.text)
    RCC_GetITStatus                          0x08009657   Thumb Code    22  stm32f4xx_rcc.o(.text)
    RCC_ClearITPendingBit                    0x0800966d   Thumb Code     8  stm32f4xx_rcc.o(.text)
    SYSCFG_DeInit                            0x08009679   Thumb Code    22  stm32f4xx_syscfg.o(.text)
    SYSCFG_MemoryRemapConfig                 0x0800968f   Thumb Code     6  stm32f4xx_syscfg.o(.text)
    SYSCFG_MemorySwappingBank                0x08009695   Thumb Code     6  stm32f4xx_syscfg.o(.text)
    SYSCFG_EXTILineConfig                    0x0800969b   Thumb Code    66  stm32f4xx_syscfg.o(.text)
    SYSCFG_ETH_MediaInterfaceConfig          0x080096dd   Thumb Code     8  stm32f4xx_syscfg.o(.text)
    SYSCFG_CompensationCellCmd               0x080096e5   Thumb Code     6  stm32f4xx_syscfg.o(.text)
    SYSCFG_GetCompensationCellStatus         0x080096eb   Thumb Code    22  stm32f4xx_syscfg.o(.text)
    TIM_DeInit                               0x0800970d   Thumb Code   346  stm32f4xx_tim.o(.text)
    TIM_TimeBaseInit                         0x08009867   Thumb Code   104  stm32f4xx_tim.o(.text)
    TIM_TimeBaseStructInit                   0x080098cf   Thumb Code    18  stm32f4xx_tim.o(.text)
    TIM_PrescalerConfig                      0x080098e1   Thumb Code     6  stm32f4xx_tim.o(.text)
    TIM_CounterModeConfig                    0x080098e7   Thumb Code    18  stm32f4xx_tim.o(.text)
    TIM_SetCounter                           0x080098f9   Thumb Code     4  stm32f4xx_tim.o(.text)
    TIM_SetAutoreload                        0x080098fd   Thumb Code     4  stm32f4xx_tim.o(.text)
    TIM_GetCounter                           0x08009901   Thumb Code     6  stm32f4xx_tim.o(.text)
    TIM_GetPrescaler                         0x08009907   Thumb Code     6  stm32f4xx_tim.o(.text)
    TIM_UpdateDisableConfig                  0x0800990d   Thumb Code    24  stm32f4xx_tim.o(.text)
    TIM_UpdateRequestConfig                  0x08009925   Thumb Code    24  stm32f4xx_tim.o(.text)
    TIM_ARRPreloadConfig                     0x0800993d   Thumb Code    24  stm32f4xx_tim.o(.text)
    TIM_SelectOnePulseMode                   0x08009955   Thumb Code    18  stm32f4xx_tim.o(.text)
    TIM_SetClockDivision                     0x08009967   Thumb Code    18  stm32f4xx_tim.o(.text)
    TIM_Cmd                                  0x08009979   Thumb Code    24  stm32f4xx_tim.o(.text)
    TIM_OC1Init                              0x08009991   Thumb Code   114  stm32f4xx_tim.o(.text)
    TIM_OC2Init                              0x08009a03   Thumb Code   154  stm32f4xx_tim.o(.text)
    TIM_OC3Init                              0x08009a9d   Thumb Code   204  stm32f4xx_tim.o(.text)
    TIM_OC4Init                              0x08009b69   Thumb Code   112  stm32f4xx_tim.o(.text)
    TIM_OCStructInit                         0x08009bd9   Thumb Code    20  stm32f4xx_tim.o(.text)
    TIM_SelectOCxM                           0x08009bed   Thumb Code    86  stm32f4xx_tim.o(.text)
    TIM_SetCompare1                          0x08009c43   Thumb Code     4  stm32f4xx_tim.o(.text)
    TIM_SetCompare2                          0x08009c47   Thumb Code     4  stm32f4xx_tim.o(.text)
    TIM_SetCompare3                          0x08009c4b   Thumb Code     4  stm32f4xx_tim.o(.text)
    TIM_SetCompare4                          0x08009c4f   Thumb Code     4  stm32f4xx_tim.o(.text)
    TIM_ForcedOC1Config                      0x08009c53   Thumb Code    18  stm32f4xx_tim.o(.text)
    TIM_ForcedOC2Config                      0x08009c65   Thumb Code    26  stm32f4xx_tim.o(.text)
    TIM_ForcedOC3Config                      0x08009c7f   Thumb Code    18  stm32f4xx_tim.o(.text)
    TIM_ForcedOC4Config                      0x08009c91   Thumb Code    26  stm32f4xx_tim.o(.text)
    TIM_OC1PreloadConfig                     0x08009cab   Thumb Code    18  stm32f4xx_tim.o(.text)
    TIM_OC2PreloadConfig                     0x08009cbd   Thumb Code    26  stm32f4xx_tim.o(.text)
    TIM_OC3PreloadConfig                     0x08009cd7   Thumb Code    18  stm32f4xx_tim.o(.text)
    TIM_OC4PreloadConfig                     0x08009ce9   Thumb Code    26  stm32f4xx_tim.o(.text)
    TIM_OC1FastConfig                        0x08009d03   Thumb Code    18  stm32f4xx_tim.o(.text)
    TIM_OC2FastConfig                        0x08009d15   Thumb Code    26  stm32f4xx_tim.o(.text)
    TIM_OC3FastConfig                        0x08009d2f   Thumb Code    18  stm32f4xx_tim.o(.text)
    TIM_OC4FastConfig                        0x08009d41   Thumb Code    26  stm32f4xx_tim.o(.text)
    TIM_ClearOC1Ref                          0x08009d5b   Thumb Code    18  stm32f4xx_tim.o(.text)
    TIM_ClearOC2Ref                          0x08009d6d   Thumb Code    24  stm32f4xx_tim.o(.text)
    TIM_ClearOC3Ref                          0x08009d85   Thumb Code    18  stm32f4xx_tim.o(.text)
    TIM_ClearOC4Ref                          0x08009d97   Thumb Code    24  stm32f4xx_tim.o(.text)
    TIM_OC1PolarityConfig                    0x08009daf   Thumb Code    18  stm32f4xx_tim.o(.text)
    TIM_OC1NPolarityConfig                   0x08009dc1   Thumb Code    18  stm32f4xx_tim.o(.text)
    TIM_OC2PolarityConfig                    0x08009dd3   Thumb Code    26  stm32f4xx_tim.o(.text)
    TIM_OC2NPolarityConfig                   0x08009ded   Thumb Code    26  stm32f4xx_tim.o(.text)
    TIM_OC3PolarityConfig                    0x08009e07   Thumb Code    26  stm32f4xx_tim.o(.text)
    TIM_OC3NPolarityConfig                   0x08009e21   Thumb Code    26  stm32f4xx_tim.o(.text)
    TIM_OC4PolarityConfig                    0x08009e3b   Thumb Code    26  stm32f4xx_tim.o(.text)
    TIM_CCxCmd                               0x08009e55   Thumb Code    30  stm32f4xx_tim.o(.text)
    TIM_CCxNCmd                              0x08009e73   Thumb Code    30  stm32f4xx_tim.o(.text)
    TIM_SetIC4Prescaler                      0x08009e91   Thumb Code    26  stm32f4xx_tim.o(.text)
    TIM_SetIC3Prescaler                      0x08009efb   Thumb Code    18  stm32f4xx_tim.o(.text)
    TIM_SetIC2Prescaler                      0x08009f55   Thumb Code    26  stm32f4xx_tim.o(.text)
    TIM_SetIC1Prescaler                      0x08009fc9   Thumb Code    18  stm32f4xx_tim.o(.text)
    TIM_ICInit                               0x0800a015   Thumb Code   110  stm32f4xx_tim.o(.text)
    TIM_ICStructInit                         0x0800a083   Thumb Code    18  stm32f4xx_tim.o(.text)
    TIM_PWMIConfig                           0x0800a095   Thumb Code   124  stm32f4xx_tim.o(.text)
    TIM_GetCapture1                          0x0800a111   Thumb Code     6  stm32f4xx_tim.o(.text)
    TIM_GetCapture2                          0x0800a117   Thumb Code     6  stm32f4xx_tim.o(.text)
    TIM_GetCapture3                          0x0800a11d   Thumb Code     6  stm32f4xx_tim.o(.text)
    TIM_GetCapture4                          0x0800a123   Thumb Code     6  stm32f4xx_tim.o(.text)
    TIM_BDTRConfig                           0x0800a129   Thumb Code    32  stm32f4xx_tim.o(.text)
    TIM_BDTRStructInit                       0x0800a149   Thumb Code    18  stm32f4xx_tim.o(.text)
    TIM_CtrlPWMOutputs                       0x0800a15b   Thumb Code    30  stm32f4xx_tim.o(.text)
    TIM_SelectCOM                            0x0800a179   Thumb Code    24  stm32f4xx_tim.o(.text)
    TIM_CCPreloadControl                     0x0800a191   Thumb Code    24  stm32f4xx_tim.o(.text)
    TIM_ITConfig                             0x0800a1a9   Thumb Code    18  stm32f4xx_tim.o(.text)
    TIM_GenerateEvent                        0x0800a1bb   Thumb Code     4  stm32f4xx_tim.o(.text)
    TIM_GetFlagStatus                        0x0800a1bf   Thumb Code    18  stm32f4xx_tim.o(.text)
    TIM_ClearFlag                            0x0800a1d1   Thumb Code     6  stm32f4xx_tim.o(.text)
    TIM_GetITStatus                          0x0800a1d7   Thumb Code    34  stm32f4xx_tim.o(.text)
    TIM_ClearITPendingBit                    0x0800a1f9   Thumb Code     6  stm32f4xx_tim.o(.text)
    TIM_DMAConfig                            0x0800a1ff   Thumb Code    10  stm32f4xx_tim.o(.text)
    TIM_DMACmd                               0x0800a209   Thumb Code    18  stm32f4xx_tim.o(.text)
    TIM_SelectCCDMA                          0x0800a21b   Thumb Code    24  stm32f4xx_tim.o(.text)
    TIM_InternalClockConfig                  0x0800a233   Thumb Code    12  stm32f4xx_tim.o(.text)
    TIM_SelectInputTrigger                   0x0800a23f   Thumb Code    18  stm32f4xx_tim.o(.text)
    TIM_ITRxExternalClockConfig              0x0800a251   Thumb Code    24  stm32f4xx_tim.o(.text)
    TIM_TIxExternalClockConfig               0x0800a269   Thumb Code    62  stm32f4xx_tim.o(.text)
    TIM_ETRConfig                            0x0800a2a7   Thumb Code    28  stm32f4xx_tim.o(.text)
    TIM_ETRClockMode1Config                  0x0800a2c3   Thumb Code    54  stm32f4xx_tim.o(.text)
    TIM_ETRClockMode2Config                  0x0800a2f9   Thumb Code    32  stm32f4xx_tim.o(.text)
    TIM_SelectOutputTrigger                  0x0800a319   Thumb Code    18  stm32f4xx_tim.o(.text)
    TIM_SelectSlaveMode                      0x0800a32b   Thumb Code    18  stm32f4xx_tim.o(.text)
    TIM_SelectMasterSlaveMode                0x0800a33d   Thumb Code    18  stm32f4xx_tim.o(.text)
    TIM_EncoderInterfaceConfig               0x0800a34f   Thumb Code    66  stm32f4xx_tim.o(.text)
    TIM_SelectHallSensor                     0x0800a391   Thumb Code    24  stm32f4xx_tim.o(.text)
    TIM_RemapConfig                          0x0800a3a9   Thumb Code     6  stm32f4xx_tim.o(.text)
    USART_DeInit                             0x0800a3b1   Thumb Code   206  stm32f4xx_usart.o(.text)
    USART_Init                               0x0800a47f   Thumb Code   204  stm32f4xx_usart.o(.text)
    USART_StructInit                         0x0800a54b   Thumb Code    24  stm32f4xx_usart.o(.text)
    USART_ClockInit                          0x0800a563   Thumb Code    32  stm32f4xx_usart.o(.text)
    USART_ClockStructInit                    0x0800a583   Thumb Code    12  stm32f4xx_usart.o(.text)
    USART_Cmd                                0x0800a58f   Thumb Code    24  stm32f4xx_usart.o(.text)
    USART_SetPrescaler                       0x0800a5a7   Thumb Code    16  stm32f4xx_usart.o(.text)
    USART_OverSampling8Cmd                   0x0800a5b7   Thumb Code    22  stm32f4xx_usart.o(.text)
    USART_OneBitMethodCmd                    0x0800a5cd   Thumb Code    24  stm32f4xx_usart.o(.text)
    USART_SendData                           0x0800a5e5   Thumb Code     8  stm32f4xx_usart.o(.text)
    USART_ReceiveData                        0x0800a5ed   Thumb Code    10  stm32f4xx_usart.o(.text)
    USART_SetAddress                         0x0800a5f7   Thumb Code    18  stm32f4xx_usart.o(.text)
    USART_ReceiverWakeUpCmd                  0x0800a609   Thumb Code    24  stm32f4xx_usart.o(.text)
    USART_WakeUpConfig                       0x0800a621   Thumb Code    18  stm32f4xx_usart.o(.text)
    USART_LINBreakDetectLengthConfig         0x0800a633   Thumb Code    18  stm32f4xx_usart.o(.text)
    USART_LINCmd                             0x0800a645   Thumb Code    24  stm32f4xx_usart.o(.text)
    USART_SendBreak                          0x0800a65d   Thumb Code    10  stm32f4xx_usart.o(.text)
    USART_HalfDuplexCmd                      0x0800a667   Thumb Code    24  stm32f4xx_usart.o(.text)
    USART_SetGuardTime                       0x0800a67f   Thumb Code    16  stm32f4xx_usart.o(.text)
    USART_SmartCardCmd                       0x0800a68f   Thumb Code    24  stm32f4xx_usart.o(.text)
    USART_SmartCardNACKCmd                   0x0800a6a7   Thumb Code    24  stm32f4xx_usart.o(.text)
    USART_IrDAConfig                         0x0800a6bf   Thumb Code    18  stm32f4xx_usart.o(.text)
    USART_IrDACmd                            0x0800a6d1   Thumb Code    24  stm32f4xx_usart.o(.text)
    USART_DMACmd                             0x0800a6e9   Thumb Code    18  stm32f4xx_usart.o(.text)
    USART_ITConfig                           0x0800a6fb   Thumb Code    74  stm32f4xx_usart.o(.text)
    USART_GetFlagStatus                      0x0800a745   Thumb Code    26  stm32f4xx_usart.o(.text)
    USART_ClearFlag                          0x0800a75f   Thumb Code    18  stm32f4xx_usart.o(.text)
    USART_GetITStatus                        0x0800a771   Thumb Code   118  stm32f4xx_usart.o(.text)
    USART_ClearITPendingBit                  0x0800a7e7   Thumb Code    30  stm32f4xx_usart.o(.text)
    vListInitialise                          0x0800a805   Thumb Code    26  list.o(.text)
    vListInitialiseItem                      0x0800a81f   Thumb Code     6  list.o(.text)
    vListInsertEnd                           0x0800a825   Thumb Code    24  list.o(.text)
    vListInsert                              0x0800a83d   Thumb Code    52  list.o(.text)
    uxListRemove                             0x0800a871   Thumb Code    40  list.o(.text)
    xQueueGenericReset                       0x0800a899   Thumb Code   136  queue.o(.text)
    xQueueGenericCreate                      0x0800a94f   Thumb Code    78  queue.o(.text)
    xQueueGenericSend                        0x0800ab45   Thumb Code   460  queue.o(.text)
    xQueueCreateMutex                        0x0800ad2d   Thumb Code    34  queue.o(.text)
    xQueueGiveMutexRecursive                 0x0800ad4f   Thumb Code    66  queue.o(.text)
    xQueueGenericReceive                     0x0800add5   Thumb Code   428  queue.o(.text)
    xQueueTakeMutexRecursive                 0x0800af81   Thumb Code    76  queue.o(.text)
    xQueueCreateCountingSemaphore            0x0800afcd   Thumb Code    80  queue.o(.text)
    xQueueGenericSendFromISR                 0x0800b01d   Thumb Code   252  queue.o(.text)
    xQueueGiveFromISR                        0x0800b119   Thumb Code   228  queue.o(.text)
    xQueueReceiveFromISR                     0x0800b1fd   Thumb Code   190  queue.o(.text)
    xQueuePeekFromISR                        0x0800b2bb   Thumb Code   158  queue.o(.text)
    uxQueueMessagesWaiting                   0x0800b359   Thumb Code    36  queue.o(.text)
    uxQueueSpacesAvailable                   0x0800b37d   Thumb Code    42  queue.o(.text)
    uxQueueMessagesWaitingFromISR            0x0800b3a7   Thumb Code    28  queue.o(.text)
    vQueueUnregisterQueue                    0x0800b3c3   Thumb Code    44  queue.o(.text)
    vQueueDelete                             0x0800b3ef   Thumb Code    38  queue.o(.text)
    uxQueueGetQueueNumber                    0x0800b415   Thumb Code     6  queue.o(.text)
    vQueueSetQueueNumber                     0x0800b41b   Thumb Code     4  queue.o(.text)
    ucQueueGetQueueType                      0x0800b41f   Thumb Code     8  queue.o(.text)
    xQueueIsQueueEmptyFromISR                0x0800b427   Thumb Code    36  queue.o(.text)
    xQueueIsQueueFullFromISR                 0x0800b44b   Thumb Code    40  queue.o(.text)
    vQueueAddToRegistry                      0x0800b473   Thumb Code    38  queue.o(.text)
    pcQueueGetName                           0x0800b499   Thumb Code    38  queue.o(.text)
    vQueueWaitForMessageRestricted           0x0800b4bf   Thumb Code    74  queue.o(.text)
    xQueueCreateSet                          0x0800b509   Thumb Code    20  queue.o(.text)
    xQueueAddToSet                           0x0800b51d   Thumb Code    38  queue.o(.text)
    xQueueRemoveFromSet                      0x0800b543   Thumb Code    48  queue.o(.text)
    xQueueSelectFromSet                      0x0800b573   Thumb Code    26  queue.o(.text)
    xQueueSelectFromSetFromISR               0x0800b58d   Thumb Code    22  queue.o(.text)
    xTaskCreate                              0x0800b735   Thumb Code    96  tasks.o(.text)
    vTaskDelete                              0x0800b7d1   Thumb Code   192  tasks.o(.text)
    xTaskIncrementTick                       0x0800b891   Thumb Code   396  tasks.o(.text)
    xTaskResumeAll                           0x0800ba1d   Thumb Code   218  tasks.o(.text)
    vTaskSuspendAll                          0x0800bb73   Thumb Code    12  tasks.o(.text)
    vTaskDelayUntil                          0x0800bb7f   Thumb Code   182  tasks.o(.text)
    vTaskDelay                               0x0800bc35   Thumb Code    76  tasks.o(.text)
    eTaskGetState                            0x0800bc81   Thumb Code   106  tasks.o(.text)
    uxTaskPriorityGet                        0x0800bceb   Thumb Code    30  tasks.o(.text)
    uxTaskPriorityGetFromISR                 0x0800bd09   Thumb Code    62  tasks.o(.text)
    vTaskPrioritySet                         0x0800bd47   Thumb Code   320  tasks.o(.text)
    vTaskSwitchContext                       0x0800be87   Thumb Code   114  tasks.o(.text)
    vTaskSuspend                             0x0800bef9   Thumb Code   190  tasks.o(.text)
    vTaskResume                              0x0800c003   Thumb Code   122  tasks.o(.text)
    xTaskResumeFromISR                       0x0800c07d   Thumb Code   152  tasks.o(.text)
    vTaskStartScheduler                      0x0800c173   Thumb Code   112  tasks.o(.text)
    vTaskEndScheduler                        0x0800c1e3   Thumb Code    32  tasks.o(.text)
    xTaskGetTickCount                        0x0800c203   Thumb Code     6  tasks.o(.text)
    xTaskGetTickCountFromISR                 0x0800c209   Thumb Code    16  tasks.o(.text)
    uxTaskGetNumberOfTasks                   0x0800c219   Thumb Code     6  tasks.o(.text)
    pcTaskGetName                            0x0800c21f   Thumb Code    40  tasks.o(.text)
    vTaskGetInfo                             0x0800c2a5   Thumb Code   114  tasks.o(.text)
    uxTaskGetSystemState                     0x0800c381   Thumb Code   152  tasks.o(.text)
    vTaskPlaceOnEventList                    0x0800c419   Thumb Code    46  tasks.o(.text)
    vTaskPlaceOnUnorderedEventList           0x0800c447   Thumb Code    88  tasks.o(.text)
    vTaskPlaceOnEventListRestricted          0x0800c49f   Thumb Code    54  tasks.o(.text)
    xTaskRemoveFromEventList                 0x0800c4d5   Thumb Code   122  tasks.o(.text)
    xTaskRemoveFromUnorderedEventList        0x0800c54f   Thumb Code   142  tasks.o(.text)
    vTaskSetTimeOutState                     0x0800c5dd   Thumb Code    36  tasks.o(.text)
    xTaskCheckForTimeOut                     0x0800c601   Thumb Code   124  tasks.o(.text)
    vTaskMissedYield                         0x0800c67d   Thumb Code     8  tasks.o(.text)
    uxTaskGetTaskNumber                      0x0800c685   Thumb Code    68  tasks.o(.text)
    vTaskSetTaskNumber                       0x0800c6c9   Thumb Code     8  tasks.o(.text)
    xTaskGetCurrentTaskHandle                0x0800c6d1   Thumb Code     6  tasks.o(.text)
    xTaskGetSchedulerState                   0x0800c6d7   Thumb Code    24  tasks.o(.text)
    vTaskPriorityInherit                     0x0800c6ef   Thumb Code   164  tasks.o(.text)
    xTaskPriorityDisinherit                  0x0800c793   Thumb Code   176  tasks.o(.text)
    vTaskList                                0x0800c86d   Thumb Code   204  tasks.o(.text)
    uxTaskResetEventItemValue                0x0800c939   Thumb Code    24  tasks.o(.text)
    pvTaskIncrementMutexHeldCount            0x0800c951   Thumb Code    26  tasks.o(.text)
    ulTaskNotifyTake                         0x0800c96b   Thumb Code   108  tasks.o(.text)
    xTaskNotifyWait                          0x0800c9d7   Thumb Code   150  tasks.o(.text)
    xTaskGenericNotify                       0x0800ca6d   Thumb Code   276  tasks.o(.text)
    xTaskGenericNotifyFromISR                0x0800cb81   Thumb Code   282  tasks.o(.text)
    vTaskNotifyGiveFromISR                   0x0800cc9b   Thumb Code   200  tasks.o(.text)
    xTaskNotifyStateClear                    0x0800cd63   Thumb Code    48  tasks.o(.text)
    xTimerGenericCommand                     0x0800ce05   Thumb Code   118  timers.o(.text)
    xTimerCreateTimerTask                    0x0800d16d   Thumb Code    56  timers.o(.text)
    xTimerCreate                             0x0800d24b   Thumb Code    48  timers.o(.text)
    xTimerGetTimerDaemonTaskHandle           0x0800d27b   Thumb Code    38  timers.o(.text)
    xTimerGetPeriod                          0x0800d2a1   Thumb Code    28  timers.o(.text)
    xTimerGetExpiryTime                      0x0800d2bd   Thumb Code    30  timers.o(.text)
    pcTimerGetName                           0x0800d2db   Thumb Code    28  timers.o(.text)
    xTimerIsTimerActive                      0x0800d2f7   Thumb Code    50  timers.o(.text)
    pvTimerGetTimerID                        0x0800d329   Thumb Code    38  timers.o(.text)
    vTimerSetTimerID                         0x0800d34f   Thumb Code    38  timers.o(.text)
    xTimerPendFunctionCallFromISR            0x0800d375   Thumb Code    48  timers.o(.text)
    xTimerPendFunctionCall                   0x0800d3a5   Thumb Code    70  timers.o(.text)
    Reset_Handler                            0x0800d3f5   Thumb Code     8  startup_stm32f40_41xxx.o(.text)
    ADC_IRQHandler                           0x0800d40f   Thumb Code     0  startup_stm32f40_41xxx.o(.text)
    CAN1_RX0_IRQHandler                      0x0800d40f   Thumb Code     0  startup_stm32f40_41xxx.o(.text)
    CAN1_RX1_IRQHandler                      0x0800d40f   Thumb Code     0  startup_stm32f40_41xxx.o(.text)
    CAN1_SCE_IRQHandler                      0x0800d40f   Thumb Code     0  startup_stm32f40_41xxx.o(.text)
    CAN1_TX_IRQHandler                       0x0800d40f   Thumb Code     0  startup_stm32f40_41xxx.o(.text)
    CAN2_RX0_IRQHandler                      0x0800d40f   Thumb Code     0  startup_stm32f40_41xxx.o(.text)
    CAN2_RX1_IRQHandler                      0x0800d40f   Thumb Code     0  startup_stm32f40_41xxx.o(.text)
    CAN2_SCE_IRQHandler                      0x0800d40f   Thumb Code     0  startup_stm32f40_41xxx.o(.text)
    CAN2_TX_IRQHandler                       0x0800d40f   Thumb Code     0  startup_stm32f40_41xxx.o(.text)
    CRYP_IRQHandler                          0x0800d40f   Thumb Code     0  startup_stm32f40_41xxx.o(.text)
    DCMI_IRQHandler                          0x0800d40f   Thumb Code     0  startup_stm32f40_41xxx.o(.text)
    DMA1_Stream0_IRQHandler                  0x0800d40f   Thumb Code     0  startup_stm32f40_41xxx.o(.text)
    DMA1_Stream1_IRQHandler                  0x0800d40f   Thumb Code     0  startup_stm32f40_41xxx.o(.text)
    DMA1_Stream2_IRQHandler                  0x0800d40f   Thumb Code     0  startup_stm32f40_41xxx.o(.text)
    DMA1_Stream3_IRQHandler                  0x0800d40f   Thumb Code     0  startup_stm32f40_41xxx.o(.text)
    DMA1_Stream4_IRQHandler                  0x0800d40f   Thumb Code     0  startup_stm32f40_41xxx.o(.text)
    DMA1_Stream5_IRQHandler                  0x0800d40f   Thumb Code     0  startup_stm32f40_41xxx.o(.text)
    DMA1_Stream6_IRQHandler                  0x0800d40f   Thumb Code     0  startup_stm32f40_41xxx.o(.text)
    DMA1_Stream7_IRQHandler                  0x0800d40f   Thumb Code     0  startup_stm32f40_41xxx.o(.text)
    DMA2_Stream0_IRQHandler                  0x0800d40f   Thumb Code     0  startup_stm32f40_41xxx.o(.text)
    DMA2_Stream1_IRQHandler                  0x0800d40f   Thumb Code     0  startup_stm32f40_41xxx.o(.text)
    DMA2_Stream2_IRQHandler                  0x0800d40f   Thumb Code     0  startup_stm32f40_41xxx.o(.text)
    DMA2_Stream3_IRQHandler                  0x0800d40f   Thumb Code     0  startup_stm32f40_41xxx.o(.text)
    DMA2_Stream4_IRQHandler                  0x0800d40f   Thumb Code     0  startup_stm32f40_41xxx.o(.text)
    DMA2_Stream5_IRQHandler                  0x0800d40f   Thumb Code     0  startup_stm32f40_41xxx.o(.text)
    DMA2_Stream6_IRQHandler                  0x0800d40f   Thumb Code     0  startup_stm32f40_41xxx.o(.text)
    DMA2_Stream7_IRQHandler                  0x0800d40f   Thumb Code     0  startup_stm32f40_41xxx.o(.text)
    ETH_IRQHandler                           0x0800d40f   Thumb Code     0  startup_stm32f40_41xxx.o(.text)
    ETH_WKUP_IRQHandler                      0x0800d40f   Thumb Code     0  startup_stm32f40_41xxx.o(.text)
    EXTI0_IRQHandler                         0x0800d40f   Thumb Code     0  startup_stm32f40_41xxx.o(.text)
    EXTI15_10_IRQHandler                     0x0800d40f   Thumb Code     0  startup_stm32f40_41xxx.o(.text)
    EXTI1_IRQHandler                         0x0800d40f   Thumb Code     0  startup_stm32f40_41xxx.o(.text)
    EXTI2_IRQHandler                         0x0800d40f   Thumb Code     0  startup_stm32f40_41xxx.o(.text)
    EXTI3_IRQHandler                         0x0800d40f   Thumb Code     0  startup_stm32f40_41xxx.o(.text)
    EXTI4_IRQHandler                         0x0800d40f   Thumb Code     0  startup_stm32f40_41xxx.o(.text)
    EXTI9_5_IRQHandler                       0x0800d40f   Thumb Code     0  startup_stm32f40_41xxx.o(.text)
    FLASH_IRQHandler                         0x0800d40f   Thumb Code     0  startup_stm32f40_41xxx.o(.text)
    FPU_IRQHandler                           0x0800d40f   Thumb Code     0  startup_stm32f40_41xxx.o(.text)
    FSMC_IRQHandler                          0x0800d40f   Thumb Code     0  startup_stm32f40_41xxx.o(.text)
    HASH_RNG_IRQHandler                      0x0800d40f   Thumb Code     0  startup_stm32f40_41xxx.o(.text)
    I2C1_ER_IRQHandler                       0x0800d40f   Thumb Code     0  startup_stm32f40_41xxx.o(.text)
    I2C1_EV_IRQHandler                       0x0800d40f   Thumb Code     0  startup_stm32f40_41xxx.o(.text)
    I2C2_ER_IRQHandler                       0x0800d40f   Thumb Code     0  startup_stm32f40_41xxx.o(.text)
    I2C2_EV_IRQHandler                       0x0800d40f   Thumb Code     0  startup_stm32f40_41xxx.o(.text)
    I2C3_ER_IRQHandler                       0x0800d40f   Thumb Code     0  startup_stm32f40_41xxx.o(.text)
    I2C3_EV_IRQHandler                       0x0800d40f   Thumb Code     0  startup_stm32f40_41xxx.o(.text)
    OTG_FS_IRQHandler                        0x0800d40f   Thumb Code     0  startup_stm32f40_41xxx.o(.text)
    OTG_FS_WKUP_IRQHandler                   0x0800d40f   Thumb Code     0  startup_stm32f40_41xxx.o(.text)
    OTG_HS_EP1_IN_IRQHandler                 0x0800d40f   Thumb Code     0  startup_stm32f40_41xxx.o(.text)
    OTG_HS_EP1_OUT_IRQHandler                0x0800d40f   Thumb Code     0  startup_stm32f40_41xxx.o(.text)
    OTG_HS_IRQHandler                        0x0800d40f   Thumb Code     0  startup_stm32f40_41xxx.o(.text)
    OTG_HS_WKUP_IRQHandler                   0x0800d40f   Thumb Code     0  startup_stm32f40_41xxx.o(.text)
    PVD_IRQHandler                           0x0800d40f   Thumb Code     0  startup_stm32f40_41xxx.o(.text)
    RCC_IRQHandler                           0x0800d40f   Thumb Code     0  startup_stm32f40_41xxx.o(.text)
    RTC_Alarm_IRQHandler                     0x0800d40f   Thumb Code     0  startup_stm32f40_41xxx.o(.text)
    RTC_WKUP_IRQHandler                      0x0800d40f   Thumb Code     0  startup_stm32f40_41xxx.o(.text)
    SDIO_IRQHandler                          0x0800d40f   Thumb Code     0  startup_stm32f40_41xxx.o(.text)
    SPI1_IRQHandler                          0x0800d40f   Thumb Code     0  startup_stm32f40_41xxx.o(.text)
    SPI2_IRQHandler                          0x0800d40f   Thumb Code     0  startup_stm32f40_41xxx.o(.text)
    SPI3_IRQHandler                          0x0800d40f   Thumb Code     0  startup_stm32f40_41xxx.o(.text)
    TAMP_STAMP_IRQHandler                    0x0800d40f   Thumb Code     0  startup_stm32f40_41xxx.o(.text)
    TIM1_BRK_TIM9_IRQHandler                 0x0800d40f   Thumb Code     0  startup_stm32f40_41xxx.o(.text)
    TIM1_CC_IRQHandler                       0x0800d40f   Thumb Code     0  startup_stm32f40_41xxx.o(.text)
    TIM1_TRG_COM_TIM11_IRQHandler            0x0800d40f   Thumb Code     0  startup_stm32f40_41xxx.o(.text)
    TIM1_UP_TIM10_IRQHandler                 0x0800d40f   Thumb Code     0  startup_stm32f40_41xxx.o(.text)
    TIM2_IRQHandler                          0x0800d40f   Thumb Code     0  startup_stm32f40_41xxx.o(.text)
    TIM3_IRQHandler                          0x0800d40f   Thumb Code     0  startup_stm32f40_41xxx.o(.text)
    TIM7_IRQHandler                          0x0800d40f   Thumb Code     0  startup_stm32f40_41xxx.o(.text)
    TIM8_BRK_TIM12_IRQHandler                0x0800d40f   Thumb Code     0  startup_stm32f40_41xxx.o(.text)
    TIM8_CC_IRQHandler                       0x0800d40f   Thumb Code     0  startup_stm32f40_41xxx.o(.text)
    TIM8_TRG_COM_TIM14_IRQHandler            0x0800d40f   Thumb Code     0  startup_stm32f40_41xxx.o(.text)
    TIM8_UP_TIM13_IRQHandler                 0x0800d40f   Thumb Code     0  startup_stm32f40_41xxx.o(.text)
    UART4_IRQHandler                         0x0800d40f   Thumb Code     0  startup_stm32f40_41xxx.o(.text)
    UART5_IRQHandler                         0x0800d40f   Thumb Code     0  startup_stm32f40_41xxx.o(.text)
    USART3_IRQHandler                        0x0800d40f   Thumb Code     0  startup_stm32f40_41xxx.o(.text)
    USART6_IRQHandler                        0x0800d40f   Thumb Code     0  startup_stm32f40_41xxx.o(.text)
    WWDG_IRQHandler                          0x0800d40f   Thumb Code     0  startup_stm32f40_41xxx.o(.text)
    __user_initial_stackheap                 0x0800d411   Thumb Code     0  startup_stm32f40_41xxx.o(.text)
    pvPortMalloc                             0x0800d4f7   Thumb Code   262  heap_4.o(.text)
    vPortFree                                0x0800d5fd   Thumb Code   120  heap_4.o(.text)
    xPortGetFreeHeapSize                     0x0800d675   Thumb Code     6  heap_4.o(.text)
    xPortGetMinimumEverFreeHeapSize          0x0800d67b   Thumb Code     6  heap_4.o(.text)
    vPortInitialiseBlocks                    0x0800d681   Thumb Code     2  heap_4.o(.text)
    pxPortInitialiseStack                    0x0800d707   Thumb Code    38  port.o(.text)
    vPortSetupTimerInterrupt                 0x0800d72d   Thumb Code    26  port.o(.text)
    xPortStartScheduler                      0x0800d747   Thumb Code   258  port.o(.text)
    vPortEndScheduler                        0x0800d849   Thumb Code    34  port.o(.text)
    vPortEnterCritical                       0x0800d86b   Thumb Code    70  port.o(.text)
    vPortExitCritical                        0x0800d8b1   Thumb Code    48  port.o(.text)
    xPortSysTickHandler                      0x0800d8e1   Thumb Code    48  port.o(.text)
    vPortValidateInterruptPriority           0x0800d911   Thumb Code    88  port.o(.text)
    __use_no_semihosting                     0x0800d9c9   Thumb Code     2  use_no_semi_2.o(.text)
    __2printf                                0x0800d9cd   Thumb Code    20  noretval__2printf.o(.text)
    __2sprintf                               0x0800d9e5   Thumb Code    34  noretval__2sprintf.o(.text)
    _printf_str                              0x0800da0d   Thumb Code    82  _printf_str.o(.text)
    _printf_int_dec                          0x0800da61   Thumb Code   100  _printf_dec.o(.text)
    __printf                                 0x0800dad5   Thumb Code   270  __printf_wp.o(.text)
    strcpy                                   0x0800dbe3   Thumb Code    72  strcpy.o(.text)
    strlen                                   0x0800dc2b   Thumb Code    62  strlen.o(.text)
    __aeabi_memcpy                           0x0800dc69   Thumb Code     0  rt_memcpy_v6.o(.text)
    __rt_memcpy                              0x0800dc69   Thumb Code   138  rt_memcpy_v6.o(.text)
    _memcpy_lastbytes                        0x0800dccf   Thumb Code     0  rt_memcpy_v6.o(.text)
    __aeabi_memset                           0x0800dcf3   Thumb Code    16  aeabi_memset.o(.text)
    __use_two_region_memory                  0x0800dd03   Thumb Code     2  heapauxi.o(.text)
    __rt_heap_escrow$2region                 0x0800dd05   Thumb Code     2  heapauxi.o(.text)
    __rt_heap_expand$2region                 0x0800dd07   Thumb Code     2  heapauxi.o(.text)
    __I$use$semihosting                      0x0800dd09   Thumb Code     0  use_no_semi.o(.text)
    __use_no_semihosting_swi                 0x0800dd09   Thumb Code     2  use_no_semi.o(.text)
    __read_errno                             0x0800dd0b   Thumb Code    10  _rserrno.o(.text)
    __set_errno                              0x0800dd15   Thumb Code    12  _rserrno.o(.text)
    _printf_int_common                       0x0800dd21   Thumb Code   178  _printf_intcommon.o(.text)
    __lib_sel_fp_printf                      0x0800ddd3   Thumb Code     2  _printf_fp_dec.o(.text)
    _printf_fp_dec_real                      0x0800df81   Thumb Code   616  _printf_fp_dec.o(.text)
    _printf_char_common                      0x0800e1f3   Thumb Code    32  _printf_char_common.o(.text)
    _sputc                                   0x0800e219   Thumb Code    10  _sputc.o(.text)
    _printf_cs_common                        0x0800e223   Thumb Code    20  _printf_char.o(.text)
    _printf_char                             0x0800e237   Thumb Code    16  _printf_char.o(.text)
    _printf_string                           0x0800e247   Thumb Code     8  _printf_char.o(.text)
    _printf_char_file                        0x0800e251   Thumb Code    32  _printf_char_file.o(.text)
    __aeabi_memcpy4                          0x0800e275   Thumb Code     0  rt_memcpy_w.o(.text)
    __aeabi_memcpy8                          0x0800e275   Thumb Code     0  rt_memcpy_w.o(.text)
    __rt_memcpy_w                            0x0800e275   Thumb Code   100  rt_memcpy_w.o(.text)
    _memcpy_lastbytes_aligned                0x0800e2bd   Thumb Code     0  rt_memcpy_w.o(.text)
    __aeabi_memclr                           0x0800e2d9   Thumb Code     0  rt_memclr.o(.text)
    __rt_memclr                              0x0800e2d9   Thumb Code    68  rt_memclr.o(.text)
    _memset                                  0x0800e2dd   Thumb Code     0  rt_memclr.o(.text)
    __rt_locale                              0x0800e31d   Thumb Code     8  rt_locale_intlibspace.o(.text)
    __aeabi_errno_addr                       0x0800e325   Thumb Code     8  rt_errno_addr_intlibspace.o(.text)
    __errno$intlibspace                      0x0800e325   Thumb Code     0  rt_errno_addr_intlibspace.o(.text)
    __rt_errno_addr$intlibspace              0x0800e325   Thumb Code     0  rt_errno_addr_intlibspace.o(.text)
    _ll_udiv10                               0x0800e32d   Thumb Code   138  lludiv10.o(.text)
    _printf_fp_infnan                        0x0800e3b9   Thumb Code   112  _printf_fp_infnan.o(.text)
    _btod_etento                             0x0800e439   Thumb Code   212  bigflt0.o(.text)
    ferror                                   0x0800e511   Thumb Code     8  ferror.o(.text)
    __aeabi_memclr4                          0x0800e519   Thumb Code     0  rt_memclr_w.o(.text)
    __aeabi_memclr8                          0x0800e519   Thumb Code     0  rt_memclr_w.o(.text)
    __rt_memclr_w                            0x0800e519   Thumb Code    78  rt_memclr_w.o(.text)
    _memset_w                                0x0800e51d   Thumb Code     0  rt_memclr_w.o(.text)
    __user_libspace                          0x0800e569   Thumb Code     8  libspace.o(.text)
    __user_perproc_libspace                  0x0800e569   Thumb Code     0  libspace.o(.text)
    __user_perthread_libspace                0x0800e569   Thumb Code     0  libspace.o(.text)
    __user_setup_stackheap                   0x0800e571   Thumb Code    74  sys_stackheap_outer.o(.text)
    exit                                     0x0800e5bb   Thumb Code    12  exit.o(.text)
    strcmp                                   0x0800e5c9   Thumb Code   128  strcmpv7m.o(.text)
    _btod_d2e                                0x0800e649   Thumb Code    62  btod.o(CL$$btod_d2e)
    _d2e_denorm_low                          0x0800e687   Thumb Code    70  btod.o(CL$$btod_d2e_denorm_low)
    _d2e_norm_op1                            0x0800e6cd   Thumb Code    96  btod.o(CL$$btod_d2e_norm_op1)
    __btod_div_common                        0x0800e72d   Thumb Code   696  btod.o(CL$$btod_div_common)
    _e2e                                     0x0800ea65   Thumb Code   198  btod.o(CL$$btod_e2e)
    _btod_ediv                               0x0800eb2b   Thumb Code    40  btod.o(CL$$btod_ediv)
    _btod_emul                               0x0800eb53   Thumb Code    40  btod.o(CL$$btod_emul)
    __btod_mult_common                       0x0800eb7b   Thumb Code   580  btod.o(CL$$btod_mult_common)
    __ARM_fpclassify                         0x0800edbf   Thumb Code    48  fpclassify.o(i.__ARM_fpclassify)
    __hardfp_asin                            0x0800edf1   Thumb Code   770  asin.o(i.__hardfp_asin)
    __hardfp_atan                            0x0800f161   Thumb Code   632  atan.o(i.__hardfp_atan)
    __hardfp_atan2                           0x0800f441   Thumb Code   426  atan2.o(i.__hardfp_atan2)
    __hardfp_cos                             0x0800f631   Thumb Code   200  cos.o(i.__hardfp_cos)
    __hardfp_sin                             0x0800f709   Thumb Code   200  sin.o(i.__hardfp_sin)
    __ieee754_rem_pio2                       0x0800f7e1   Thumb Code   938  rred.o(i.__ieee754_rem_pio2)
    __kernel_cos                             0x0800fc19   Thumb Code   322  cos_i.o(i.__kernel_cos)
    __kernel_poly                            0x0800fd89   Thumb Code   248  poly.o(i.__kernel_poly)
    __kernel_sin                             0x0800fe81   Thumb Code   280  sin_i.o(i.__kernel_sin)
    __mathlib_dbl_underflow                  0x0800ffb1   Thumb Code    24  dunder.o(i.__mathlib_dbl_underflow)
    _is_digit                                0x0800ffd1   Thumb Code    14  __printf_wp.o(i._is_digit)
    atan                                     0x0800ffdf   Thumb Code    16  atan.o(i.atan)
    fabs                                     0x0800ffef   Thumb Code    24  fabs.o(i.fabs)
    sqrt                                     0x08010007   Thumb Code   110  sqrt.o(i.sqrt)
    _get_lc_numeric                          0x08010075   Thumb Code    44  lc_numeric_c.o(locale$$code)
    __aeabi_dneg                             0x080100a1   Thumb Code     0  basic.o(x$fpl$basic)
    _dneg                                    0x080100a1   Thumb Code     6  basic.o(x$fpl$basic)
    __aeabi_fneg                             0x080100a7   Thumb Code     0  basic.o(x$fpl$basic)
    _fneg                                    0x080100a7   Thumb Code     6  basic.o(x$fpl$basic)
    _dabs                                    0x080100ad   Thumb Code     6  basic.o(x$fpl$basic)
    _fabs                                    0x080100b3   Thumb Code     6  basic.o(x$fpl$basic)
    __aeabi_d2f                              0x080100b9   Thumb Code     0  d2f.o(x$fpl$d2f)
    _d2f                                     0x080100b9   Thumb Code    98  d2f.o(x$fpl$d2f)
    __aeabi_dadd                             0x0801011d   Thumb Code     0  daddsub_clz.o(x$fpl$dadd)
    _dadd                                    0x0801011d   Thumb Code   332  daddsub_clz.o(x$fpl$dadd)
    __aeabi_ddiv                             0x0801026d   Thumb Code     0  ddiv.o(x$fpl$ddiv)
    _ddiv                                    0x0801026d   Thumb Code   552  ddiv.o(x$fpl$ddiv)
    __aeabi_d2iz                             0x0801051d   Thumb Code     0  dfix.o(x$fpl$dfix)
    _dfix                                    0x0801051d   Thumb Code    94  dfix.o(x$fpl$dfix)
    __aeabi_i2d                              0x0801057b   Thumb Code     0  dflt_clz.o(x$fpl$dflt)
    _dflt                                    0x0801057b   Thumb Code    46  dflt_clz.o(x$fpl$dflt)
    __aeabi_ui2d                             0x080105a9   Thumb Code     0  dflt_clz.o(x$fpl$dfltu)
    _dfltu                                   0x080105a9   Thumb Code    38  dflt_clz.o(x$fpl$dfltu)
    __aeabi_dmul                             0x080105d1   Thumb Code     0  dmul.o(x$fpl$dmul)
    _dmul                                    0x080105d1   Thumb Code   332  dmul.o(x$fpl$dmul)
    __fpl_dnaninf                            0x08010725   Thumb Code   156  dnaninf.o(x$fpl$dnaninf)
    __fpl_dretinf                            0x080107c1   Thumb Code    12  dretinf.o(x$fpl$dretinf)
    __aeabi_drsub                            0x080107cd   Thumb Code     0  daddsub_clz.o(x$fpl$drsb)
    _drsb                                    0x080107cd   Thumb Code    22  daddsub_clz.o(x$fpl$drsb)
    _dsqrt                                   0x080107e5   Thumb Code   404  dsqrt_umaal.o(x$fpl$dsqrt)
    __aeabi_dsub                             0x0801097d   Thumb Code     0  daddsub_clz.o(x$fpl$dsub)
    _dsub                                    0x0801097d   Thumb Code   464  daddsub_clz.o(x$fpl$dsub)
    __aeabi_f2d                              0x08010b51   Thumb Code     0  f2d.o(x$fpl$f2d)
    _f2d                                     0x08010b51   Thumb Code    86  f2d.o(x$fpl$f2d)
    __fpl_fnaninf                            0x08010ba7   Thumb Code   140  fnaninf.o(x$fpl$fnaninf)
    _fp_init                                 0x08010c33   Thumb Code    10  fpinit.o(x$fpl$fpinit)
    __fplib_config_fpu_vfp                   0x08010c3b   Thumb Code     0  fpinit.o(x$fpl$fpinit)
    __fplib_config_pureend_doubles           0x08010c3b   Thumb Code     0  fpinit.o(x$fpl$fpinit)
    __fpl_fretinf                            0x08010c3d   Thumb Code    10  fretinf.o(x$fpl$fretinf)
    _printf_fp_dec                           0x08010c47   Thumb Code     4  printf1.o(x$fpl$printf1)
    __I$use$fp                               0x08010c4a   Number         0  usenofp.o(x$fpl$usenofp)
    char_1206                                0x08010c4a   Data        1140  lcd.o(.constdata)
    char_1608                                0x080110be   Data        1520  lcd.o(.constdata)
    char_2412                                0x080116ae   Data        3420  lcd.o(.constdata)
    FSMC_DefaultTimingStruct                 0x0801240c   Data          28  stm32f4xx_fsmc.o(.constdata)
    __mathlib_zero                           0x08012540   Data           8  qnan.o(.constdata)
    Region$$Table$$Base                      0x080126cc   Number         0  anon$$obj.o(Region$$Table)
    Region$$Table$$Limit                     0x080126ec   Number         0  anon$$obj.o(Region$$Table)
    Debug                                    0x20000000   Data           1  main.o(.data)
    tasknum                                  0x20000001   Data           1  main.o(.data)
    use_freertos                             0x20000002   Data           1  main.o(.data)
    test_flag                                0x20000003   Data           1  main.o(.data)
    SystemCoreClock                          0x20000004   Data           4  system_stm32f4xx.o(.data)
    AHBPrescTable                            0x20000008   Data          16  system_stm32f4xx.o(.data)
    START                                    0x20000018   Data           1  app.o(.data)
    USART_IN_BinarySemaphore                 0x2000001c   Data           4  app.o(.data)
    USART_OUT_BinarySemaphore                0x20000020   Data           4  app.o(.data)
    LEDtask_Handler                          0x20000024   Data           4  app.o(.data)
    KEY1_CountSemaphore                      0x20000028   Data           4  app.o(.data)
    KEY2_CountSemaphore                      0x2000002c   Data           4  app.o(.data)
    KEY3_CountSemaphore                      0x20000030   Data           4  app.o(.data)
    KEY4_CountSemaphore                      0x20000034   Data           4  app.o(.data)
    BEEP_CountSemaphore                      0x20000038   Data           4  app.o(.data)
    LED_CountSemaphore                       0x2000003c   Data           4  app.o(.data)
    DataINtask_Handler                       0x20000040   Data           4  app.o(.data)
    DataOUTtask_Handler                      0x20000044   Data           4  app.o(.data)
    KEYtask_Handler                          0x20000048   Data           4  app.o(.data)
    ENDtask_Handler                          0x2000004c   Data           4  app.o(.data)
    BEEPtask_Handler                         0x20000050   Data           4  app.o(.data)
    LED1task_Handler                         0x20000054   Data           4  app.o(.data)
    Starttask_Handler                        0x20000058   Data           4  app.o(.data)
    exp_Angle                                0x2000005c   Data           8  function.o(.data)
    current_Angle                            0x20000064   Data           8  function.o(.data)
    Task1task_Handler                        0x2000006c   Data           4  task1.o(.data)
    i_1                                      0x20000070   Data           1  task1.o(.data)
    q_1                                      0x20000071   Data           1  task1.o(.data)
    YON                                      0x20000072   Data           1  task1.o(.data)
    XON                                      0x20000073   Data           1  task1.o(.data)
    Task2task_Handler                        0x20000078   Data           4  task2.o(.data)
    i_2                                      0x2000007c   Data           1  task2.o(.data)
    q_2                                      0x2000007d   Data           1  task2.o(.data)
    Task3task_Handler                        0x20000084   Data           4  task3.o(.data)
    i_3                                      0x20000088   Data           1  task3.o(.data)
    q_3                                      0x20000089   Data           1  task3.o(.data)
    ex                                       0x2000008a   Data           1  task3.o(.data)
    ey                                       0x2000008b   Data           1  task3.o(.data)
    Task4task_Handler                        0x2000008c   Data           4  task4.o(.data)
    __stdout                                 0x20000094   Data           4  usart.o(.data)
    USART_RX_STA                             0x20000098   Data           2  usart.o(.data)
    USART_RX_STA2                            0x2000009a   Data           2  usart2.o(.data)
    g_Period_TIM1                            0x2000009c   Data           2  pwmout8.o(.data)
    g_Period_TIM3                            0x2000009e   Data           2  pwmout8.o(.data)
    NEED_FULLPWM                             0x200000a0   Data           1  pwmin.o(.data)
    Yes                                      0x200000a1   Data           1  pwmin.o(.data)
    ring_on                                  0x200000aa   Data           1  beed.o(.data)
    ring_off                                 0x200000ab   Data           1  beed.o(.data)
    BRUSH_COLOR                              0x200000ac   Data           2  lcd.o(.data)
    BACK_COLOR                               0x200000ae   Data           2  lcd.o(.data)
    lcd_id                                   0x200000b0   Data           2  lcd.o(.data)
    dir_flag                                 0x200000b2   Data           1  lcd.o(.data)
    lcd_width                                0x200000b4   Data           2  lcd.o(.data)
    lcd_height                               0x200000b6   Data           2  lcd.o(.data)
    write_gramcmd                            0x200000b8   Data           2  lcd.o(.data)
    setxcmd                                  0x200000ba   Data           2  lcd.o(.data)
    setycmd                                  0x200000bc   Data           2  lcd.o(.data)
    TIMER_BinarySemaphore                    0x200000c0   Data           4  timer.o(.data)
    Kp                                       0x200000c4   Data           4  attitude.o(.data)
    Ki                                       0x200000c8   Data           4  attitude.o(.data)
    q0                                       0x200000cc   Data           4  attitude.o(.data)
    q1                                       0x200000d0   Data           4  attitude.o(.data)
    q2                                       0x200000d4   Data           4  attitude.o(.data)
    q3                                       0x200000d8   Data           4  attitude.o(.data)
    exInt                                    0x200000dc   Data           4  attitude.o(.data)
    eyInt                                    0x200000e0   Data           4  attitude.o(.data)
    ezInt                                    0x200000e4   Data           4  attitude.o(.data)
    r                                        0x200000e8   Data           2  pid.o(.data)
    IE                                       0x200000ec   Data           4  pid.o(.data)
    DE                                       0x200000f0   Data           4  pid.o(.data)
    X_P                                      0x200000f4   Data           4  pid.o(.data)
    X_I                                      0x200000f8   Data           4  pid.o(.data)
    X_D                                      0x200000fc   Data           4  pid.o(.data)
    Xe                                       0x20000100   Data           4  pid.o(.data)
    Xe_1                                     0x20000104   Data           4  pid.o(.data)
    XIerror                                  0x20000108   Data           4  pid.o(.data)
    Y_P                                      0x2000010c   Data           4  pid.o(.data)
    Y_I                                      0x20000110   Data           4  pid.o(.data)
    Y_D                                      0x20000114   Data           4  pid.o(.data)
    Ye                                       0x20000118   Data           4  pid.o(.data)
    Ye_1                                     0x2000011c   Data           4  pid.o(.data)
    YIerror                                  0x20000120   Data           4  pid.o(.data)
    pxCurrentTCB                             0x20000134   Data           4  tasks.o(.data)
    USART_RX_BUF                             0x200001a8   Data         200  usart.o(.bss)
    USART_RX_BUF2                            0x20000270   Data         200  usart2.o(.bss)
    CH1                                      0x20000338   Data          52  pwmin.o(.bss)
    CH2                                      0x2000036c   Data          52  pwmin.o(.bss)
    CH3                                      0x200003a0   Data          52  pwmin.o(.bss)
    CH4                                      0x200003d4   Data          52  pwmin.o(.bss)
    CH5                                      0x20000408   Data          52  pwmin.o(.bss)
    CH6                                      0x2000043c   Data          52  pwmin.o(.bss)
    CH7                                      0x20000470   Data          52  pwmin.o(.bss)
    CH8                                      0x200004a4   Data          52  pwmin.o(.bss)
    PWMCH1                                   0x200004d8   Data          16  pwmin.o(.bss)
    PWMCH2                                   0x200004e8   Data          16  pwmin.o(.bss)
    PWMCH3                                   0x200004f8   Data          16  pwmin.o(.bss)
    PWMCH4                                   0x20000508   Data          16  pwmin.o(.bss)
    PWMCH5                                   0x20000518   Data          16  pwmin.o(.bss)
    PWMCH6                                   0x20000528   Data          16  pwmin.o(.bss)
    PWMCH7                                   0x20000538   Data          16  pwmin.o(.bss)
    PWMCH8                                   0x20000548   Data          16  pwmin.o(.bss)
    MPU_Offset                               0x20000558   Data          44  mpu6050.o(.bss)
    xQueueRegistry                           0x20000584   Data          64  queue.o(.bss)
    __libspace_start                         0x200058d0   Data          96  libspace.o(.bss)
    __temporary_stack_top$libspace           0x20005930   Data           0  libspace.o(.bss)



==============================================================================

Memory Map of the image

  Image Entry point : 0x08000189

  Load Region LR_IROM1 (Base: 0x08000000, Size: 0x000128b0, Max: 0x00100000, ABSOLUTE, COMPRESSED[0x00012768])

    Execution Region ER_IROM1 (Base: 0x08000000, Size: 0x00012708, Max: 0x00100000, ABSOLUTE)

    Base Addr    Size         Type   Attr      Idx    E Section Name        Object

    0x08000000   0x00000188   Data   RO         1799    RESET               startup_stm32f40_41xxx.o
    0x08000188   0x00000008   Code   RO         1919  * !!!main             c_w.l(__main.o)
    0x08000190   0x00000034   Code   RO         2294    !!!scatter          c_w.l(__scatter.o)
    0x080001c4   0x0000005a   Code   RO         2292    !!dczerorl2         c_w.l(__dczerorl2.o)
    0x0800021e   0x00000002   PAD
    0x08000220   0x0000001c   Code   RO         2296    !!handler_zi        c_w.l(__scatter_zi.o)
    0x0800023c   0x00000000   Code   RO         1908    .ARM.Collect$$_printf_percent$$00000000  c_w.l(_printf_percent.o)
    0x0800023c   0x00000006   Code   RO         1907    .ARM.Collect$$_printf_percent$$00000003  c_w.l(_printf_f.o)
    0x08000242   0x00000006   Code   RO         1905    .ARM.Collect$$_printf_percent$$00000009  c_w.l(_printf_d.o)
    0x08000248   0x00000006   Code   RO         1906    .ARM.Collect$$_printf_percent$$0000000A  c_w.l(_printf_u.o)
    0x0800024e   0x00000006   Code   RO         1903    .ARM.Collect$$_printf_percent$$00000013  c_w.l(_printf_c.o)
    0x08000254   0x00000006   Code   RO         1904    .ARM.Collect$$_printf_percent$$00000014  c_w.l(_printf_s.o)
    0x0800025a   0x00000004   Code   RO         2010    .ARM.Collect$$_printf_percent$$00000017  c_w.l(_printf_percent_end.o)
    0x0800025e   0x00000002   Code   RO         2170    .ARM.Collect$$libinit$$00000000  c_w.l(libinit.o)
    0x08000260   0x00000004   Code   RO         2171    .ARM.Collect$$libinit$$00000001  c_w.l(libinit2.o)
    0x08000264   0x00000000   Code   RO         2175    .ARM.Collect$$libinit$$00000008  c_w.l(libinit2.o)
    0x08000264   0x00000000   Code   RO         2177    .ARM.Collect$$libinit$$0000000A  c_w.l(libinit2.o)
    0x08000264   0x00000000   Code   RO         2179    .ARM.Collect$$libinit$$0000000C  c_w.l(libinit2.o)
    0x08000264   0x00000006   Code   RO         2180    .ARM.Collect$$libinit$$0000000D  c_w.l(libinit2.o)
    0x0800026a   0x00000000   Code   RO         2182    .ARM.Collect$$libinit$$0000000F  c_w.l(libinit2.o)
    0x0800026a   0x00000000   Code   RO         2184    .ARM.Collect$$libinit$$00000011  c_w.l(libinit2.o)
    0x0800026a   0x00000000   Code   RO         2186    .ARM.Collect$$libinit$$00000013  c_w.l(libinit2.o)
    0x0800026a   0x0000000a   Code   RO         2187    .ARM.Collect$$libinit$$00000014  c_w.l(libinit2.o)
    0x08000274   0x00000000   Code   RO         2188    .ARM.Collect$$libinit$$00000015  c_w.l(libinit2.o)
    0x08000274   0x00000000   Code   RO         2190    .ARM.Collect$$libinit$$00000017  c_w.l(libinit2.o)
    0x08000274   0x00000000   Code   RO         2192    .ARM.Collect$$libinit$$00000019  c_w.l(libinit2.o)
    0x08000274   0x00000000   Code   RO         2194    .ARM.Collect$$libinit$$0000001B  c_w.l(libinit2.o)
    0x08000274   0x00000000   Code   RO         2196    .ARM.Collect$$libinit$$0000001D  c_w.l(libinit2.o)
    0x08000274   0x00000000   Code   RO         2198    .ARM.Collect$$libinit$$0000001F  c_w.l(libinit2.o)
    0x08000274   0x00000000   Code   RO         2200    .ARM.Collect$$libinit$$00000021  c_w.l(libinit2.o)
    0x08000274   0x00000000   Code   RO         2202    .ARM.Collect$$libinit$$00000023  c_w.l(libinit2.o)
    0x08000274   0x00000000   Code   RO         2206    .ARM.Collect$$libinit$$0000002A  c_w.l(libinit2.o)
    0x08000274   0x00000000   Code   RO         2208    .ARM.Collect$$libinit$$0000002C  c_w.l(libinit2.o)
    0x08000274   0x00000000   Code   RO         2210    .ARM.Collect$$libinit$$0000002E  c_w.l(libinit2.o)
    0x08000274   0x00000000   Code   RO         2212    .ARM.Collect$$libinit$$00000030  c_w.l(libinit2.o)
    0x08000274   0x00000002   Code   RO         2213    .ARM.Collect$$libinit$$00000031  c_w.l(libinit2.o)
    0x08000276   0x00000002   Code   RO         2243    .ARM.Collect$$libshutdown$$00000000  c_w.l(libshutdown.o)
    0x08000278   0x00000000   Code   RO         2253    .ARM.Collect$$libshutdown$$00000003  c_w.l(libshutdown2.o)
    0x08000278   0x00000000   Code   RO         2256    .ARM.Collect$$libshutdown$$00000006  c_w.l(libshutdown2.o)
    0x08000278   0x00000000   Code   RO         2259    .ARM.Collect$$libshutdown$$00000009  c_w.l(libshutdown2.o)
    0x08000278   0x00000000   Code   RO         2261    .ARM.Collect$$libshutdown$$0000000B  c_w.l(libshutdown2.o)
    0x08000278   0x00000000   Code   RO         2264    .ARM.Collect$$libshutdown$$0000000E  c_w.l(libshutdown2.o)
    0x08000278   0x00000002   Code   RO         2265    .ARM.Collect$$libshutdown$$0000000F  c_w.l(libshutdown2.o)
    0x0800027a   0x00000000   Code   RO         1995    .ARM.Collect$$rtentry$$00000000  c_w.l(rtentry.o)
    0x0800027a   0x00000000   Code   RO         2076    .ARM.Collect$$rtentry$$00000002  c_w.l(rtentry2.o)
    0x0800027a   0x00000006   Code   RO         2088    .ARM.Collect$$rtentry$$00000004  c_w.l(rtentry4.o)
    0x08000280   0x00000000   Code   RO         2078    .ARM.Collect$$rtentry$$00000009  c_w.l(rtentry2.o)
    0x08000280   0x00000004   Code   RO         2079    .ARM.Collect$$rtentry$$0000000A  c_w.l(rtentry2.o)
    0x08000284   0x00000000   Code   RO         2081    .ARM.Collect$$rtentry$$0000000C  c_w.l(rtentry2.o)
    0x08000284   0x00000008   Code   RO         2082    .ARM.Collect$$rtentry$$0000000D  c_w.l(rtentry2.o)
    0x0800028c   0x00000002   Code   RO         2216    .ARM.Collect$$rtexit$$00000000  c_w.l(rtexit.o)
    0x0800028e   0x00000000   Code   RO         2223    .ARM.Collect$$rtexit$$00000002  c_w.l(rtexit2.o)
    0x0800028e   0x00000004   Code   RO         2224    .ARM.Collect$$rtexit$$00000003  c_w.l(rtexit2.o)
    0x08000292   0x00000006   Code   RO         2225    .ARM.Collect$$rtexit$$00000004  c_w.l(rtexit2.o)
    0x08000298   0x000000b6   Code   RO         1829    .emb_text           port.o
    0x0800034e   0x00000002   PAD
    0x08000350   0x0000069c   Code   RO            3    .text               main.o
    0x080009ec   0x00000014   Code   RO          244    .text               stm32f4xx_it.o
    0x08000a00   0x00000210   Code   RO          267    .text               system_stm32f4xx.o
    0x08000c10   0x00001244   Code   RO          293    .text               app.o
    0x08001e54   0x00000268   Code   RO          377    .text               function.o
    0x080020bc   0x0000077c   Code   RO          418    .text               task1.o
    0x08002838   0x000006d8   Code   RO          446    .text               task2.o
    0x08002f10   0x0000040c   Code   RO          470    .text               task3.o
    0x0800331c   0x000001fc   Code   RO          494    .text               task4.o
    0x08003518   0x000000ec   Code   RO          518    .text               delay.o
    0x08003604   0x000001a4   Code   RO          558    .text               usart.o
    0x080037a8   0x00000188   Code   RO          593    .text               usart2.o
    0x08003930   0x00000320   Code   RO          621    .text               gpio.o
    0x08003c50   0x000003ec   Code   RO          644    .text               pwmout8.o
    0x0800403c   0x00000264   Code   RO          667    .text               myiic.o
    0x080042a0   0x00001cfc   Code   RO          690    .text               pwmin.o
    0x08005f9c   0x00000058   Code   RO          717    .text               led.o
    0x08005ff4   0x00000144   Code   RO          737    .text               key.o
    0x08006138   0x00000110   Code   RO          757    .text               beed.o
    0x08006248   0x00000618   Code   RO          780    .text               mpu6050.o
    0x08006860   0x000012e0   Code   RO          806    .text               lcd.o
    0x08007b40   0x000000d8   Code   RO          839    .text               timer.o
    0x08007c18   0x000004d4   Code   RO          863    .text               attitude.o
    0x080080ec   0x000004e4   Code   RO          889    .text               pid.o
    0x080085d0   0x000000e0   Code   RO          915    .text               misc.o
    0x080086b0   0x00000110   Code   RO         1178    .text               stm32f4xx_exti.o
    0x080087c0   0x000005c8   Code   RO         1241    .text               stm32f4xx_fsmc.o
    0x08008d88   0x00000294   Code   RO         1264    .text               stm32f4xx_gpio.o
    0x0800901c   0x0000065c   Code   RO         1427    .text               stm32f4xx_rcc.o
    0x08009678   0x00000094   Code   RO         1552    .text               stm32f4xx_syscfg.o
    0x0800970c   0x00000ca2   Code   RO         1572    .text               stm32f4xx_tim.o
    0x0800a3ae   0x00000002   PAD
    0x0800a3b0   0x00000454   Code   RO         1592    .text               stm32f4xx_usart.o
    0x0800a804   0x00000094   Code   RO         1691    .text               list.o
    0x0800a898   0x00000d10   Code   RO         1711    .text               queue.o
    0x0800b5a8   0x0000180c   Code   RO         1737    .text               tasks.o
    0x0800cdb4   0x00000640   Code   RO         1776    .text               timers.o
    0x0800d3f4   0x00000040   Code   RO         1800    .text               startup_stm32f40_41xxx.o
    0x0800d434   0x000002a0   Code   RO         1806    .text               heap_4.o
    0x0800d6d4   0x000002f4   Code   RO         1830    .text               port.o
    0x0800d9c8   0x00000002   Code   RO         1867    .text               c_w.l(use_no_semi_2.o)
    0x0800d9ca   0x00000002   PAD
    0x0800d9cc   0x00000018   Code   RO         1873    .text               c_w.l(noretval__2printf.o)
    0x0800d9e4   0x00000028   Code   RO         1875    .text               c_w.l(noretval__2sprintf.o)
    0x0800da0c   0x00000052   Code   RO         1879    .text               c_w.l(_printf_str.o)
    0x0800da5e   0x00000002   PAD
    0x0800da60   0x00000074   Code   RO         1881    .text               c_w.l(_printf_dec.o)
    0x0800dad4   0x0000010e   Code   RO         1891    .text               c_w.l(__printf_wp.o)
    0x0800dbe2   0x00000048   Code   RO         1909    .text               c_w.l(strcpy.o)
    0x0800dc2a   0x0000003e   Code   RO         1911    .text               c_w.l(strlen.o)
    0x0800dc68   0x0000008a   Code   RO         1913    .text               c_w.l(rt_memcpy_v6.o)
    0x0800dcf2   0x00000010   Code   RO         1915    .text               c_w.l(aeabi_memset.o)
    0x0800dd02   0x00000006   Code   RO         1917    .text               c_w.l(heapauxi.o)
    0x0800dd08   0x00000002   Code   RO         1993    .text               c_w.l(use_no_semi.o)
    0x0800dd0a   0x00000016   Code   RO         1996    .text               c_w.l(_rserrno.o)
    0x0800dd20   0x000000b2   Code   RO         1998    .text               c_w.l(_printf_intcommon.o)
    0x0800ddd2   0x00000416   Code   RO         2000    .text               c_w.l(_printf_fp_dec.o)
    0x0800e1e8   0x00000030   Code   RO         2002    .text               c_w.l(_printf_char_common.o)
    0x0800e218   0x0000000a   Code   RO         2004    .text               c_w.l(_sputc.o)
    0x0800e222   0x0000002c   Code   RO         2006    .text               c_w.l(_printf_char.o)
    0x0800e24e   0x00000002   PAD
    0x0800e250   0x00000024   Code   RO         2008    .text               c_w.l(_printf_char_file.o)
    0x0800e274   0x00000064   Code   RO         2011    .text               c_w.l(rt_memcpy_w.o)
    0x0800e2d8   0x00000044   Code   RO         2013    .text               c_w.l(rt_memclr.o)
    0x0800e31c   0x00000008   Code   RO         2093    .text               c_w.l(rt_locale_intlibspace.o)
    0x0800e324   0x00000008   Code   RO         2098    .text               c_w.l(rt_errno_addr_intlibspace.o)
    0x0800e32c   0x0000008a   Code   RO         2100    .text               c_w.l(lludiv10.o)
    0x0800e3b6   0x00000002   PAD
    0x0800e3b8   0x00000080   Code   RO         2102    .text               c_w.l(_printf_fp_infnan.o)
    0x0800e438   0x000000d8   Code   RO         2106    .text               c_w.l(bigflt0.o)
    0x0800e510   0x00000008   Code   RO         2131    .text               c_w.l(ferror.o)
    0x0800e518   0x0000004e   Code   RO         2138    .text               c_w.l(rt_memclr_w.o)
    0x0800e566   0x00000002   PAD
    0x0800e568   0x00000008   Code   RO         2156    .text               c_w.l(libspace.o)
    0x0800e570   0x0000004a   Code   RO         2159    .text               c_w.l(sys_stackheap_outer.o)
    0x0800e5ba   0x0000000c   Code   RO         2161    .text               c_w.l(exit.o)
    0x0800e5c6   0x00000002   PAD
    0x0800e5c8   0x00000080   Code   RO         2163    .text               c_w.l(strcmpv7m.o)
    0x0800e648   0x0000003e   Code   RO         2109    CL$$btod_d2e        c_w.l(btod.o)
    0x0800e686   0x00000046   Code   RO         2111    CL$$btod_d2e_denorm_low  c_w.l(btod.o)
    0x0800e6cc   0x00000060   Code   RO         2110    CL$$btod_d2e_norm_op1  c_w.l(btod.o)
    0x0800e72c   0x00000338   Code   RO         2119    CL$$btod_div_common  c_w.l(btod.o)
    0x0800ea64   0x000000c6   Code   RO         2116    CL$$btod_e2e        c_w.l(btod.o)
    0x0800eb2a   0x00000028   Code   RO         2113    CL$$btod_ediv       c_w.l(btod.o)
    0x0800eb52   0x00000028   Code   RO         2112    CL$$btod_emul       c_w.l(btod.o)
    0x0800eb7a   0x00000244   Code   RO         2118    CL$$btod_mult_common  c_w.l(btod.o)
    0x0800edbe   0x00000030   Code   RO         2047    i.__ARM_fpclassify  m_wm.l(fpclassify.o)
    0x0800edee   0x00000002   PAD
    0x0800edf0   0x00000370   Code   RO         1929    i.__hardfp_asin     m_wm.l(asin.o)
    0x0800f160   0x000002e0   Code   RO         1943    i.__hardfp_atan     m_wm.l(atan.o)
    0x0800f440   0x000001f0   Code   RO         1957    i.__hardfp_atan2    m_wm.l(atan2.o)
    0x0800f630   0x000000d8   Code   RO         1969    i.__hardfp_cos      m_wm.l(cos.o)
    0x0800f708   0x000000d8   Code   RO         1981    i.__hardfp_sin      m_wm.l(sin.o)
    0x0800f7e0   0x00000438   Code   RO         2052    i.__ieee754_rem_pio2  m_wm.l(rred.o)
    0x0800fc18   0x00000170   Code   RO         2036    i.__kernel_cos      m_wm.l(cos_i.o)
    0x0800fd88   0x000000f8   Code   RO         2049    i.__kernel_poly     m_wm.l(poly.o)
    0x0800fe80   0x00000130   Code   RO         2057    i.__kernel_sin      m_wm.l(sin_i.o)
    0x0800ffb0   0x00000020   Code   RO         2039    i.__mathlib_dbl_underflow  m_wm.l(dunder.o)
    0x0800ffd0   0x0000000e   Code   RO         1893    i._is_digit         c_w.l(__printf_wp.o)
    0x0800ffde   0x00000010   Code   RO         1945    i.atan              m_wm.l(atan.o)
    0x0800ffee   0x00000018   Code   RO         2043    i.fabs              m_wm.l(fabs.o)
    0x08010006   0x0000006e   Code   RO         2065    i.sqrt              m_wm.l(sqrt.o)
    0x08010074   0x0000002c   Code   RO         2136    locale$$code        c_w.l(lc_numeric_c.o)
    0x080100a0   0x00000018   Code   RO         2015    x$fpl$basic         fz_wm.l(basic.o)
    0x080100b8   0x00000062   Code   RO         1921    x$fpl$d2f           fz_wm.l(d2f.o)
    0x0801011a   0x00000002   PAD
    0x0801011c   0x00000150   Code   RO         2017    x$fpl$dadd          fz_wm.l(daddsub_clz.o)
    0x0801026c   0x000002b0   Code   RO         2024    x$fpl$ddiv          fz_wm.l(ddiv.o)
    0x0801051c   0x0000005e   Code   RO         2140    x$fpl$dfix          fz_wm.l(dfix.o)
    0x0801057a   0x0000002e   Code   RO         2145    x$fpl$dflt          fz_wm.l(dflt_clz.o)
    0x080105a8   0x00000026   Code   RO         2144    x$fpl$dfltu         fz_wm.l(dflt_clz.o)
    0x080105ce   0x00000002   PAD
    0x080105d0   0x00000154   Code   RO         1923    x$fpl$dmul          fz_wm.l(dmul.o)
    0x08010724   0x0000009c   Code   RO         2027    x$fpl$dnaninf       fz_wm.l(dnaninf.o)
    0x080107c0   0x0000000c   Code   RO         2029    x$fpl$dretinf       fz_wm.l(dretinf.o)
    0x080107cc   0x00000016   Code   RO         2018    x$fpl$drsb          fz_wm.l(daddsub_clz.o)
    0x080107e2   0x00000002   PAD
    0x080107e4   0x00000198   Code   RO         2152    x$fpl$dsqrt         fz_wm.l(dsqrt_umaal.o)
    0x0801097c   0x000001d4   Code   RO         2019    x$fpl$dsub          fz_wm.l(daddsub_clz.o)
    0x08010b50   0x00000056   Code   RO         1925    x$fpl$f2d           fz_wm.l(f2d.o)
    0x08010ba6   0x0000008c   Code   RO         2031    x$fpl$fnaninf       fz_wm.l(fnaninf.o)
    0x08010c32   0x0000000a   Code   RO         2220    x$fpl$fpinit        fz_wm.l(fpinit.o)
    0x08010c3c   0x0000000a   Code   RO         2033    x$fpl$fretinf       fz_wm.l(fretinf.o)
    0x08010c46   0x00000004   Code   RO         1927    x$fpl$printf1       fz_wm.l(printf1.o)
    0x08010c4a   0x00000000   Code   RO         2035    x$fpl$usenofp       fz_wm.l(usenofp.o)
    0x08010c4a   0x000017c0   Data   RO          807    .constdata          lcd.o
    0x0801240a   0x00000002   PAD
    0x0801240c   0x0000001c   Data   RO         1242    .constdata          stm32f4xx_fsmc.o
    0x08012428   0x00000050   Data   RO         1932    .constdata          m_wm.l(asin.o)
    0x08012478   0x00000098   Data   RO         1946    .constdata          m_wm.l(atan.o)
    0x08012510   0x00000030   Data   RO         2037    .constdata          m_wm.l(cos_i.o)
    0x08012540   0x00000008   Data   RO         2051    .constdata          m_wm.l(qnan.o)
    0x08012548   0x000000c8   Data   RO         2054    .constdata          m_wm.l(rred.o)
    0x08012610   0x00000028   Data   RO         2058    .constdata          m_wm.l(sin_i.o)
    0x08012638   0x00000094   Data   RO         2107    .constdata          c_w.l(bigflt0.o)
    0x080126cc   0x00000020   Data   RO         2290    Region$$Table       anon$$obj.o
    0x080126ec   0x0000001c   Data   RO         2135    locale$$data        c_w.l(lc_numeric_c.o)


    Execution Region RW_IRAM1 (Base: 0x20000000, Size: 0x00005f30, Max: 0x00020000, ABSOLUTE, COMPRESSED[0x00000060])

    Base Addr    Size         Type   Attr      Idx    E Section Name        Object

    0x20000000   0x00000004   Data   RW            4    .data               main.o
    0x20000004   0x00000014   Data   RW          268    .data               system_stm32f4xx.o
    0x20000018   0x00000044   Data   RW          294    .data               app.o
    0x2000005c   0x00000010   Data   RW          378    .data               function.o
    0x2000006c   0x0000000c   Data   RW          419    .data               task1.o
    0x20000078   0x0000000c   Data   RW          447    .data               task2.o
    0x20000084   0x00000008   Data   RW          471    .data               task3.o
    0x2000008c   0x00000004   Data   RW          495    .data               task4.o
    0x20000090   0x00000004   Data   RW          519    .data               delay.o
    0x20000094   0x00000006   Data   RW          560    .data               usart.o
    0x2000009a   0x00000002   Data   RW          595    .data               usart2.o
    0x2000009c   0x00000004   Data   RW          645    .data               pwmout8.o
    0x200000a0   0x0000000a   Data   RW          692    .data               pwmin.o
    0x200000aa   0x00000002   Data   RW          758    .data               beed.o
    0x200000ac   0x00000012   Data   RW          808    .data               lcd.o
    0x200000be   0x00000002   PAD
    0x200000c0   0x00000004   Data   RW          840    .data               timer.o
    0x200000c4   0x00000024   Data   RW          864    .data               attitude.o
    0x200000e8   0x0000003c   Data   RW          890    .data               pid.o
    0x20000124   0x00000010   Data   RW         1428    .data               stm32f4xx_rcc.o
    0x20000134   0x0000003c   Data   RW         1739    .data               tasks.o
    0x20000170   0x00000014   Data   RW         1778    .data               timers.o
    0x20000184   0x00000018   Data   RW         1808    .data               heap_4.o
    0x2000019c   0x0000000c   Data   RW         1831    .data               port.o
    0x200001a8   0x000000c8   Zero   RW          559    .bss                usart.o
    0x20000270   0x000000c8   Zero   RW          594    .bss                usart2.o
    0x20000338   0x00000220   Zero   RW          691    .bss                pwmin.o
    0x20000558   0x0000002c   Zero   RW          781    .bss                mpu6050.o
    0x20000584   0x00000040   Zero   RW         1712    .bss                queue.o
    0x200005c4   0x000002e4   Zero   RW         1738    .bss                tasks.o
    0x200008a8   0x00000028   Zero   RW         1777    .bss                timers.o
    0x200008d0   0x00005000   Zero   RW         1807    .bss                heap_4.o
    0x200058d0   0x00000060   Zero   RW         2157    .bss                c_w.l(libspace.o)
    0x20005930   0x00000200   Zero   RW         1798    HEAP                startup_stm32f40_41xxx.o
    0x20005b30   0x00000400   Zero   RW         1797    STACK               startup_stm32f40_41xxx.o


==============================================================================

Image component sizes


      Code (inc. data)   RO Data    RW Data    ZI Data      Debug   Object Name

      4676        622          0         68          0     239579   app.o
      1236         74          0         36          0       3482   attitude.o
       272         18          0          2          0       1748   beed.o
       236         10          0          4          0       1773   delay.o
         0          0          0          0          0       8096   event_groups.o
       616         48          0         16          0       4145   function.o
       800         46          0          0          0       2328   gpio.o
       672         82          0         24      20480       3576   heap_4.o
       324          6          0          0          0        988   key.o
      4832        170       6080         18          0      13945   lcd.o
        88         10          0          0          0        891   led.o
       148          0          0          0          0       2078   list.o
      1692        210          0          4          0      80421   main.o
       224         20          0          0          0       1969   misc.o
      1560         76          0          0         44       6710   mpu6050.o
       612         12          0          0          0       2291   myiic.o
      1252        128          0         60          0       2668   pid.o
       938        112          0         12          0       8623   port.o
      7420        390          0         10        544       6647   pwmin.o
      1004         38          0          4          0       3380   pwmout8.o
      3344         56          0          0         64      16050   queue.o
        64         26        392          0       1536        868   startup_stm32f40_41xxx.o
       272         10          0          0          0       2415   stm32f4xx_exti.o
      1480         18         28          0          0       5842   stm32f4xx_fsmc.o
       660         44          0          0          0       4245   stm32f4xx_gpio.o
        20          0          0          0          0       1023   stm32f4xx_it.o
      1628         52          0         16          0      13108   stm32f4xx_rcc.o
       148         12          0          0          0       1921   stm32f4xx_syscfg.o
      3234         60          0          0          0      22448   stm32f4xx_tim.o
      1108         34          0          0          0       7944   stm32f4xx_usart.o
       528         46          0         20          0       2003   system_stm32f4xx.o
      1916        166          0         12          0       2115   task1.o
      1752        172          0         12          0       1943   task2.o
      1036         88          0          8          0       1824   task3.o
       508         56          0          4          0       1259   task4.o
      6156        406          0         60        740      31776   tasks.o
       216         14          0          4          0       1435   timer.o
      1600        112          0         20         40       8660   timers.o
       420         28          0          6        200       4068   usart.o
       392         28          0          2        200       2227   usart2.o

    ----------------------------------------------------------------------
     55088       3500       6534        424      23848     528512   Object Totals
         0          0         32          0          0          0   (incl. Generated)
         4          0          2          2          0          0   (incl. Padding)

    ----------------------------------------------------------------------

      Code (inc. data)   RO Data    RW Data    ZI Data      Debug   Library Member Name

        90          0          0          0          0          0   __dczerorl2.o
         8          0          0          0          0         68   __main.o
       284          0          0          0          0        156   __printf_wp.o
        52          8          0          0          0          0   __scatter.o
        28          0          0          0          0          0   __scatter_zi.o
         6          0          0          0          0          0   _printf_c.o
        44          0          0          0          0        108   _printf_char.o
        48          6          0          0          0         96   _printf_char_common.o
        36          4          0          0          0         80   _printf_char_file.o
         6          0          0          0          0          0   _printf_d.o
       116         16          0          0          0         92   _printf_dec.o
         6          0          0          0          0          0   _printf_f.o
      1046          0          0          0          0        216   _printf_fp_dec.o
       128         16          0          0          0         84   _printf_fp_infnan.o
       178          0          0          0          0         88   _printf_intcommon.o
         0          0          0          0          0          0   _printf_percent.o
         4          0          0          0          0          0   _printf_percent_end.o
         6          0          0          0          0          0   _printf_s.o
        82          0          0          0          0         80   _printf_str.o
         6          0          0          0          0          0   _printf_u.o
        22          0          0          0          0        100   _rserrno.o
        10          0          0          0          0         68   _sputc.o
        16          0          0          0          0         68   aeabi_memset.o
       216          4        148          0          0         96   bigflt0.o
      1910        128          0          0          0        672   btod.o
        12          0          0          0          0         72   exit.o
         8          0          0          0          0         68   ferror.o
         6          0          0          0          0        152   heapauxi.o
        44         10         28          0          0         76   lc_numeric_c.o
         2          0          0          0          0          0   libinit.o
        22          0          0          0          0          0   libinit2.o
         2          0          0          0          0          0   libshutdown.o
         2          0          0          0          0          0   libshutdown2.o
         8          4          0          0         96         68   libspace.o
       138          0          0          0          0         80   lludiv10.o
        24          4          0          0          0         84   noretval__2printf.o
        40          6          0          0          0         84   noretval__2sprintf.o
         8          4          0          0          0         68   rt_errno_addr_intlibspace.o
         8          4          0          0          0         68   rt_locale_intlibspace.o
        68          0          0          0          0         68   rt_memclr.o
        78          0          0          0          0         80   rt_memclr_w.o
       138          0          0          0          0         68   rt_memcpy_v6.o
       100          0          0          0          0         80   rt_memcpy_w.o
         0          0          0          0          0          0   rtentry.o
        12          0          0          0          0          0   rtentry2.o
         6          0          0          0          0          0   rtentry4.o
         2          0          0          0          0          0   rtexit.o
        10          0          0          0          0          0   rtexit2.o
       128          0          0          0          0         68   strcmpv7m.o
        72          0          0          0          0         80   strcpy.o
        62          0          0          0          0         76   strlen.o
        74          0          0          0          0         80   sys_stackheap_outer.o
         2          0          0          0          0         68   use_no_semi.o
         2          0          0          0          0         68   use_no_semi_2.o
        24          0          0          0          0        164   basic.o
        98          4          0          0          0        140   d2f.o
       826         16          0          0          0        492   daddsub_clz.o
       688        140          0          0          0        256   ddiv.o
        94          4          0          0          0        140   dfix.o
        84          0          0          0          0        232   dflt_clz.o
       340         12          0          0          0        152   dmul.o
       156          4          0          0          0        140   dnaninf.o
        12          0          0          0          0        116   dretinf.o
       408         56          0          0          0        168   dsqrt_umaal.o
        86          4          0          0          0        132   f2d.o
       140          4          0          0          0        132   fnaninf.o
        10          0          0          0          0        116   fpinit.o
        10          0          0          0          0        116   fretinf.o
         4          0          0          0          0        116   printf1.o
         0          0          0          0          0          0   usenofp.o
       880        110         80          0          0        200   asin.o
       752        104        152          0          0        344   atan.o
       496         70          0          0          0        156   atan2.o
       216         16          0          0          0        152   cos.o
       368         46         48          0          0        200   cos_i.o
        32          8          0          0          0        124   dunder.o
        24          0          0          0          0        124   fabs.o
        48          0          0          0          0        124   fpclassify.o
       248          0          0          0          0        152   poly.o
         0          0          8          0          0          0   qnan.o
      1080        142        200          0          0        188   rred.o
       216         16          0          0          0        152   sin.o
       304         24         40          0          0        208   sin_i.o
       110          0          0          0          0        148   sqrt.o

    ----------------------------------------------------------------------
     13202        994        704          0         96       8512   Library Totals
        22          0          0          0          0          0   (incl. Padding)

    ----------------------------------------------------------------------

      Code (inc. data)   RO Data    RW Data    ZI Data      Debug   Library Name

      5426        214        176          0         96       3628   c_w.l
      2980        244          0          0          0       2612   fz_wm.l
      4774        536        528          0          0       2272   m_wm.l

    ----------------------------------------------------------------------
     13202        994        704          0         96       8512   Library Totals

    ----------------------------------------------------------------------

==============================================================================


      Code (inc. data)   RO Data    RW Data    ZI Data      Debug   

     68290       4494       7238        424      23944     524044   Grand Totals
     68290       4494       7238         96      23944     524044   ELF Image Totals (compressed)
     68290       4494       7238         96          0          0   ROM Totals

==============================================================================

    Total RO  Size (Code + RO Data)                75528 (  73.76kB)
    Total RW  Size (RW Data + ZI Data)             24368 (  23.80kB)
    Total ROM Size (Code + RO Data + RW Data)      75624 (  73.85kB)

==============================================================================

