Product: MDK-ARM Professional 5.10
Component: ARM Compiler 5.04 update 1 (build 49)
Tool: armlink [5040049]

==============================================================================

Section Cross References

    main.o(.text) refers to _printf_percent.o(.ARM.Collect$$_printf_percent$$00000000) for _printf_percent
    main.o(.text) refers to _printf_f.o(.ARM.Collect$$_printf_percent$$00000003) for _printf_f
    main.o(.text) refers to printf1.o(x$fpl$printf1) for _printf_fp_dec
    main.o(.text) refers to _printf_d.o(.ARM.Collect$$_printf_percent$$00000009) for _printf_d
    main.o(.text) refers to _printf_dec.o(.text) for _printf_int_dec
    main.o(.text) refers to mpu6050.o(.text) for R_MPU_Original
    main.o(.text) refers to f2d.o(x$fpl$f2d) for __aeabi_f2d
    main.o(.text) refers to noretval__2printf.o(.text) for __2printf
    main.o(.text) refers to delay.o(.text) for delay_ms
    main.o(.text) refers to attitude.o(.text) for IMUupdate
    main.o(.text) refers to pwmin.o(.text) for ReadPWM
    main.o(.text) refers to pwmout8.o(.text) for SetTIM3Compare
    main.o(.text) refers to key.o(.text) for KEY_Scan
    main.o(.text) refers to led.o(.text) for LED_set
    main.o(.text) refers to mpu6050.o(.bss) for MPU_Offset
    main.o(.text) refers to pwmin.o(.bss) for PWMCH1
    main.o(.text) refers to misc.o(.text) for NVIC_PriorityGroupConfig
    main.o(.text) refers to usart.o(.text) for uart_init
    main.o(.text) refers to usart2.o(.text) for uart2_init
    main.o(.text) refers to beed.o(.text) for BEED_Init
    main.o(.text) refers to lcd.o(.text) for LCD_Init
    main.o(.text) refers to timer.o(.text) for Timer10msInit
    main.o(.text) refers to app.o(.text) for AllAppInit
    main.o(.text) refers to tasks.o(.text) for vTaskStartScheduler
    main.o(.text) refers to main.o(.data) for Debug
    system_stm32f4xx.o(.text) refers to system_stm32f4xx.o(.data) for SystemCoreClock
    app.o(.text) refers to _printf_percent.o(.ARM.Collect$$_printf_percent$$00000000) for _printf_percent
    app.o(.text) refers to _printf_f.o(.ARM.Collect$$_printf_percent$$00000003) for _printf_f
    app.o(.text) refers to printf1.o(x$fpl$printf1) for _printf_fp_dec
    app.o(.text) refers to _printf_d.o(.ARM.Collect$$_printf_percent$$00000009) for _printf_d
    app.o(.text) refers to _printf_dec.o(.text) for _printf_int_dec
    app.o(.text) refers to port.o(.text) for vPortEnterCritical
    app.o(.text) refers to function.o(.text) for Set_MotoSpeed
    app.o(.text) refers to tasks.o(.text) for vTaskSuspend
    app.o(.text) refers to timer.o(.text) for TIM6Close
    app.o(.text) refers to lcd.o(.text) for LCD_Fill_onecolor
    app.o(.text) refers to delay.o(.text) for delay_ms
    app.o(.text) refers to queue.o(.text) for xQueueGenericReceive
    app.o(.text) refers to beed.o(.text) for BEED_1
    app.o(.text) refers to key.o(.text) for KEY_Scan
    app.o(.text) refers to task1.o(.data) for q_1
    app.o(.text) refers to task2.o(.data) for q_2
    app.o(.text) refers to task3.o(.data) for q_3
    app.o(.text) refers to task5.o(.data) for q_5
    app.o(.text) refers to pid.o(.data) for XIerror
    app.o(.text) refers to task4.o(.data) for Task4task_Handler
    app.o(.text) refers to main.o(.data) for tasknum
    app.o(.text) refers to app.o(.data) for START
    app.o(.text) refers to f2d.o(x$fpl$f2d) for __aeabi_f2d
    app.o(.text) refers to noretval__2printf.o(.text) for __2printf
    app.o(.text) refers to usart.o(.data) for USART_RX_STA
    app.o(.text) refers to usart.o(.bss) for USART_RX_BUF
    app.o(.text) refers to usart2.o(.text) for printf_2_
    app.o(.text) refers to attitude.o(.data) for Ki
    app.o(.text) refers to usart2.o(.data) for USART_RX_STA2
    app.o(.text) refers to usart2.o(.bss) for USART_RX_BUF2
    app.o(.text) refers to task1.o(.text) for CreatTask1
    app.o(.text) refers to task2.o(.text) for CreatTask2
    app.o(.text) refers to task3.o(.text) for CreatTask3
    app.o(.text) refers to task4.o(.text) for CreatTask4
    app.o(.text) refers to task5.o(.text) for CreatTask5
    function.o(.text) refers to _printf_percent.o(.ARM.Collect$$_printf_percent$$00000000) for _printf_percent
    function.o(.text) refers to _printf_f.o(.ARM.Collect$$_printf_percent$$00000003) for _printf_f
    function.o(.text) refers to printf1.o(x$fpl$printf1) for _printf_fp_dec
    function.o(.text) refers to queue.o(.text) for xQueueGenericReceive
    function.o(.text) refers to pwmout8.o(.text) for SetTIM3Compare
    function.o(.text) refers to port.o(.text) for vPortEnterCritical
    function.o(.text) refers to mpu6050.o(.text) for ReadMpu
    function.o(.text) refers to usart.o(.text) for printf_1_
    function.o(.text) refers to f2d.o(x$fpl$f2d) for __aeabi_f2d
    function.o(.text) refers to noretval__2printf.o(.text) for __2printf
    function.o(.text) refers to app.o(.data) for KEY1_CountSemaphore
    function.o(.text) refers to function.o(.data) for current_Angle
[...]
    EXTI_ClearFlag                           0x08008d65   Thumb Code     8  stm32f4xx_exti.o(.text)
    EXTI_GetITStatus                         0x08008d6d   Thumb Code    22  stm32f4xx_exti.o(.text)
    EXTI_ClearITPendingBit                   0x08008d83   Thumb Code     8  stm32f4xx_exti.o(.text)
    FSMC_NORSRAMDeInit                       0x08008d95   Thumb Code    54  stm32f4xx_fsmc.o(.text)
    FSMC_NORSRAMInit                         0x08008dcb   Thumb Code   230  stm32f4xx_fsmc.o(.text)
    FSMC_NORSRAMStructInit                   0x08008eb1   Thumb Code    48  stm32f4xx_fsmc.o(.text)
    FSMC_NORSRAMCmd                          0x08008ee1   Thumb Code    46  stm32f4xx_fsmc.o(.text)
    FSMC_NANDDeInit                          0x08008f0f   Thumb Code    62  stm32f4xx_fsmc.o(.text)
    FSMC_NANDInit                            0x08008f4d   Thumb Code   132  stm32f4xx_fsmc.o(.text)
    FSMC_NANDStructInit                      0x08008fd1   Thumb Code    54  stm32f4xx_fsmc.o(.text)
    FSMC_NANDCmd                             0x08009007   Thumb Code    86  stm32f4xx_fsmc.o(.text)
    FSMC_NANDECCCmd                          0x0800905d   Thumb Code    86  stm32f4xx_fsmc.o(.text)
    FSMC_GetECC                              0x080090b3   Thumb Code    24  stm32f4xx_fsmc.o(.text)
    FSMC_PCCARDDeInit                        0x080090cb   Thumb Code    36  stm32f4xx_fsmc.o(.text)
    FSMC_PCCARDInit                          0x080090ef   Thumb Code   130  stm32f4xx_fsmc.o(.text)
    FSMC_PCCARDStructInit                    0x08009171   Thumb Code    60  stm32f4xx_fsmc.o(.text)
    FSMC_PCCARDCmd                           0x080091ad   Thumb Code    44  stm32f4xx_fsmc.o(.text)
    FSMC_ITConfig                            0x080091d9   Thumb Code   128  stm32f4xx_fsmc.o(.text)
    FSMC_GetFlagStatus                       0x08009259   Thumb Code    54  stm32f4xx_fsmc.o(.text)
    FSMC_ClearFlag                           0x0800928f   Thumb Code    74  stm32f4xx_fsmc.o(.text)
    FSMC_GetITStatus                         0x080092d9   Thumb Code    62  stm32f4xx_fsmc.o(.text)
    FSMC_ClearITPendingBit                   0x08009317   Thumb Code    66  stm32f4xx_fsmc.o(.text)
    GPIO_DeInit                              0x0800935d   Thumb Code   268  stm32f4xx_gpio.o(.text)
    GPIO_Init                                0x08009469   Thumb Code   144  stm32f4xx_gpio.o(.text)
    GPIO_StructInit                          0x080094f9   Thumb Code    18  stm32f4xx_gpio.o(.text)
    GPIO_PinLockConfig                       0x0800950b   Thumb Code    34  stm32f4xx_gpio.o(.text)
    GPIO_ReadInputDataBit                    0x0800952d   Thumb Code    18  stm32f4xx_gpio.o(.text)
    GPIO_ReadInputData                       0x0800953f   Thumb Code     8  stm32f4xx_gpio.o(.text)
    GPIO_ReadOutputDataBit                   0x08009547   Thumb Code    18  stm32f4xx_gpio.o(.text)
    GPIO_ReadOutputData                      0x08009559   Thumb Code     8  stm32f4xx_gpio.o(.text)
    GPIO_SetBits                             0x08009561   Thumb Code     4  stm32f4xx_gpio.o(.text)
    GPIO_ResetBits                           0x08009565   Thumb Code     4  stm32f4xx_gpio.o(.text)
    GPIO_WriteBit                            0x08009569   Thumb Code    10  stm32f4xx_gpio.o(.text)
    GPIO_Write                               0x08009573   Thumb Code     4  stm32f4xx_gpio.o(.text)
    GPIO_ToggleBits                          0x08009577   Thumb Code     8  stm32f4xx_gpio.o(.text)
    GPIO_PinAFConfig                         0x0800957f   Thumb Code    70  stm32f4xx_gpio.o(.text)
    RCC_DeInit                               0x080095f1   Thumb Code    82  stm32f4xx_rcc.o(.text)
    RCC_HSEConfig                            0x08009643   Thumb Code    14  stm32f4xx_rcc.o(.text)
    RCC_GetFlagStatus                        0x08009651   Thumb Code    60  stm32f4xx_rcc.o(.text)
    RCC_WaitForHSEStartUp                    0x0800968d   Thumb Code    56  stm32f4xx_rcc.o(.text)
    RCC_AdjustHSICalibrationValue            0x080096c5   Thumb Code    20  stm32f4xx_rcc.o(.text)
    RCC_HSICmd                               0x080096d9   Thumb Code     6  stm32f4xx_rcc.o(.text)
    RCC_LSEConfig                            0x080096df   Thumb Code    46  stm32f4xx_rcc.o(.text)
    RCC_LSICmd                               0x0800970d   Thumb Code     6  stm32f4xx_rcc.o(.text)
    RCC_PLLConfig                            0x08009713   Thumb Code    32  stm32f4xx_rcc.o(.text)
    RCC_PLLCmd                               0x08009733   Thumb Code     6  stm32f4xx_rcc.o(.text)
    RCC_PLLI2SConfig                         0x08009739   Thumb Code    14  stm32f4xx_rcc.o(.text)
    RCC_PLLI2SCmd                            0x08009747   Thumb Code     6  stm32f4xx_rcc.o(.text)
    RCC_PLLSAIConfig                         0x0800974d   Thumb Code    20  stm32f4xx_rcc.o(.text)
    RCC_PLLSAICmd                            0x08009761   Thumb Code     6  stm32f4xx_rcc.o(.text)
    RCC_ClockSecuritySystemCmd               0x08009767   Thumb Code     6  stm32f4xx_rcc.o(.text)
    RCC_MCO1Config                           0x0800976d   Thumb Code    28  stm32f4xx_rcc.o(.text)
    RCC_MCO2Config                           0x08009789   Thumb Code    28  stm32f4xx_rcc.o(.text)
    RCC_SYSCLKConfig                         0x080097a5   Thumb Code    20  stm32f4xx_rcc.o(.text)
    RCC_GetSYSCLKSource                      0x080097b9   Thumb Code    12  stm32f4xx_rcc.o(.text)
    RCC_HCLKConfig                           0x080097c5   Thumb Code    20  stm32f4xx_rcc.o(.text)
    RCC_PCLK1Config                          0x080097d9   Thumb Code    20  stm32f4xx_rcc.o(.text)
    RCC_PCLK2Config                          0x080097ed   Thumb Code    22  stm32f4xx_rcc.o(.text)
    RCC_GetClocksFreq                        0x08009803   Thumb Code   222  stm32f4xx_rcc.o(.text)
    RCC_RTCCLKConfig                         0x080098e1   Thumb Code    54  stm32f4xx_rcc.o(.text)
    RCC_RTCCLKCmd                            0x08009917   Thumb Code     8  stm32f4xx_rcc.o(.text)
    RCC_BackupResetCmd                       0x0800991f   Thumb Code     8  stm32f4xx_rcc.o(.text)
    RCC_I2SCLKConfig                         0x08009927   Thumb Code     6  stm32f4xx_rcc.o(.text)
    RCC_SAIPLLI2SClkDivConfig                0x0800992d   Thumb Code    26  stm32f4xx_rcc.o(.text)
    RCC_SAIPLLSAIClkDivConfig                0x08009947   Thumb Code    28  stm32f4xx_rcc.o(.text)
    RCC_SAIBlockACLKConfig                   0x08009963   Thumb Code    20  stm32f4xx_rcc.o(.text)
    RCC_SAIBlockBCLKConfig                   0x08009977   Thumb Code    20  stm32f4xx_rcc.o(.text)
    RCC_LTDCCLKDivConfig                     0x0800998b   Thumb Code    20  stm32f4xx_rcc.o(.text)
    RCC_TIMCLKPresConfig                     0x0800999f   Thumb Code     6  stm32f4xx_rcc.o(.text)
    RCC_AHB1PeriphClockCmd                   0x080099a5   Thumb Code    34  stm32f4xx_rcc.o(.text)
    RCC_AHB2PeriphClockCmd                   0x080099c7   Thumb Code    78  stm32f4xx_rcc.o(.text)
    RCC_AHB3PeriphClockCmd                   0x08009a15   Thumb Code    34  stm32f4xx_rcc.o(.text)
    RCC_APB1PeriphClockCmd                   0x08009a37   Thumb Code    34  stm32f4xx_rcc.o(.text)
    RCC_APB2PeriphClockCmd                   0x08009a59   Thumb Code    34  stm32f4xx_rcc.o(.text)
    RCC_AHB1PeriphResetCmd                   0x08009a7b   Thumb Code    34  stm32f4xx_rcc.o(.text)
    RCC_AHB2PeriphResetCmd                   0x08009a9d   Thumb Code    34  stm32f4xx_rcc.o(.text)
    RCC_AHB3PeriphResetCmd                   0x08009abf   Thumb Code    34  stm32f4xx_rcc.o(.text)
    RCC_APB1PeriphResetCmd                   0x08009ae1   Thumb Code    34  stm32f4xx_rcc.o(.text)
    RCC_APB2PeriphResetCmd                   0x08009b03   Thumb Code    34  stm32f4xx_rcc.o(.text)
    RCC_AHB1PeriphClockLPModeCmd             0x08009b25   Thumb Code    34  stm32f4xx_rcc.o(.text)
    RCC_AHB2PeriphClockLPModeCmd             0x08009b47   Thumb Code    34  stm32f4xx_rcc.o(.text)
    RCC_AHB3PeriphClockLPModeCmd             0x08009b69   Thumb Code    34  stm32f4xx_rcc.o(.text)
    RCC_APB1PeriphClockLPModeCmd             0x08009b8b   Thumb Code    34  stm32f4xx_rcc.o(.text)
    RCC_APB2PeriphClockLPModeCmd             0x08009bad   Thumb Code    34  stm32f4xx_rcc.o(.text)
    RCC_LSEModeConfig                        0x08009bcf   Thumb Code    40  stm32f4xx_rcc.o(.text)
    RCC_ITConfig                             0x08009bf7   Thumb Code    34  stm32f4xx_rcc.o(.text)
    RCC_ClearFlag                            0x08009c19   Thumb Code    18  stm32f4xx_rcc.o(.text)
    RCC_GetITStatus                          0x08009c2b   Thumb Code    22  stm32f4xx_rcc.o(.text)
    RCC_ClearITPendingBit                    0x08009c41   Thumb Code     8  stm32f4xx_rcc.o(.text)
    SYSCFG_DeInit                            0x08009c4d   Thumb Code    22  stm32f4xx_syscfg.o(.text)
    SYSCFG_MemoryRemapConfig                 0x08009c63   Thumb Code     6  stm32f4xx_syscfg.o(.text)
    SYSCFG_MemorySwappingBank                0x08009c69   Thumb Code     6  stm32f4xx_syscfg.o(.text)
    SYSCFG_EXTILineConfig                    0x08009c6f   Thumb Code    66  stm32f4xx_syscfg.o(.text)
    SYSCFG_ETH_MediaInterfaceConfig          0x08009cb1   Thumb Code     8  stm32f4xx_syscfg.o(.text)
    SYSCFG_CompensationCellCmd               0x08009cb9   Thumb Code     6  stm32f4xx_syscfg.o(.text)
    SYSCFG_GetCompensationCellStatus         0x08009cbf   Thumb Code    22  stm32f4xx_syscfg.o(.text)
    TIM_DeInit                               0x08009ce1   Thumb Code   346  stm32f4xx_tim.o(.text)
    TIM_TimeBaseInit                         0x08009e3b   Thumb Code   104  stm32f4xx_tim.o(.text)
    TIM_TimeBaseStructInit                   0x08009ea3   Thumb Code    18  stm32f4xx_tim.o(.text)
    TIM_PrescalerConfig                      0x08009eb5   Thumb Code     6  stm32f4xx_tim.o(.text)
    TIM_CounterModeConfig                    0x08009ebb   Thumb Code    18  stm32f4xx_tim.o(.text)
    TIM_SetCounter                           0x08009ecd   Thumb Code     4  stm32f4xx_tim.o(.text)
    TIM_SetAutoreload                        0x08009ed1   Thumb Code     4  stm32f4xx_tim.o(.text)
    TIM_GetCounter                           0x08009ed5   Thumb Code     6  stm32f4xx_tim.o(.text)
    TIM_GetPrescaler                         0x08009edb   Thumb Code     6  stm32f4xx_tim.o(.text)
    TIM_UpdateDisableConfig                  0x08009ee1   Thumb Code    24  stm32f4xx_tim.o(.text)
    TIM_UpdateRequestConfig                  0x08009ef9   Thumb Code    24  stm32f4xx_tim.o(.text)
    TIM_ARRPreloadConfig                     0x08009f11   Thumb Code    24  stm32f4xx_tim.o(.text)
    TIM_SelectOnePulseMode                   0x08009f29   Thumb Code    18  stm32f4xx_tim.o(.text)
    TIM_SetClockDivision                     0x08009f3b   Thumb Code    18  stm32f4xx_tim.o(.text)
    TIM_Cmd                                  0x08009f4d   Thumb Code    24  stm32f4xx_tim.o(.text)
    TIM_OC1Init                              0x08009f65   Thumb Code   114  stm32f4xx_tim.o(.text)
    TIM_OC2Init                              0x08009fd7   Thumb Code   154  stm32f4xx_tim.o(.text)
    TIM_OC3Init                              0x0800a071   Thumb Code   204  stm32f4xx_tim.o(.text)
    TIM_OC4Init                              0x0800a13d   Thumb Code   112  stm32f4xx_tim.o(.text)
    TIM_OCStructInit                         0x0800a1ad   Thumb Code    20  stm32f4xx_tim.o(.text)
    TIM_SelectOCxM                           0x0800a1c1   Thumb Code    86  stm32f4xx_tim.o(.text)
    TIM_SetCompare1                          0x0800a217   Thumb Code     4  stm32f4xx_tim.o(.text)
    TIM_SetCompare2                          0x0800a21b   Thumb Code     4  stm32f4xx_tim.o(.text)
    TIM_SetCompare3                          0x0800a21f   Thumb Code     4  stm32f4xx_tim.o(.text)
    TIM_SetCompare4                          0x0800a223   Thumb Code     4  stm32f4xx_tim.o(.text)
    TIM_ForcedOC1Config                      0x0800a227   Thumb Code    18  stm32f4xx_tim.o(.text)
    TIM_ForcedOC2Config                      0x0800a239   Thumb Code    26  stm32f4xx_tim.o(.text)
    TIM_ForcedOC3Config                      0x0800a253   Thumb Code    18  stm32f4xx_tim.o(.text)
    TIM_ForcedOC4Config                      0x0800a265   Thumb Code    26  stm32f4xx_tim.o(.text)
    TIM_OC1PreloadConfig                     0x0800a27f   Thumb Code    18  stm32f4xx_tim.o(.text)
    TIM_OC2PreloadConfig                     0x0800a291   Thumb Code    26  stm32f4xx_tim.o(.text)
    TIM_OC3PreloadConfig                     0x0800a2ab   Thumb Code    18  stm32f4xx_tim.o(.text)
    TIM_OC4PreloadConfig                     0x0800a2bd   Thumb Code    26  stm32f4xx_tim.o(.text)
    TIM_OC1FastConfig                        0x0800a2d7   Thumb Code    18  stm32f4xx_tim.o(.text)
    TIM_OC2FastConfig                        0x0800a2e9   Thumb Code    26  stm32f4xx_tim.o(.text)
    TIM_OC3FastConfig                        0x0800a303   Thumb Code    18  stm32f4xx_tim.o(.text)
    TIM_OC4FastConfig                        0x0800a315   Thumb Code    26  stm32f4xx_tim.o(.text)
    TIM_ClearOC1Ref                          0x0800a32f   Thumb Code    18  stm32f4xx_tim.o(.text)
    TIM_ClearOC2Ref                          0x0800a341   Thumb Code    24  stm32f4xx_tim.o(.text)
    TIM_ClearOC3Ref                          0x0800a359   Thumb Code    18  stm32f4xx_tim.o(.text)
    TIM_ClearOC4Ref                          0x0800a36b   Thumb Code    24  stm32f4xx_tim.o(.text)
    TIM_OC1PolarityConfig                    0x0800a383   Thumb Code    18  stm32f4xx_tim.o(.text)
    TIM_OC1NPolarityConfig                   0x0800a395   Thumb Code    18  stm32f4xx_tim.o(.text)
    TIM_OC2PolarityConfig                    0x0800a3a7   Thumb Code    26  stm32f4xx_tim.o(.text)
    TIM_OC2NPolarityConfig                   0x0800a3c1   Thumb Code    26  stm32f4xx_tim.o(.text)
    TIM_OC3PolarityConfig                    0x0800a3db   Thumb Code    26  stm32f4xx_tim.o(.text)
    TIM_OC3NPolarityConfig                   0x0800a3f5   Thumb Code    26  stm32f4xx_tim.o(.text)
    TIM_OC4PolarityConfig                    0x0800a40f   Thumb Code    26  stm32f4xx_tim.o(.text)
    TIM_CCxCmd                               0x0800a429   Thumb Code    30  stm32f4xx_tim.o(.text)
    TIM_CCxNCmd                              0x0800a447   Thumb Code    30  stm32f4xx_tim.o(.text)
    TIM_SetIC4Prescaler                      0x0800a465   Thumb Code    26  stm32f4xx_tim.o(.text)
    TIM_SetIC3Prescaler                      0x0800a4cf   Thumb Code    18  stm32f4xx_tim.o(.text)
    TIM_SetIC2Prescaler                      0x0800a529   Thumb Code    26  stm32f4xx_tim.o(.text)
    TIM_SetIC1Prescaler                      0x0800a59d   Thumb Code    18  stm32f4xx_tim.o(.text)
    TIM_ICInit                               0x0800a5e9   Thumb Code   110  stm32f4xx_tim.o(.text)
    TIM_ICStructInit                         0x0800a657   Thumb Code    18  stm32f4xx_tim.o(.text)
    TIM_PWMIConfig                           0x0800a669   Thumb Code   124  stm32f4xx_tim.o(.text)
    TIM_GetCapture1                          0x0800a6e5   Thumb Code     6  stm32f4xx_tim.o(.text)
    TIM_GetCapture2                          0x0800a6eb   Thumb Code     6  stm32f4xx_tim.o(.text)
    TIM_GetCapture3                          0x0800a6f1   Thumb Code     6  stm32f4xx_tim.o(.text)
    TIM_GetCapture4                          0x0800a6f7   Thumb Code     6  stm32f4xx_tim.o(.text)
    TIM_BDTRConfig                           0x0800a6fd   Thumb Code    32  stm32f4xx_tim.o(.text)
    TIM_BDTRStructInit                       0x0800a71d   Thumb Code    18  stm32f4xx_tim.o(.text)
    TIM_CtrlPWMOutputs                       0x0800a72f   Thumb Code    30  stm32f4xx_tim.o(.text)
    TIM_SelectCOM                            0x0800a74d   Thumb Code    24  stm32f4xx_tim.o(.text)
    TIM_CCPreloadControl                     0x0800a765   Thumb Code    24  stm32f4xx_tim.o(.text)
    TIM_ITConfig                             0x0800a77d   Thumb Code    18  stm32f4xx_tim.o(.text)
    TIM_GenerateEvent                        0x0800a78f   Thumb Code     4  stm32f4xx_tim.o(.text)
    TIM_GetFlagStatus                        0x0800a793   Thumb Code    18  stm32f4xx_tim.o(.text)
    TIM_ClearFlag                            0x0800a7a5   Thumb Code     6  stm32f4xx_tim.o(.text)
    TIM_GetITStatus                          0x0800a7ab   Thumb Code    34  stm32f4xx_tim.o(.text)
    TIM_ClearITPendingBit                    0x0800a7cd   Thumb Code     6  stm32f4xx_tim.o(.text)
    TIM_DMAConfig                            0x0800a7d3   Thumb Code    10  stm32f4xx_tim.o(.text)
    TIM_DMACmd                               0x0800a7dd   Thumb Code    18  stm32f4xx_tim.o(.text)
    TIM_SelectCCDMA                          0x0800a7ef   Thumb Code    24  stm32f4xx_tim.o(.text)
    TIM_InternalClockConfig                  0x0800a807   Thumb Code    12  stm32f4xx_tim.o(.text)
    TIM_SelectInputTrigger                   0x0800a813   Thumb Code    18  stm32f4xx_tim.o(.text)
    TIM_ITRxExternalClockConfig              0x0800a825   Thumb Code    24  stm32f4xx_tim.o(.text)
    TIM_TIxExternalClockConfig               0x0800a83d   Thumb Code    62  stm32f4xx_tim.o(.text)
    TIM_ETRConfig                            0x0800a87b   Thumb Code    28  stm32f4xx_tim.o(.text)
    TIM_ETRClockMode1Config                  0x0800a897   Thumb Code    54  stm32f4xx_tim.o(.text)
    TIM_ETRClockMode2Config                  0x0800a8cd   Thumb Code    32  stm32f4xx_tim.o(.text)
    TIM_SelectOutputTrigger                  0x0800a8ed   Thumb Code    18  stm32f4xx_tim.o(.text)
    TIM_SelectSlaveMode                      0x0800a8ff   Thumb Code    18  stm32f4xx_tim.o(.text)
    TIM_SelectMasterSlaveMode                0x0800a911   Thumb Code    18  stm32f4xx_tim.o(.text)
    TIM_EncoderInterfaceConfig               0x0800a923   Thumb Code    66  stm32f4xx_tim.o(.text)
    TIM_SelectHallSensor                     0x0800a965   Thumb Code    24  stm32f4xx_tim.o(.text)
    TIM_RemapConfig                          0x0800a97d   Thumb Code     6  stm32f4xx_tim.o(.text)
    USART_DeInit                             0x0800a985   Thumb Code   206  stm32f4xx_usart.o(.text)
    USART_Init                               0x0800aa53   Thumb Code   204  stm32f4xx_usart.o(.text)
    USART_StructInit                         0x0800ab1f   Thumb Code    24  stm32f4xx_usart.o(.text)
    USART_ClockInit                          0x0800ab37   Thumb Code    32  stm32f4xx_usart.o(.text)
    USART_ClockStructInit                    0x0800ab57   Thumb Code    12  stm32f4xx_usart.o(.text)
    USART_Cmd                                0x0800ab63   Thumb Code    24  stm32f4xx_usart.o(.text)
    USART_SetPrescaler                       0x0800ab7b   Thumb Code    16  stm32f4xx_usart.o(.text)
    USART_OverSampling8Cmd                   0x0800ab8b   Thumb Code    22  stm32f4xx_usart.o(.text)
    USART_OneBitMethodCmd                    0x0800aba1   Thumb Code    24  stm32f4xx_usart.o(.text)
    USART_SendData                           0x0800abb9   Thumb Code     8  stm32f4xx_usart.o(.text)
    USART_ReceiveData                        0x0800abc1   Thumb Code    10  stm32f4xx_usart.o(.text)
    USART_SetAddress                         0x0800abcb   Thumb Code    18  stm32f4xx_usart.o(.text)
    USART_ReceiverWakeUpCmd                  0x0800abdd   Thumb Code    24  stm32f4xx_usart.o(.text)
    USART_WakeUpConfig                       0x0800abf5   Thumb Code    18  stm32f4xx_usart.o(.text)
    USART_LINBreakDetectLengthConfig         0x0800ac07   Thumb Code    18  stm32f4xx_usart.o(.text)
    USART_LINCmd                             0x0800ac19   Thumb Code    24  stm32f4xx_usart.o(.text)
    USART_SendBreak                          0x0800ac31   Thumb Code    10  stm32f4xx_usart.o(.text)
    USART_HalfDuplexCmd                      0x0800ac3b   Thumb Code    24  stm32f4xx_usart.o(.text)
    USART_SetGuardTime                       0x0800ac53   Thumb Code    16  stm32f4xx_usart.o(.text)
    USART_SmartCardCmd                       0x0800ac63   Thumb Code    24  stm32f4xx_usart.o(.text)
    USART_SmartCardNACKCmd                   0x0800ac7b   Thumb Code    24  stm32f4xx_usart.o(.text)
    USART_IrDAConfig                         0x0800ac93   Thumb Code    18  stm32f4xx_usart.o(.text)
    USART_IrDACmd                            0x0800aca5   Thumb Code    24  stm32f4xx_usart.o(.text)
    USART_DMACmd                             0x0800acbd   Thumb Code    18  stm32f4xx_usart.o(.text)
    USART_ITConfig                           0x0800accf   Thumb Code    74  stm32f4xx_usart.o(.text)
    USART_GetFlagStatus                      0x0800ad19   Thumb Code    26  stm32f4xx_usart.o(.text)
    USART_ClearFlag                          0x0800ad33   Thumb Code    18  stm32f4xx_usart.o(.text)
    USART_GetITStatus                        0x0800ad45   Thumb Code   118  stm32f4xx_usart.o(.text)
    USART_ClearITPendingBit                  0x0800adbb   Thumb Code    30  stm32f4xx_usart.o(.text)
    vListInitialise                          0x0800add9   Thumb Code    26  list.o(.text)
    vListInitialiseItem                      0x0800adf3   Thumb Code     6  list.o(.text)
    vListInsertEnd                           0x0800adf9   Thumb Code    24  list.o(.text)
    vListInsert                              0x0800ae11   Thumb Code    52  list.o(.text)
    uxListRemove                             0x0800ae45   Thumb Code    40  list.o(.text)
    xQueueGenericReset                       0x0800ae6d   Thumb Code   136  queue.o(.text)
    xQueueGenericCreate                      0x0800af23   Thumb Code    78  queue.o(.text)
    xQueueGenericSend                        0x0800b119   Thumb Code   460  queue.o(.text)
    xQueueCreateMutex                        0x0800b301   Thumb Code    34  queue.o(.text)
    xQueueGiveMutexRecursive                 0x0800b323   Thumb Code    66  queue.o(.text)
    xQueueGenericReceive                     0x0800b3a9   Thumb Code   428  queue.o(.text)
    xQueueTakeMutexRecursive                 0x0800b555   Thumb Code    76  queue.o(.text)
    xQueueCreateCountingSemaphore            0x0800b5a1   Thumb Code    80  queue.o(.text)
    xQueueGenericSendFromISR                 0x0800b5f1   Thumb Code   252  queue.o(.text)
    xQueueGiveFromISR                        0x0800b6ed   Thumb Code   228  queue.o(.text)
    xQueueReceiveFromISR                     0x0800b7d1   Thumb Code   190  queue.o(.text)
    xQueuePeekFromISR                        0x0800b88f   Thumb Code   158  queue.o(.text)
    uxQueueMessagesWaiting                   0x0800b92d   Thumb Code    36  queue.o(.text)
    uxQueueSpacesAvailable                   0x0800b951   Thumb Code    42  queue.o(.text)
    uxQueueMessagesWaitingFromISR            0x0800b97b   Thumb Code    28  queue.o(.text)
    vQueueUnregisterQueue                    0x0800b997   Thumb Code    44  queue.o(.text)
    vQueueDelete                             0x0800b9c3   Thumb Code    38  queue.o(.text)
    uxQueueGetQueueNumber                    0x0800b9e9   Thumb Code     6  queue.o(.text)
    vQueueSetQueueNumber                     0x0800b9ef   Thumb Code     4  queue.o(.text)
    ucQueueGetQueueType                      0x0800b9f3   Thumb Code     8  queue.o(.text)
    xQueueIsQueueEmptyFromISR                0x0800b9fb   Thumb Code    36  queue.o(.text)
    xQueueIsQueueFullFromISR                 0x0800ba1f   Thumb Code    40  queue.o(.text)
    vQueueAddToRegistry                      0x0800ba47   Thumb Code    38  queue.o(.text)
    pcQueueGetName                           0x0800ba6d   Thumb Code    38  queue.o(.text)
    vQueueWaitForMessageRestricted           0x0800ba93   Thumb Code    74  queue.o(.text)
    xQueueCreateSet                          0x0800badd   Thumb Code    20  queue.o(.text)
    xQueueAddToSet                           0x0800baf1   Thumb Code    38  queue.o(.text)
    xQueueRemoveFromSet                      0x0800bb17   Thumb Code    48  queue.o(.text)
    xQueueSelectFromSet                      0x0800bb47   Thumb Code    26  queue.o(.text)
    xQueueSelectFromSetFromISR               0x0800bb61   Thumb Code    22  queue.o(.text)
    xTaskCreate                              0x0800bd09   Thumb Code    96  tasks.o(.text)
    vTaskDelete                              0x0800bda5   Thumb Code   192  tasks.o(.text)
    xTaskIncrementTick                       0x0800be65   Thumb Code   396  tasks.o(.text)
    xTaskResumeAll                           0x0800bff1   Thumb Code   218  tasks.o(.text)
    vTaskSuspendAll                          0x0800c147   Thumb Code    12  tasks.o(.text)
    vTaskDelayUntil                          0x0800c153   Thumb Code   182  tasks.o(.text)
    vTaskDelay                               0x0800c209   Thumb Code    76  tasks.o(.text)
    eTaskGetState                            0x0800c255   Thumb Code   106  tasks.o(.text)
    uxTaskPriorityGet                        0x0800c2bf   Thumb Code    30  tasks.o(.text)
    uxTaskPriorityGetFromISR                 0x0800c2dd   Thumb Code    62  tasks.o(.text)
    vTaskPrioritySet                         0x0800c31b   Thumb Code   320  tasks.o(.text)
    vTaskSwitchContext                       0x0800c45b   Thumb Code   114  tasks.o(.text)
    vTaskSuspend                             0x0800c4cd   Thumb Code   190  tasks.o(.text)
    vTaskResume                              0x0800c5d7   Thumb Code   122  tasks.o(.text)
    xTaskResumeFromISR                       0x0800c651   Thumb Code   152  tasks.o(.text)
    vTaskStartScheduler                      0x0800c747   Thumb Code   112  tasks.o(.text)
    vTaskEndScheduler                        0x0800c7b7   Thumb Code    32  tasks.o(.text)
    xTaskGetTickCount                        0x0800c7d7   Thumb Code     6  tasks.o(.text)
    xTaskGetTickCountFromISR                 0x0800c7dd   Thumb Code    16  tasks.o(.text)
    uxTaskGetNumberOfTasks                   0x0800c7ed   Thumb Code     6  tasks.o(.text)
    pcTaskGetName                            0x0800c7f3   Thumb Code    40  tasks.o(.text)
    vTaskGetInfo                             0x0800c879   Thumb Code   114  tasks.o(.text)
    uxTaskGetSystemState                     0x0800c955   Thumb Code   152  tasks.o(.text)
    vTaskPlaceOnEventList                    0x0800c9ed   Thumb Code    46  tasks.o(.text)
    vTaskPlaceOnUnorderedEventList           0x0800ca1b   Thumb Code    88  tasks.o(.text)
    vTaskPlaceOnEventListRestricted          0x0800ca73   Thumb Code    54  tasks.o(.text)
    xTaskRemoveFromEventList                 0x0800caa9   Thumb Code   122  tasks.o(.text)
    xTaskRemoveFromUnorderedEventList        0x0800cb23   Thumb Code   142  tasks.o(.text)
    vTaskSetTimeOutState                     0x0800cbb1   Thumb Code    36  tasks.o(.text)
    xTaskCheckForTimeOut                     0x0800cbd5   Thumb Code   124  tasks.o(.text)
    vTaskMissedYield                         0x0800cc51   Thumb Code     8  tasks.o(.text)
    uxTaskGetTaskNumber                      0x0800cc59   Thumb Code    68  tasks.o(.text)
    vTaskSetTaskNumber                       0x0800cc9d   Thumb Code     8  tasks.o(.text)
    xTaskGetCurrentTaskHandle                0x0800cca5   Thumb Code     6  tasks.o(.text)
    xTaskGetSchedulerState                   0x0800ccab   Thumb Code    24  tasks.o(.text)
    vTaskPriorityInherit                     0x0800ccc3   Thumb Code   164  tasks.o(.text)
    xTaskPriorityDisinherit                  0x0800cd67   Thumb Code   176  tasks.o(.text)
    vTaskList                                0x0800ce41   Thumb Code   204  tasks.o(.text)
    uxTaskResetEventItemValue                0x0800cf0d   Thumb Code    24  tasks.o(.text)
    pvTaskIncrementMutexHeldCount            0x0800cf25   Thumb Code    26  tasks.o(.text)
    ulTaskNotifyTake                         0x0800cf3f   Thumb Code   108  tasks.o(.text)
    xTaskNotifyWait                          0x0800cfab   Thumb Code   150  tasks.o(.text)
    xTaskGenericNotify                       0x0800d041   Thumb Code   276  tasks.o(.text)
    xTaskGenericNotifyFromISR                0x0800d155   Thumb Code   282  tasks.o(.text)
    vTaskNotifyGiveFromISR                   0x0800d26f   Thumb Code   200  tasks.o(.text)
    xTaskNotifyStateClear                    0x0800d337   Thumb Code    48  tasks.o(.text)
    xTimerGenericCommand                     0x0800d3d9   Thumb Code   118  timers.o(.text)
    xTimerCreateTimerTask                    0x0800d741   Thumb Code    56  timers.o(.text)
    xTimerCreate                             0x0800d81f   Thumb Code    48  timers.o(.text)
    xTimerGetTimerDaemonTaskHandle           0x0800d84f   Thumb Code    38  timers.o(.text)
    xTimerGetPeriod                          0x0800d875   Thumb Code    28  timers.o(.text)
    xTimerGetExpiryTime                      0x0800d891   Thumb Code    30  timers.o(.text)
    pcTimerGetName                           0x0800d8af   Thumb Code    28  timers.o(.text)
    xTimerIsTimerActive                      0x0800d8cb   Thumb Code    50  timers.o(.text)
    pvTimerGetTimerID                        0x0800d8fd   Thumb Code    38  timers.o(.text)
    vTimerSetTimerID                         0x0800d923   Thumb Code    38  timers.o(.text)
    xTimerPendFunctionCallFromISR            0x0800d949   Thumb Code    48  timers.o(.text)
    xTimerPendFunctionCall                   0x0800d979   Thumb Code    70  timers.o(.text)
    Reset_Handler                            0x0800d9c9   Thumb Code     8  startup_stm32f40_41xxx.o(.text)
    ADC_IRQHandler                           0x0800d9e3   Thumb Code     0  startup_stm32f40_41xxx.o(.text)
    CAN1_RX0_IRQHandler                      0x0800d9e3   Thumb Code     0  startup_stm32f40_41xxx.o(.text)
    CAN1_RX1_IRQHandler                      0x0800d9e3   Thumb Code     0  startup_stm32f40_41xxx.o(.text)
    CAN1_SCE_IRQHandler                      0x0800d9e3   Thumb Code     0  startup_stm32f40_41xxx.o(.text)
    CAN1_TX_IRQHandler                       0x0800d9e3   Thumb Code     0  startup_stm32f40_41xxx.o(.text)
    CAN2_RX0_IRQHandler                      0x0800d9e3   Thumb Code     0  startup_stm32f40_41xxx.o(.text)
    CAN2_RX1_IRQHandler                      0x0800d9e3   Thumb Code     0  startup_stm32f40_41xxx.o(.text)
    CAN2_SCE_IRQHandler                      0x0800d9e3   Thumb Code     0  startup_stm32f40_41xxx.o(.text)
    CAN2_TX_IRQHandler                       0x0800d9e3   Thumb Code     0  startup_stm32f40_41xxx.o(.text)
    CRYP_IRQHandler                          0x0800d9e3   Thumb Code     0  startup_stm32f40_41xxx.o(.text)
    DCMI_IRQHandler                          0x0800d9e3   Thumb Code     0  startup_stm32f40_41xxx.o(.text)
    DMA1_Stream0_IRQHandler                  0x0800d9e3   Thumb Code     0  startup_stm32f40_41xxx.o(.text)
    DMA1_Stream1_IRQHandler                  0x0800d9e3   Thumb Code     0  startup_stm32f40_41xxx.o(.text)
    DMA1_Stream2_IRQHandler                  0x0800d9e3   Thumb Code     0  startup_stm32f40_41xxx.o(.text)
    DMA1_Stream3_IRQHandler                  0x0800d9e3   Thumb Code     0  startup_stm32f40_41xxx.o(.text)
    DMA1_Stream4_IRQHandler                  0x0800d9e3   Thumb Code     0  startup_stm32f40_41xxx.o(.text)
    DMA1_Stream5_IRQHandler                  0x0800d9e3   Thumb Code     0  startup_stm32f40_41xxx.o(.text)
    DMA1_Stream6_IRQHandler                  0x0800d9e3   Thumb Code     0  startup_stm32f40_41xxx.o(.text)
    DMA1_Stream7_IRQHandler                  0x0800d9e3   Thumb Code     0  startup_stm32f40_41xxx.o(.text)
    DMA2_Stream0_IRQHandler                  0x0800d9e3   Thumb Code     0  startup_stm32f40_41xxx.o(.text)
    DMA2_Stream1_IRQHandler                  0x0800d9e3   Thumb Code     0  startup_stm32f40_41xxx.o(.text)
    DMA2_Stream2_IRQHandler                  0x0800d9e3   Thumb Code     0  startup_stm32f40_41xxx.o(.text)
    DMA2_Stream3_IRQHandler                  0x0800d9e3   Thumb Code     0  startup_stm32f40_41xxx.o(.text)
    DMA2_Stream4_IRQHandler                  0x0800d9e3   Thumb Code     0  startup_stm32f40_41xxx.o(.text)
    DMA2_Stream5_IRQHandler                  0x0800d9e3   Thumb Code     0  startup_stm32f40_41xxx.o(.text)
    DMA2_Stream6_IRQHandler                  0x0800d9e3   Thumb Code     0  startup_stm32f40_41xxx.o(.text)
    DMA2_Stream7_IRQHandler                  0x0800d9e3   Thumb Code     0  startup_stm32f40_41xxx.o(.text)
    ETH_IRQHandler                           0x0800d9e3   Thumb Code     0  startup_stm32f40_41xxx.o(.text)
    ETH_WKUP_IRQHandler                      0x0800d9e3   Thumb Code     0  startup_stm32f40_41xxx.o(.text)
    EXTI0_IRQHandler                         0x0800d9e3   Thumb Code     0  startup_stm32f40_41xxx.o(.text)
    EXTI15_10_IRQHandler                     0x0800d9e3   Thumb Code     0  startup_stm32f40_41xxx.o(.text)
    EXTI1_IRQHandler                         0x0800d9e3   Thumb Code     0  startup_stm32f40_41xxx.o(.text)
    EXTI2_IRQHandler                         0x0800d9e3   Thumb Code     0  startup_stm32f40_41xxx.o(.text)
    EXTI3_IRQHandler                         0x0800d9e3   Thumb Code     0  startup_stm32f40_41xxx.o(.text)
    EXTI4_IRQHandler                         0x0800d9e3   Thumb Code     0  startup_stm32f40_41xxx.o(.text)
    EXTI9_5_IRQHandler                       0x0800d9e3   Thumb Code     0  startup_stm32f40_41xxx.o(.text)
    FLASH_IRQHandler                         0x0800d9e3   Thumb Code     0  startup_stm32f40_41xxx.o(.text)
    FPU_IRQHandler                           0x0800d9e3   Thumb Code     0  startup_stm32f40_41xxx.o(.text)
    FSMC_IRQHandler                          0x0800d9e3   Thumb Code     0  startup_stm32f40_41xxx.o(.text)
    HASH_RNG_IRQHandler                      0x0800d9e3   Thumb Code     0  startup_stm32f40_41xxx.o(.text)
    I2C1_ER_IRQHandler                       0x0800d9e3   Thumb Code     0  startup_stm32f40_41xxx.o(.text)
    I2C1_EV_IRQHandler                       0x0800d9e3   Thumb Code     0  startup_stm32f40_41xxx.o(.text)
    I2C2_ER_IRQHandler                       0x0800d9e3   Thumb Code     0  startup_stm32f40_41xxx.o(.text)
    I2C2_EV_IRQHandler                       0x0800d9e3   Thumb Code     0  startup_stm32f40_41xxx.o(.text)
    I2C3_ER_IRQHandler                       0x0800d9e3   Thumb Code     0  startup_stm32f40_41xxx.o(.text)
    I2C3_EV_IRQHandler                       0x0800d9e3   Thumb Code     0  startup_stm32f40_41xxx.o(.text)
    OTG_FS_IRQHandler                        0x0800d9e3   Thumb Code     0  startup_stm32f40_41xxx.o(.text)
    OTG_FS_WKUP_IRQHandler                   0x0800d9e3   Thumb Code     0  startup_stm32f40_41xxx.o(.text)
    OTG_HS_EP1_IN_IRQHandler                 0x0800d9e3   Thumb Code     0  startup_stm32f40_41xxx.o(.text)
    OTG_HS_EP1_OUT_IRQHandler                0x0800d9e3   Thumb Code     0  startup_stm32f40_41xxx.o(.text)
    OTG_HS_IRQHandler                        0x0800d9e3   Thumb Code     0  startup_stm32f40_41xxx.o(.text)
    OTG_HS_WKUP_IRQHandler                   0x0800d9e3   Thumb Code     0  startup_stm32f40_41xxx.o(.text)
    PVD_IRQHandler                           0x0800d9e3   Thumb Code     0  startup_stm32f40_41xxx.o(.text)
    RCC_IRQHandler                           0x0800d9e3   Thumb Code     0  startup_stm32f40_41xxx.o(.text)
    RTC_Alarm_IRQHandler                     0x0800d9e3   Thumb Code     0  startup_stm32f40_41xxx.o(.text)
    RTC_WKUP_IRQHandler                      0x0800d9e3   Thumb Code     0  startup_stm32f40_41xxx.o(.text)
    SDIO_IRQHandler                          0x0800d9e3   Thumb Code     0  startup_stm32f40_41xxx.o(.text)
    SPI1_IRQHandler                          0x0800d9e3   Thumb Code     0  startup_stm32f40_41xxx.o(.text)
    SPI2_IRQHandler                          0x0800d9e3   Thumb Code     0  startup_stm32f40_41xxx.o(.text)
    SPI3_IRQHandler                          0x0800d9e3   Thumb Code     0  startup_stm32f40_41xxx.o(.text)
    TAMP_STAMP_IRQHandler                    0x0800d9e3   Thumb Code     0  startup_stm32f40_41xxx.o(.text)
    TIM1_BRK_TIM9_IRQHandler                 0x0800d9e3   Thumb Code     0  startup_stm32f40_41xxx.o(.text)
    TIM1_CC_IRQHandler                       0x0800d9e3   Thumb Code     0  startup_stm32f40_41xxx.o(.text)
    TIM1_TRG_COM_TIM11_IRQHandler            0x0800d9e3   Thumb Code     0  startup_stm32f40_41xxx.o(.text)
    TIM1_UP_TIM10_IRQHandler                 0x0800d9e3   Thumb Code     0  startup_stm32f40_41xxx.o(.text)
    TIM2_IRQHandler                          0x0800d9e3   Thumb Code     0  startup_stm32f40_41xxx.o(.text)
    TIM3_IRQHandler                          0x0800d9e3   Thumb Code     0  startup_stm32f40_41xxx.o(.text)
    TIM7_IRQHandler                          0x0800d9e3   Thumb Code     0  startup_stm32f40_41xxx.o(.text)
    TIM8_BRK_TIM12_IRQHandler                0x0800d9e3   Thumb Code     0  startup_stm32f40_41xxx.o(.text)
    TIM8_CC_IRQHandler                       0x0800d9e3   Thumb Code     0  startup_stm32f40_41xxx.o(.text)
    TIM8_TRG_COM_TIM14_IRQHandler            0x0800d9e3   Thumb Code     0  startup_stm32f40_41xxx.o(.text)
    TIM8_UP_TIM13_IRQHandler                 0x0800d9e3   Thumb Code     0  startup_stm32f40_41xxx.o(.text)
    UART4_IRQHandler                         0x0800d9e3   Thumb Code     0  startup_stm32f40_41xxx.o(.text)
    UART5_IRQHandler                         0x0800d9e3   Thumb Code     0  startup_stm32f40_41xxx.o(.text)
    USART3_IRQHandler                        0x0800d9e3   Thumb Code     0  startup_stm32f40_41xxx.o(.text)
    USART6_IRQHandler                        0x0800d9e3   Thumb Code     0  startup_stm32f40_41xxx.o(.text)
    WWDG_IRQHandler                          0x0800d9e3   Thumb Code     0  startup_stm32f40_41xxx.o(.text)
    __user_initial_stackheap                 0x0800d9e5   Thumb Code     0  startup_stm32f40_41xxx.o(.text)
    pvPortMalloc                             0x0800dacb   Thumb Code   262  heap_4.o(.text)
    vPortFree                                0x0800dbd1   Thumb Code   120  heap_4.o(.text)
    xPortGetFreeHeapSize                     0x0800dc49   Thumb Code     6  heap_4.o(.text)
    xPortGetMinimumEverFreeHeapSize          0x0800dc4f   Thumb Code     6  heap_4.o(.text)
    vPortInitialiseBlocks                    0x0800dc55   Thumb Code     2  heap_4.o(.text)
    pxPortInitialiseStack                    0x0800dcdb   Thumb Code    38  port.o(.text)
    vPortSetupTimerInterrupt                 0x0800dd01   Thumb Code    26  port.o(.text)
    xPortStartScheduler                      0x0800dd1b   Thumb Code   258  port.o(.text)
    vPortEndScheduler                        0x0800de1d   Thumb Code    34  port.o(.text)
    vPortEnterCritical                       0x0800de3f   Thumb Code    70  port.o(.text)
    vPortExitCritical                        0x0800de85   Thumb Code    48  port.o(.text)
    xPortSysTickHandler                      0x0800deb5   Thumb Code    48  port.o(.text)
    vPortValidateInterruptPriority           0x0800dee5   Thumb Code    88  port.o(.text)
    __use_no_semihosting                     0x0800df9d   Thumb Code     2  use_no_semi_2.o(.text)
    __2printf                                0x0800dfa1   Thumb Code    20  noretval__2printf.o(.text)
    __2sprintf                               0x0800dfb9   Thumb Code    34  noretval__2sprintf.o(.text)
    _printf_str                              0x0800dfe1   Thumb Code    82  _printf_str.o(.text)
    _printf_int_dec                          0x0800e035   Thumb Code   100  _printf_dec.o(.text)
    __printf                                 0x0800e0a9   Thumb Code   270  __printf_wp.o(.text)
    strcpy                                   0x0800e1b7   Thumb Code    72  strcpy.o(.text)
    strlen                                   0x0800e1ff   Thumb Code    62  strlen.o(.text)
    __aeabi_memcpy                           0x0800e23d   Thumb Code     0  rt_memcpy_v6.o(.text)
    __rt_memcpy                              0x0800e23d   Thumb Code   138  rt_memcpy_v6.o(.text)
    _memcpy_lastbytes                        0x0800e2a3   Thumb Code     0  rt_memcpy_v6.o(.text)
    __aeabi_memset                           0x0800e2c7   Thumb Code    16  aeabi_memset.o(.text)
    __use_two_region_memory                  0x0800e2d7   Thumb Code     2  heapauxi.o(.text)
    __rt_heap_escrow$2region                 0x0800e2d9   Thumb Code     2  heapauxi.o(.text)
    __rt_heap_expand$2region                 0x0800e2db   Thumb Code     2  heapauxi.o(.text)
    __I$use$semihosting                      0x0800e2dd   Thumb Code     0  use_no_semi.o(.text)
    __use_no_semihosting_swi                 0x0800e2dd   Thumb Code     2  use_no_semi.o(.text)
    __read_errno                             0x0800e2df   Thumb Code    10  _rserrno.o(.text)
    __set_errno                              0x0800e2e9   Thumb Code    12  _rserrno.o(.text)
    _printf_int_common                       0x0800e2f5   Thumb Code   178  _printf_intcommon.o(.text)
    __lib_sel_fp_printf                      0x0800e3a7   Thumb Code     2  _printf_fp_dec.o(.text)
    _printf_fp_dec_real                      0x0800e555   Thumb Code   616  _printf_fp_dec.o(.text)
    _printf_char_common                      0x0800e7c7   Thumb Code    32  _printf_char_common.o(.text)
    _sputc                                   0x0800e7ed   Thumb Code    10  _sputc.o(.text)
    _printf_cs_common                        0x0800e7f7   Thumb Code    20  _printf_char.o(.text)
    _printf_char                             0x0800e80b   Thumb Code    16  _printf_char.o(.text)
    _printf_string                           0x0800e81b   Thumb Code     8  _printf_char.o(.text)
    _printf_char_file                        0x0800e825   Thumb Code    32  _printf_char_file.o(.text)
    __aeabi_memcpy4                          0x0800e849   Thumb Code     0  rt_memcpy_w.o(.text)
    __aeabi_memcpy8                          0x0800e849   Thumb Code     0  rt_memcpy_w.o(.text)
    __rt_memcpy_w                            0x0800e849   Thumb Code   100  rt_memcpy_w.o(.text)
    _memcpy_lastbytes_aligned                0x0800e891   Thumb Code     0  rt_memcpy_w.o(.text)
    __aeabi_memclr                           0x0800e8ad   Thumb Code     0  rt_memclr.o(.text)
    __rt_memclr                              0x0800e8ad   Thumb Code    68  rt_memclr.o(.text)
    _memset                                  0x0800e8b1   Thumb Code     0  rt_memclr.o(.text)
    __rt_locale                              0x0800e8f1   Thumb Code     8  rt_locale_intlibspace.o(.text)
    __aeabi_errno_addr                       0x0800e8f9   Thumb Code     8  rt_errno_addr_intlibspace.o(.text)
    __errno$intlibspace                      0x0800e8f9   Thumb Code     0  rt_errno_addr_intlibspace.o(.text)
    __rt_errno_addr$intlibspace              0x0800e8f9   Thumb Code     0  rt_errno_addr_intlibspace.o(.text)
    _ll_udiv10                               0x0800e901   Thumb Code   138  lludiv10.o(.text)
    _printf_fp_infnan                        0x0800e98d   Thumb Code   112  _printf_fp_infnan.o(.text)
    _btod_etento                             0x0800ea0d   Thumb Code   212  bigflt0.o(.text)
    ferror                                   0x0800eae5   Thumb Code     8  ferror.o(.text)
    __aeabi_memclr4                          0x0800eaed   Thumb Code     0  rt_memclr_w.o(.text)
    __aeabi_memclr8                          0x0800eaed   Thumb Code     0  rt_memclr_w.o(.text)
    __rt_memclr_w                            0x0800eaed   Thumb Code    78  rt_memclr_w.o(.text)
    _memset_w                                0x0800eaf1   Thumb Code     0  rt_memclr_w.o(.text)
    __user_libspace                          0x0800eb3d   Thumb Code     8  libspace.o(.text)
    __user_perproc_libspace                  0x0800eb3d   Thumb Code     0  libspace.o(.text)
    __user_perthread_libspace                0x0800eb3d   Thumb Code     0  libspace.o(.text)
    __user_setup_stackheap                   0x0800eb45   Thumb Code    74  sys_stackheap_outer.o(.text)
    exit                                     0x0800eb8f   Thumb Code    12  exit.o(.text)
    strcmp                                   0x0800eb9d   Thumb Code   128  strcmpv7m.o(.text)
    _btod_d2e                                0x0800ec1d   Thumb Code    62  btod.o(CL$$btod_d2e)
    _d2e_denorm_low                          0x0800ec5b   Thumb Code    70  btod.o(CL$$btod_d2e_denorm_low)
    _d2e_norm_op1                            0x0800eca1   Thumb Code    96  btod.o(CL$$btod_d2e_norm_op1)
    __btod_div_common                        0x0800ed01   Thumb Code   696  btod.o(CL$$btod_div_common)
    _e2e                                     0x0800f039   Thumb Code   198  btod.o(CL$$btod_e2e)
    _btod_ediv                               0x0800f0ff   Thumb Code    40  btod.o(CL$$btod_ediv)
    _btod_emul                               0x0800f127   Thumb Code    40  btod.o(CL$$btod_emul)
    __btod_mult_common                       0x0800f14f   Thumb Code   580  btod.o(CL$$btod_mult_common)
    __ARM_fpclassify                         0x0800f393   Thumb Code    48  fpclassify.o(i.__ARM_fpclassify)
    __hardfp_asin                            0x0800f3c9   Thumb Code   770  asin.o(i.__hardfp_asin)
    __hardfp_atan                            0x0800f739   Thumb Code   632  atan.o(i.__hardfp_atan)
    __hardfp_atan2                           0x0800fa19   Thumb Code   426  atan2.o(i.__hardfp_atan2)
    __hardfp_cos                             0x0800fc09   Thumb Code   200  cos.o(i.__hardfp_cos)
    __hardfp_sin                             0x0800fce1   Thumb Code   200  sin.o(i.__hardfp_sin)
    __ieee754_rem_pio2                       0x0800fdb9   Thumb Code   938  rred.o(i.__ieee754_rem_pio2)
    __kernel_cos                             0x080101f1   Thumb Code   322  cos_i.o(i.__kernel_cos)
    __kernel_poly                            0x08010361   Thumb Code   248  poly.o(i.__kernel_poly)
    __kernel_sin                             0x08010459   Thumb Code   280  sin_i.o(i.__kernel_sin)
    __mathlib_dbl_underflow                  0x08010589   Thumb Code    24  dunder.o(i.__mathlib_dbl_underflow)
    _is_digit                                0x080105a9   Thumb Code    14  __printf_wp.o(i._is_digit)
    atan                                     0x080105b7   Thumb Code    16  atan.o(i.atan)
    fabs                                     0x080105c7   Thumb Code    24  fabs.o(i.fabs)
    sqrt                                     0x080105df   Thumb Code   110  sqrt.o(i.sqrt)
    _get_lc_numeric                          0x0801064d   Thumb Code    44  lc_numeric_c.o(locale$$code)
    __aeabi_dneg                             0x08010679   Thumb Code     0  basic.o(x$fpl$basic)
    _dneg                                    0x08010679   Thumb Code     6  basic.o(x$fpl$basic)
    __aeabi_fneg                             0x0801067f   Thumb Code     0  basic.o(x$fpl$basic)
    _fneg                                    0x0801067f   Thumb Code     6  basic.o(x$fpl$basic)
    _dabs                                    0x08010685   Thumb Code     6  basic.o(x$fpl$basic)
    _fabs                                    0x0801068b   Thumb Code     6  basic.o(x$fpl$basic)
    __aeabi_d2f                              0x08010691   Thumb Code     0  d2f.o(x$fpl$d2f)
    _d2f                                     0x08010691   Thumb Code    98  d2f.o(x$fpl$d2f)
    __aeabi_dadd                             0x080106f5   Thumb Code     0  daddsub_clz.o(x$fpl$dadd)
    _dadd                                    0x080106f5   Thumb Code   332  daddsub_clz.o(x$fpl$dadd)
    __aeabi_ddiv                             0x08010845   Thumb Code     0  ddiv.o(x$fpl$ddiv)
    _ddiv                                    0x08010845   Thumb Code   552  ddiv.o(x$fpl$ddiv)
    __aeabi_d2iz                             0x08010af5   Thumb Code     0  dfix.o(x$fpl$dfix)
    _dfix                                    0x08010af5   Thumb Code    94  dfix.o(x$fpl$dfix)
    __aeabi_i2d                              0x08010b53   Thumb Code     0  dflt_clz.o(x$fpl$dflt)
    _dflt                                    0x08010b53   Thumb Code    46  dflt_clz.o(x$fpl$dflt)
    __aeabi_ui2d                             0x08010b81   Thumb Code     0  dflt_clz.o(x$fpl$dfltu)
    _dfltu                                   0x08010b81   Thumb Code    38  dflt_clz.o(x$fpl$dfltu)
    __aeabi_dmul                             0x08010ba9   Thumb Code     0  dmul.o(x$fpl$dmul)
    _dmul                                    0x08010ba9   Thumb Code   332  dmul.o(x$fpl$dmul)
    __fpl_dnaninf                            0x08010cfd   Thumb Code   156  dnaninf.o(x$fpl$dnaninf)
    __fpl_dretinf                            0x08010d99   Thumb Code    12  dretinf.o(x$fpl$dretinf)
    __aeabi_drsub                            0x08010da5   Thumb Code     0  daddsub_clz.o(x$fpl$drsb)
    _drsb                                    0x08010da5   Thumb Code    22  daddsub_clz.o(x$fpl$drsb)
    _dsqrt                                   0x08010dbd   Thumb Code   404  dsqrt_umaal.o(x$fpl$dsqrt)
    __aeabi_dsub                             0x08010f55   Thumb Code     0  daddsub_clz.o(x$fpl$dsub)
    _dsub                                    0x08010f55   Thumb Code   464  daddsub_clz.o(x$fpl$dsub)
    __aeabi_f2d                              0x08011129   Thumb Code     0  f2d.o(x$fpl$f2d)
    _f2d                                     0x08011129   Thumb Code    86  f2d.o(x$fpl$f2d)
    __fpl_fnaninf                            0x0801117f   Thumb Code   140  fnaninf.o(x$fpl$fnaninf)
    _fp_init                                 0x0801120b   Thumb Code    10  fpinit.o(x$fpl$fpinit)
    __fplib_config_fpu_vfp                   0x08011213   Thumb Code     0  fpinit.o(x$fpl$fpinit)
    __fplib_config_pureend_doubles           0x08011213   Thumb Code     0  fpinit.o(x$fpl$fpinit)
    __fpl_fretinf                            0x08011215   Thumb Code    10  fretinf.o(x$fpl$fretinf)
    _printf_fp_dec                           0x0801121f   Thumb Code     4  printf1.o(x$fpl$printf1)
    __I$use$fp                               0x08011222   Number         0  usenofp.o(x$fpl$usenofp)
    char_1206                                0x08011222   Data        1140  lcd.o(.constdata)
    char_1608                                0x08011696   Data        1520  lcd.o(.constdata)
    char_2412                                0x08011c86   Data        3420  lcd.o(.constdata)
    FSMC_DefaultTimingStruct                 0x080129e4   Data          28  stm32f4xx_fsmc.o(.constdata)
    __mathlib_zero                           0x08012b18   Data           8  qnan.o(.constdata)
    Region$$Table$$Base                      0x08012ca4   Number         0  anon$$obj.o(Region$$Table)
    Region$$Table$$Limit                     0x08012cc4   Number         0  anon$$obj.o(Region$$Table)
    Debug                                    0x20000000   Data           1  main.o(.data)
    tasknum                                  0x20000001   Data           1  main.o(.data)
    use_freertos                             0x20000002   Data           1  main.o(.data)
    test_flag                                0x20000003   Data           1  main.o(.data)
    SystemCoreClock                          0x20000004   Data           4  system_stm32f4xx.o(.data)
    AHBPrescTable                            0x20000008   Data          16  system_stm32f4xx.o(.data)
    START                                    0x20000018   Data           1  app.o(.data)
    USART_IN_BinarySemaphore                 0x2000001c   Data           4  app.o(.data)
    USART_OUT_BinarySemaphore                0x20000020   Data           4  app.o(.data)
    LEDtask_Handler                          0x20000024   Data           4  app.o(.data)
    KEY1_CountSemaphore                      0x20000028   Data           4  app.o(.data)
    KEY2_CountSemaphore                      0x2000002c   Data           4  app.o(.data)
    KEY3_CountSemaphore                      0x20000030   Data           4  app.o(.data)
    KEY4_CountSemaphore                      0x20000034   Data           4  app.o(.data)
    BEEP_CountSemaphore                      0x20000038   Data           4  app.o(.data)
    LED_CountSemaphore                       0x2000003c   Data           4  app.o(.data)
    DataINtask_Handler                       0x20000040   Data           4  app.o(.data)
    DataOUTtask_Handler                      0x20000044   Data           4  app.o(.data)
    KEYtask_Handler                          0x20000048   Data           4  app.o(.data)
    ENDtask_Handler                          0x2000004c   Data           4  app.o(.data)
    BEEPtask_Handler                         0x20000050   Data           4  app.o(.data)
    LED1task_Handler                         0x20000054   Data           4  app.o(.data)
    Starttask_Handler                        0x20000058   Data           4  app.o(.data)
    exp_Angle                                0x2000005c   Data           8  function.o(.data)
    current_Angle                            0x20000064   Data           8  function.o(.data)
    Task1task_Handler                        0x2000006c   Data           4  task1.o(.data)
    i_1                                      0x20000070   Data           1  task1.o(.data)
    q_1                                      0x20000071   Data           1  task1.o(.data)
    YON                                      0x20000072   Data           1  task1.o(.data)
    XON                                      0x20000073   Data           1  task1.o(.data)
    Task2task_Handler                        0x20000078   Data           4  task2.o(.data)
    i_2                                      0x2000007c   Data           1  task2.o(.data)
    q_2                                      0x2000007d   Data           1  task2.o(.data)
    Task3task_Handler                        0x20000084   Data           4  task3.o(.data)
    i_3                                      0x20000088   Data           1  task3.o(.data)
    q_3                                      0x20000089   Data           1  task3.o(.data)
    Task4task_Handler                        0x20000090   Data           4  task4.o(.data)
    Task5task_Handler                        0x20000094   Data           4  task5.o(.data)
    i_5                                      0x20000098   Data           1  task5.o(.data)
    q_5                                      0x20000099   Data           1  task5.o(.data)
    ex                                       0x2000009a   Data           1  task5.o(.data)
    ey                                       0x2000009b   Data           1  task5.o(.data)
    __stdout                                 0x200000a0   Data           4  usart.o(.data)
    USART_RX_STA                             0x200000a4   Data           2  usart.o(.data)
    USART_RX_STA2                            0x200000a6   Data           2  usart2.o(.data)
    g_Period_TIM1                            0x200000a8   Data           2  pwmout8.o(.data)
    g_Period_TIM3                            0x200000aa   Data           2  pwmout8.o(.data)
    NEED_FULLPWM                             0x200000ac   Data           1  pwmin.o(.data)
    Yes                                      0x200000ad   Data           1  pwmin.o(.data)
    ring_on                                  0x200000b6   Data           1  beed.o(.data)
    ring_off                                 0x200000b7   Data           1  beed.o(.data)
    BRUSH_COLOR                              0x200000b8   Data           2  lcd.o(.data)
    BACK_COLOR                               0x200000ba   Data           2  lcd.o(.data)
    lcd_id                                   0x200000bc   Data           2  lcd.o(.data)
    dir_flag                                 0x200000be   Data           1  lcd.o(.data)
    lcd_width                                0x200000c0   Data           2  lcd.o(.data)
    lcd_height                               0x200000c2   Data           2  lcd.o(.data)
    write_gramcmd                            0x200000c4   Data           2  lcd.o(.data)
    setxcmd                                  0x200000c6   Data           2  lcd.o(.data)
    setycmd                                  0x200000c8   Data           2  lcd.o(.data)
    TIMER_BinarySemaphore                    0x200000cc   Data           4  timer.o(.data)
    Kp                                       0x200000d0   Data           4  attitude.o(.data)
    Ki                                       0x200000d4   Data           4  attitude.o(.data)
    q0                                       0x200000d8   Data           4  attitude.o(.data)
    q1                                       0x200000dc   Data           4  attitude.o(.data)
    q2                                       0x200000e0   Data           4  attitude.o(.data)
    q3                                       0x200000e4   Data           4  attitude.o(.data)
    exInt                                    0x200000e8   Data           4  attitude.o(.data)
    eyInt                                    0x200000ec   Data           4  attitude.o(.data)
    ezInt                                    0x200000f0   Data           4  attitude.o(.data)
    r                                        0x200000f4   Data           2  pid.o(.data)
    IE                                       0x200000f8   Data           4  pid.o(.data)
    DE                                       0x200000fc   Data           4  pid.o(.data)
    X_P                                      0x20000100   Data           4  pid.o(.data)
    X_I                                      0x20000104   Data           4  pid.o(.data)
    X_D                                      0x20000108   Data           4  pid.o(.data)
    Xe                                       0x2000010c   Data           4  pid.o(.data)
    Xe_1                                     0x20000110   Data           4  pid.o(.data)
    XIerror                                  0x20000114   Data           4  pid.o(.data)
    Y_P                                      0x20000118   Data           4  pid.o(.data)
    Y_I                                      0x2000011c   Data           4  pid.o(.data)
    Y_D                                      0x20000120   Data           4  pid.o(.data)
    Ye                                       0x20000124   Data           4  pid.o(.data)
    Ye_1                                     0x20000128   Data           4  pid.o(.data)
    YIerror                                  0x2000012c   Data           4  pid.o(.data)
    pxCurrentTCB                             0x20000140   Data           4  tasks.o(.data)
    USART_RX_BUF                             0x200001b4   Data         200  usart.o(.bss)
    USART_RX_BUF2                            0x2000027c   Data         200  usart2.o(.bss)
    CH1                                      0x20000344   Data          52  pwmin.o(.bss)
    CH2                                      0x20000378   Data          52  pwmin.o(.bss)
    CH3                                      0x200003ac   Data          52  pwmin.o(.bss)
    CH4                                      0x200003e0   Data          52  pwmin.o(.bss)
    CH5                                      0x20000414   Data          52  pwmin.o(.bss)
    CH6                                      0x20000448   Data          52  pwmin.o(.bss)
    CH7                                      0x2000047c   Data          52  pwmin.o(.bss)
    CH8                                      0x200004b0   Data          52  pwmin.o(.bss)
    PWMCH1                                   0x200004e4   Data          16  pwmin.o(.bss)
    PWMCH2                                   0x200004f4   Data          16  pwmin.o(.bss)
    PWMCH3                                   0x20000504   Data          16  pwmin.o(.bss)
    PWMCH4                                   0x20000514   Data          16  pwmin.o(.bss)
    PWMCH5                                   0x20000524   Data          16  pwmin.o(.bss)
    PWMCH6                                   0x20000534   Data          16  pwmin.o(.bss)
    PWMCH7                                   0x20000544   Data          16  pwmin.o(.bss)
    PWMCH8                                   0x20000554   Data          16  pwmin.o(.bss)
    MPU_Offset                               0x20000564   Data          44  mpu6050.o(.bss)
    xQueueRegistry                           0x20000590   Data          64  queue.o(.bss)
    __libspace_start                         0x200058dc   Data          96  libspace.o(.bss)
    __temporary_stack_top$libspace           0x2000593c   Data           0  libspace.o(.bss)



==============================================================================

Memory Map of the image

  Image Entry point : 0x08000189

  Load Region LR_IROM1 (Base: 0x08000000, Size: 0x00012e94, Max: 0x00100000, ABSOLUTE, COMPRESSED[0x00012d40])

    Execution Region ER_IROM1 (Base: 0x08000000, Size: 0x00012ce0, Max: 0x00100000, ABSOLUTE)

    Base Addr    Size         Type   Attr      Idx    E Section Name        Object

    0x08000000   0x00000188   Data   RO         1826    RESET               startup_stm32f40_41xxx.o
    0x08000188   0x00000008   Code   RO         1946  * !!!main             c_w.l(__main.o)
    0x08000190   0x00000034   Code   RO         2321    !!!scatter          c_w.l(__scatter.o)
    0x080001c4   0x0000005a   Code   RO         2319    !!dczerorl2         c_w.l(__dczerorl2.o)
    0x0800021e   0x00000002   PAD
    0x08000220   0x0000001c   Code   RO         2323    !!handler_zi        c_w.l(__scatter_zi.o)
    0x0800023c   0x00000000   Code   RO         1935    .ARM.Collect$$_printf_percent$$00000000  c_w.l(_printf_percent.o)
    0x0800023c   0x00000006   Code   RO         1934    .ARM.Collect$$_printf_percent$$00000003  c_w.l(_printf_f.o)
    0x08000242   0x00000006   Code   RO         1932    .ARM.Collect$$_printf_percent$$00000009  c_w.l(_printf_d.o)
    0x08000248   0x00000006   Code   RO         1933    .ARM.Collect$$_printf_percent$$0000000A  c_w.l(_printf_u.o)
    0x0800024e   0x00000006   Code   RO         1930    .ARM.Collect$$_printf_percent$$00000013  c_w.l(_printf_c.o)
    0x08000254   0x00000006   Code   RO         1931    .ARM.Collect$$_printf_percent$$00000014  c_w.l(_printf_s.o)
    0x0800025a   0x00000004   Code   RO         2037    .ARM.Collect$$_printf_percent$$00000017  c_w.l(_printf_percent_end.o)
    0x0800025e   0x00000002   Code   RO         2197    .ARM.Collect$$libinit$$00000000  c_w.l(libinit.o)
    0x08000260   0x00000004   Code   RO         2198    .ARM.Collect$$libinit$$00000001  c_w.l(libinit2.o)
    0x08000264   0x00000000   Code   RO         2202    .ARM.Collect$$libinit$$00000008  c_w.l(libinit2.o)
    0x08000264   0x00000000   Code   RO         2204    .ARM.Collect$$libinit$$0000000A  c_w.l(libinit2.o)
    0x08000264   0x00000000   Code   RO         2206    .ARM.Collect$$libinit$$0000000C  c_w.l(libinit2.o)
    0x08000264   0x00000006   Code   RO         2207    .ARM.Collect$$libinit$$0000000D  c_w.l(libinit2.o)
    0x0800026a   0x00000000   Code   RO         2209    .ARM.Collect$$libinit$$0000000F  c_w.l(libinit2.o)
    0x0800026a   0x00000000   Code   RO         2211    .ARM.Collect$$libinit$$00000011  c_w.l(libinit2.o)
    0x0800026a   0x00000000   Code   RO         2213    .ARM.Collect$$libinit$$00000013  c_w.l(libinit2.o)
    0x0800026a   0x0000000a   Code   RO         2214    .ARM.Collect$$libinit$$00000014  c_w.l(libinit2.o)
    0x08000274   0x00000000   Code   RO         2215    .ARM.Collect$$libinit$$00000015  c_w.l(libinit2.o)
    0x08000274   0x00000000   Code   RO         2217    .ARM.Collect$$libinit$$00000017  c_w.l(libinit2.o)
    0x08000274   0x00000000   Code   RO         2219    .ARM.Collect$$libinit$$00000019  c_w.l(libinit2.o)
    0x08000274   0x00000000   Code   RO         2221    .ARM.Collect$$libinit$$0000001B  c_w.l(libinit2.o)
    0x08000274   0x00000000   Code   RO         2223    .ARM.Collect$$libinit$$0000001D  c_w.l(libinit2.o)
    0x08000274   0x00000000   Code   RO         2225    .ARM.Collect$$libinit$$0000001F  c_w.l(libinit2.o)
    0x08000274   0x00000000   Code   RO         2227    .ARM.Collect$$libinit$$00000021  c_w.l(libinit2.o)
    0x08000274   0x00000000   Code   RO         2229    .ARM.Collect$$libinit$$00000023  c_w.l(libinit2.o)
    0x08000274   0x00000000   Code   RO         2233    .ARM.Collect$$libinit$$0000002A  c_w.l(libinit2.o)
    0x08000274   0x00000000   Code   RO         2235    .ARM.Collect$$libinit$$0000002C  c_w.l(libinit2.o)
    0x08000274   0x00000000   Code   RO         2237    .ARM.Collect$$libinit$$0000002E  c_w.l(libinit2.o)
    0x08000274   0x00000000   Code   RO         2239    .ARM.Collect$$libinit$$00000030  c_w.l(libinit2.o)
    0x08000274   0x00000002   Code   RO         2240    .ARM.Collect$$libinit$$00000031  c_w.l(libinit2.o)
    0x08000276   0x00000002   Code   RO         2270    .ARM.Collect$$libshutdown$$00000000  c_w.l(libshutdown.o)
    0x08000278   0x00000000   Code   RO         2280    .ARM.Collect$$libshutdown$$00000003  c_w.l(libshutdown2.o)
    0x08000278   0x00000000   Code   RO         2283    .ARM.Collect$$libshutdown$$00000006  c_w.l(libshutdown2.o)
    0x08000278   0x00000000   Code   RO         2286    .ARM.Collect$$libshutdown$$00000009  c_w.l(libshutdown2.o)
    0x08000278   0x00000000   Code   RO         2288    .ARM.Collect$$libshutdown$$0000000B  c_w.l(libshutdown2.o)
    0x08000278   0x00000000   Code   RO         2291    .ARM.Collect$$libshutdown$$0000000E  c_w.l(libshutdown2.o)
    0x08000278   0x00000002   Code   RO         2292    .ARM.Collect$$libshutdown$$0000000F  c_w.l(libshutdown2.o)
    0x0800027a   0x00000000   Code   RO         2022    .ARM.Collect$$rtentry$$00000000  c_w.l(rtentry.o)
    0x0800027a   0x00000000   Code   RO         2103    .ARM.Collect$$rtentry$$00000002  c_w.l(rtentry2.o)
    0x0800027a   0x00000006   Code   RO         2115    .ARM.Collect$$rtentry$$00000004  c_w.l(rtentry4.o)
    0x08000280   0x00000000   Code   RO         2105    .ARM.Collect$$rtentry$$00000009  c_w.l(rtentry2.o)
    0x08000280   0x00000004   Code   RO         2106    .ARM.Collect$$rtentry$$0000000A  c_w.l(rtentry2.o)
    0x08000284   0x00000000   Code   RO         2108    .ARM.Collect$$rtentry$$0000000C  c_w.l(rtentry2.o)
    0x08000284   0x00000008   Code   RO         2109    .ARM.Collect$$rtentry$$0000000D  c_w.l(rtentry2.o)
    0x0800028c   0x00000002   Code   RO         2243    .ARM.Collect$$rtexit$$00000000  c_w.l(rtexit.o)
    0x0800028e   0x00000000   Code   RO         2250    .ARM.Collect$$rtexit$$00000002  c_w.l(rtexit2.o)
    0x0800028e   0x00000004   Code   RO         2251    .ARM.Collect$$rtexit$$00000003  c_w.l(rtexit2.o)
    0x08000292   0x00000006   Code   RO         2252    .ARM.Collect$$rtexit$$00000004  c_w.l(rtexit2.o)
    0x08000298   0x000000b6   Code   RO         1856    .emb_text           port.o
    0x0800034e   0x00000002   PAD
    0x08000350   0x0000069c   Code   RO            3    .text               main.o
    0x080009ec   0x00000014   Code   RO          247    .text               stm32f4xx_it.o
    0x08000a00   0x00000210   Code   RO          270    .text               system_stm32f4xx.o
    0x08000c10   0x00001290   Code   RO          296    .text               app.o
    0x08001ea0   0x00000268   Code   RO          380    .text               function.o
    0x08002108   0x00000780   Code   RO          421    .text               task1.o
    0x08002888   0x000006e0   Code   RO          449    .text               task2.o
    0x08002f68   0x000005b4   Code   RO          473    .text               task3.o
    0x0800351c   0x000001fc   Code   RO          497    .text               task4.o
    0x08003718   0x000003d4   Code   RO          521    .text               task5.o
    0x08003aec   0x000000ec   Code   RO          545    .text               delay.o
    0x08003bd8   0x000001a4   Code   RO          585    .text               usart.o
    0x08003d7c   0x00000188   Code   RO          620    .text               usart2.o
    0x08003f04   0x00000320   Code   RO          648    .text               gpio.o
    0x08004224   0x000003ec   Code   RO          671    .text               pwmout8.o
    0x08004610   0x00000264   Code   RO          694    .text               myiic.o
    0x08004874   0x00001cfc   Code   RO          717    .text               pwmin.o
    0x08006570   0x00000058   Code   RO          744    .text               led.o
    0x080065c8   0x00000144   Code   RO          764    .text               key.o
    0x0800670c   0x00000110   Code   RO          784    .text               beed.o
    0x0800681c   0x00000618   Code   RO          807    .text               mpu6050.o
    0x08006e34   0x000012e0   Code   RO          833    .text               lcd.o
    0x08008114   0x000000d8   Code   RO          866    .text               timer.o
    0x080081ec   0x000004d4   Code   RO          890    .text               attitude.o
    0x080086c0   0x000004e4   Code   RO          916    .text               pid.o
    0x08008ba4   0x000000e0   Code   RO          942    .text               misc.o
    0x08008c84   0x00000110   Code   RO         1205    .text               stm32f4xx_exti.o
    0x08008d94   0x000005c8   Code   RO         1268    .text               stm32f4xx_fsmc.o
    0x0800935c   0x00000294   Code   RO         1291    .text               stm32f4xx_gpio.o
    0x080095f0   0x0000065c   Code   RO         1454    .text               stm32f4xx_rcc.o
    0x08009c4c   0x00000094   Code   RO         1579    .text               stm32f4xx_syscfg.o
    0x08009ce0   0x00000ca2   Code   RO         1599    .text               stm32f4xx_tim.o
    0x0800a982   0x00000002   PAD
    0x0800a984   0x00000454   Code   RO         1619    .text               stm32f4xx_usart.o
    0x0800add8   0x00000094   Code   RO         1718    .text               list.o
    0x0800ae6c   0x00000d10   Code   RO         1738    .text               queue.o
    0x0800bb7c   0x0000180c   Code   RO         1764    .text               tasks.o
    0x0800d388   0x00000640   Code   RO         1803    .text               timers.o
    0x0800d9c8   0x00000040   Code   RO         1827    .text               startup_stm32f40_41xxx.o
    0x0800da08   0x000002a0   Code   RO         1833    .text               heap_4.o
    0x0800dca8   0x000002f4   Code   RO         1857    .text               port.o
    0x0800df9c   0x00000002   Code   RO         1894    .text               c_w.l(use_no_semi_2.o)
    0x0800df9e   0x00000002   PAD
    0x0800dfa0   0x00000018   Code   RO         1900    .text               c_w.l(noretval__2printf.o)
    0x0800dfb8   0x00000028   Code   RO         1902    .text               c_w.l(noretval__2sprintf.o)
    0x0800dfe0   0x00000052   Code   RO         1906    .text               c_w.l(_printf_str.o)
    0x0800e032   0x00000002   PAD
    0x0800e034   0x00000074   Code   RO         1908    .text               c_w.l(_printf_dec.o)
    0x0800e0a8   0x0000010e   Code   RO         1918    .text               c_w.l(__printf_wp.o)
    0x0800e1b6   0x00000048   Code   RO         1936    .text               c_w.l(strcpy.o)
    0x0800e1fe   0x0000003e   Code   RO         1938    .text               c_w.l(strlen.o)
    0x0800e23c   0x0000008a   Code   RO         1940    .text               c_w.l(rt_memcpy_v6.o)
    0x0800e2c6   0x00000010   Code   RO         1942    .text               c_w.l(aeabi_memset.o)
    0x0800e2d6   0x00000006   Code   RO         1944    .text               c_w.l(heapauxi.o)
    0x0800e2dc   0x00000002   Code   RO         2020    .text               c_w.l(use_no_semi.o)
    0x0800e2de   0x00000016   Code   RO         2023    .text               c_w.l(_rserrno.o)
    0x0800e2f4   0x000000b2   Code   RO         2025    .text               c_w.l(_printf_intcommon.o)
    0x0800e3a6   0x00000416   Code   RO         2027    .text               c_w.l(_printf_fp_dec.o)
    0x0800e7bc   0x00000030   Code   RO         2029    .text               c_w.l(_printf_char_common.o)
    0x0800e7ec   0x0000000a   Code   RO         2031    .text               c_w.l(_sputc.o)
    0x0800e7f6   0x0000002c   Code   RO         2033    .text               c_w.l(_printf_char.o)
    0x0800e822   0x00000002   PAD
    0x0800e824   0x00000024   Code   RO         2035    .text               c_w.l(_printf_char_file.o)
    0x0800e848   0x00000064   Code   RO         2038    .text               c_w.l(rt_memcpy_w.o)
    0x0800e8ac   0x00000044   Code   RO         2040    .text               c_w.l(rt_memclr.o)
    0x0800e8f0   0x00000008   Code   RO         2120    .text               c_w.l(rt_locale_intlibspace.o)
    0x0800e8f8   0x00000008   Code   RO         2125    .text               c_w.l(rt_errno_addr_intlibspace.o)
    0x0800e900   0x0000008a   Code   RO         2127    .text               c_w.l(lludiv10.o)
    0x0800e98a   0x00000002   PAD
    0x0800e98c   0x00000080   Code   RO         2129    .text               c_w.l(_printf_fp_infnan.o)
    0x0800ea0c   0x000000d8   Code   RO         2133    .text               c_w.l(bigflt0.o)
    0x0800eae4   0x00000008   Code   RO         2158    .text               c_w.l(ferror.o)
    0x0800eaec   0x0000004e   Code   RO         2165    .text               c_w.l(rt_memclr_w.o)
    0x0800eb3a   0x00000002   PAD
    0x0800eb3c   0x00000008   Code   RO         2183    .text               c_w.l(libspace.o)
    0x0800eb44   0x0000004a   Code   RO         2186    .text               c_w.l(sys_stackheap_outer.o)
    0x0800eb8e   0x0000000c   Code   RO         2188    .text               c_w.l(exit.o)
    0x0800eb9a   0x00000002   PAD
    0x0800eb9c   0x00000080   Code   RO         2190    .text               c_w.l(strcmpv7m.o)
    0x0800ec1c   0x0000003e   Code   RO         2136    CL$$btod_d2e        c_w.l(btod.o)
    0x0800ec5a   0x00000046   Code   RO         2138    CL$$btod_d2e_denorm_low  c_w.l(btod.o)
    0x0800eca0   0x00000060   Code   RO         2137    CL$$btod_d2e_norm_op1  c_w.l(btod.o)
    0x0800ed00   0x00000338   Code   RO         2146    CL$$btod_div_common  c_w.l(btod.o)
    0x0800f038   0x000000c6   Code   RO         2143    CL$$btod_e2e        c_w.l(btod.o)
    0x0800f0fe   0x00000028   Code   RO         2140    CL$$btod_ediv       c_w.l(btod.o)
    0x0800f126   0x00000028   Code   RO         2139    CL$$btod_emul       c_w.l(btod.o)
    0x0800f14e   0x00000244   Code   RO         2145    CL$$btod_mult_common  c_w.l(btod.o)
    0x0800f392   0x00000030   Code   RO         2074    i.__ARM_fpclassify  m_wm.l(fpclassify.o)
    0x0800f3c2   0x00000006   PAD
    0x0800f3c8   0x00000370   Code   RO         1956    i.__hardfp_asin     m_wm.l(asin.o)
    0x0800f738   0x000002e0   Code   RO         1970    i.__hardfp_atan     m_wm.l(atan.o)
    0x0800fa18   0x000001f0   Code   RO         1984    i.__hardfp_atan2    m_wm.l(atan2.o)
    0x0800fc08   0x000000d8   Code   RO         1996    i.__hardfp_cos      m_wm.l(cos.o)
    0x0800fce0   0x000000d8   Code   RO         2008    i.__hardfp_sin      m_wm.l(sin.o)
    0x0800fdb8   0x00000438   Code   RO         2079    i.__ieee754_rem_pio2  m_wm.l(rred.o)
    0x080101f0   0x00000170   Code   RO         2063    i.__kernel_cos      m_wm.l(cos_i.o)
    0x08010360   0x000000f8   Code   RO         2076    i.__kernel_poly     m_wm.l(poly.o)
    0x08010458   0x00000130   Code   RO         2084    i.__kernel_sin      m_wm.l(sin_i.o)
    0x08010588   0x00000020   Code   RO         2066    i.__mathlib_dbl_underflow  m_wm.l(dunder.o)
    0x080105a8   0x0000000e   Code   RO         1920    i._is_digit         c_w.l(__printf_wp.o)
    0x080105b6   0x00000010   Code   RO         1972    i.atan              m_wm.l(atan.o)
    0x080105c6   0x00000018   Code   RO         2070    i.fabs              m_wm.l(fabs.o)
    0x080105de   0x0000006e   Code   RO         2092    i.sqrt              m_wm.l(sqrt.o)
    0x0801064c   0x0000002c   Code   RO         2163    locale$$code        c_w.l(lc_numeric_c.o)
    0x08010678   0x00000018   Code   RO         2042    x$fpl$basic         fz_wm.l(basic.o)
    0x08010690   0x00000062   Code   RO         1948    x$fpl$d2f           fz_wm.l(d2f.o)
    0x080106f2   0x00000002   PAD
    0x080106f4   0x00000150   Code   RO         2044    x$fpl$dadd          fz_wm.l(daddsub_clz.o)
    0x08010844   0x000002b0   Code   RO         2051    x$fpl$ddiv          fz_wm.l(ddiv.o)
    0x08010af4   0x0000005e   Code   RO         2167    x$fpl$dfix          fz_wm.l(dfix.o)
    0x08010b52   0x0000002e   Code   RO         2172    x$fpl$dflt          fz_wm.l(dflt_clz.o)
    0x08010b80   0x00000026   Code   RO         2171    x$fpl$dfltu         fz_wm.l(dflt_clz.o)
    0x08010ba6   0x00000002   PAD
    0x08010ba8   0x00000154   Code   RO         1950    x$fpl$dmul          fz_wm.l(dmul.o)
    0x08010cfc   0x0000009c   Code   RO         2054    x$fpl$dnaninf       fz_wm.l(dnaninf.o)
    0x08010d98   0x0000000c   Code   RO         2056    x$fpl$dretinf       fz_wm.l(dretinf.o)
    0x08010da4   0x00000016   Code   RO         2045    x$fpl$drsb          fz_wm.l(daddsub_clz.o)
    0x08010dba   0x00000002   PAD
    0x08010dbc   0x00000198   Code   RO         2179    x$fpl$dsqrt         fz_wm.l(dsqrt_umaal.o)
    0x08010f54   0x000001d4   Code   RO         2046    x$fpl$dsub          fz_wm.l(daddsub_clz.o)
    0x08011128   0x00000056   Code   RO         1952    x$fpl$f2d           fz_wm.l(f2d.o)
    0x0801117e   0x0000008c   Code   RO         2058    x$fpl$fnaninf       fz_wm.l(fnaninf.o)
    0x0801120a   0x0000000a   Code   RO         2247    x$fpl$fpinit        fz_wm.l(fpinit.o)
    0x08011214   0x0000000a   Code   RO         2060    x$fpl$fretinf       fz_wm.l(fretinf.o)
    0x0801121e   0x00000004   Code   RO         1954    x$fpl$printf1       fz_wm.l(printf1.o)
    0x08011222   0x00000000   Code   RO         2062    x$fpl$usenofp       fz_wm.l(usenofp.o)
    0x08011222   0x000017c0   Data   RO          834    .constdata          lcd.o
    0x080129e2   0x00000002   PAD
    0x080129e4   0x0000001c   Data   RO         1269    .constdata          stm32f4xx_fsmc.o
    0x08012a00   0x00000050   Data   RO         1959    .constdata          m_wm.l(asin.o)
    0x08012a50   0x00000098   Data   RO         1973    .constdata          m_wm.l(atan.o)
    0x08012ae8   0x00000030   Data   RO         2064    .constdata          m_wm.l(cos_i.o)
    0x08012b18   0x00000008   Data   RO         2078    .constdata          m_wm.l(qnan.o)
    0x08012b20   0x000000c8   Data   RO         2081    .constdata          m_wm.l(rred.o)
    0x08012be8   0x00000028   Data   RO         2085    .constdata          m_wm.l(sin_i.o)
    0x08012c10   0x00000094   Data   RO         2134    .constdata          c_w.l(bigflt0.o)
    0x08012ca4   0x00000020   Data   RO         2317    Region$$Table       anon$$obj.o
    0x08012cc4   0x0000001c   Data   RO         2162    locale$$data        c_w.l(lc_numeric_c.o)


    Execution Region RW_IRAM1 (Base: 0x20000000, Size: 0x00005f40, Max: 0x00020000, ABSOLUTE, COMPRESSED[0x00000060])

    Base Addr    Size         Type   Attr      Idx    E Section Name        Object

    0x20000000   0x00000004   Data   RW            4    .data               main.o
    0x20000004   0x00000014   Data   RW          271    .data               system_stm32f4xx.o
    0x20000018   0x00000044   Data   RW          297    .data               app.o
    0x2000005c   0x00000010   Data   RW          381    .data               function.o
    0x2000006c   0x0000000c   Data   RW          422    .data               task1.o
    0x20000078   0x0000000c   Data   RW          450    .data               task2.o
    0x20000084   0x0000000c   Data   RW          474    .data               task3.o
    0x20000090   0x00000004   Data   RW          498    .data               task4.o
    0x20000094   0x00000008   Data   RW          522    .data               task5.o
    0x2000009c   0x00000004   Data   RW          546    .data               delay.o
    0x200000a0   0x00000006   Data   RW          587    .data               usart.o
    0x200000a6   0x00000002   Data   RW          622    .data               usart2.o
    0x200000a8   0x00000004   Data   RW          672    .data               pwmout8.o
    0x200000ac   0x0000000a   Data   RW          719    .data               pwmin.o
    0x200000b6   0x00000002   Data   RW          785    .data               beed.o
    0x200000b8   0x00000012   Data   RW          835    .data               lcd.o
    0x200000ca   0x00000002   PAD
    0x200000cc   0x00000004   Data   RW          867    .data               timer.o
    0x200000d0   0x00000024   Data   RW          891    .data               attitude.o
    0x200000f4   0x0000003c   Data   RW          917    .data               pid.o
    0x20000130   0x00000010   Data   RW         1455    .data               stm32f4xx_rcc.o
    0x20000140   0x0000003c   Data   RW         1766    .data               tasks.o
    0x2000017c   0x00000014   Data   RW         1805    .data               timers.o
    0x20000190   0x00000018   Data   RW         1835    .data               heap_4.o
    0x200001a8   0x0000000c   Data   RW         1858    .data               port.o
    0x200001b4   0x000000c8   Zero   RW          586    .bss                usart.o
    0x2000027c   0x000000c8   Zero   RW          621    .bss                usart2.o
    0x20000344   0x00000220   Zero   RW          718    .bss                pwmin.o
    0x20000564   0x0000002c   Zero   RW          808    .bss                mpu6050.o
    0x20000590   0x00000040   Zero   RW         1739    .bss                queue.o
    0x200005d0   0x000002e4   Zero   RW         1765    .bss                tasks.o
    0x200008b4   0x00000028   Zero   RW         1804    .bss                timers.o
    0x200008dc   0x00005000   Zero   RW         1834    .bss                heap_4.o
    0x200058dc   0x00000060   Zero   RW         2184    .bss                c_w.l(libspace.o)
    0x2000593c   0x00000004   PAD
    0x20005940   0x00000200   Zero   RW         1825    HEAP                startup_stm32f40_41xxx.o
    0x20005b40   0x00000400   Zero   RW         1824    STACK               startup_stm32f40_41xxx.o


==============================================================================

Image component sizes


      Code (inc. data)   RO Data    RW Data    ZI Data      Debug   Object Name

      4752        672          0         68          0     239719   app.o
      1236         74          0         36          0       3526   attitude.o
       272         18          0          2          0       1772   beed.o
       236         10          0          4          0       1797   delay.o
         0          0          0          0          0       8132   event_groups.o
       616         48          0         16          0       4201   function.o
       800         46          0          0          0       2352   gpio.o
       672         82          0         24      20480       3608   heap_4.o
       324          6          0          0          0       1000   key.o
      4832        170       6080         18          0      13985   lcd.o
        88         10          0          0          0        903   led.o
       148          0          0          0          0       2102   list.o
      1692        210          0          4          0      80589   main.o
       224         20          0          0          0       1989   misc.o
      1560         76          0          0         44       6750   mpu6050.o
       612         12          0          0          0       2299   myiic.o
      1252        128          0         60          0       2684   pid.o
       938        112          0         12          0       8675   port.o
      7420        390          0         10        544       6683   pwmin.o
      1004         38          0          4          0       3400   pwmout8.o
      3344         56          0          0         64      16078   queue.o
        64         26        392          0       1536        876   startup_stm32f40_41xxx.o
       272         10          0          0          0       2435   stm32f4xx_exti.o
      1480         18         28          0          0       5874   stm32f4xx_fsmc.o
       660         44          0          0          0       4265   stm32f4xx_gpio.o
        20          0          0          0          0       1031   stm32f4xx_it.o
      1628         52          0         16          0      13140   stm32f4xx_rcc.o
       148         12          0          0          0       1929   stm32f4xx_syscfg.o
      3234         60          0          0          0      22472   stm32f4xx_tim.o
      1108         34          0          0          0       7968   stm32f4xx_usart.o
       528         46          0         20          0       2035   system_stm32f4xx.o
      1920        164          0         12          0       2143   task1.o
      1760        174          0         12          0       1967   task2.o
      1460        124          0         12          0       1918   task3.o
       508         56          0          4          0       1279   task4.o
       980        102          0          8          0       1573   task5.o
      6156        406          0         60        740      31844   tasks.o
       216         14          0          4          0       1459   timer.o
      1600        112          0         20         40       8696   timers.o
       420         28          0          6        200       4104   usart.o
       392         28          0          2        200       2263   usart2.o

    ----------------------------------------------------------------------
     56580       3688       6534        436      23848     531515   Object Totals
         0          0         32          0          0          0   (incl. Generated)
         4          0          2          2          0          0   (incl. Padding)

    ----------------------------------------------------------------------

      Code (inc. data)   RO Data    RW Data    ZI Data      Debug   Library Member Name

        90          0          0          0          0          0   __dczerorl2.o
         8          0          0          0          0         68   __main.o
       284          0          0          0          0        156   __printf_wp.o
        52          8          0          0          0          0   __scatter.o
        28          0          0          0          0          0   __scatter_zi.o
         6          0          0          0          0          0   _printf_c.o
        44          0          0          0          0        108   _printf_char.o
        48          6          0          0          0         96   _printf_char_common.o
        36          4          0          0          0         80   _printf_char_file.o
         6          0          0          0          0          0   _printf_d.o
       116         16          0          0          0         92   _printf_dec.o
         6          0          0          0          0          0   _printf_f.o
      1046          0          0          0          0        216   _printf_fp_dec.o
       128         16          0          0          0         84   _printf_fp_infnan.o
       178          0          0          0          0         88   _printf_intcommon.o
         0          0          0          0          0          0   _printf_percent.o
         4          0          0          0          0          0   _printf_percent_end.o
         6          0          0          0          0          0   _printf_s.o
        82          0          0          0          0         80   _printf_str.o
         6          0          0          0          0          0   _printf_u.o
        22          0          0          0          0        100   _rserrno.o
        10          0          0          0          0         68   _sputc.o
        16          0          0          0          0         68   aeabi_memset.o
       216          4        148          0          0         96   bigflt0.o
      1910        128          0          0          0        672   btod.o
        12          0          0          0          0         72   exit.o
         8          0          0          0          0         68   ferror.o
         6          0          0          0          0        152   heapauxi.o
        44         10         28          0          0         76   lc_numeric_c.o
         2          0          0          0          0          0   libinit.o
        22          0          0          0          0          0   libinit2.o
         2          0          0          0          0          0   libshutdown.o
         2          0          0          0          0          0   libshutdown2.o
         8          4          0          0         96         68   libspace.o
       138          0          0          0          0         80   lludiv10.o
        24          4          0          0          0         84   noretval__2printf.o
        40          6          0          0          0         84   noretval__2sprintf.o
         8          4          0          0          0         68   rt_errno_addr_intlibspace.o
         8          4          0          0          0         68   rt_locale_intlibspace.o
        68          0          0          0          0         68   rt_memclr.o
        78          0          0          0          0         80   rt_memclr_w.o
       138          0          0          0          0         68   rt_memcpy_v6.o
       100          0          0          0          0         80   rt_memcpy_w.o
         0          0          0          0          0          0   rtentry.o
        12          0          0          0          0          0   rtentry2.o
         6          0          0          0          0          0   rtentry4.o
         2          0          0          0          0          0   rtexit.o
        10          0          0          0          0          0   rtexit2.o
       128          0          0          0          0         68   strcmpv7m.o
        72          0          0          0          0         80   strcpy.o
        62          0          0          0          0         76   strlen.o
        74          0          0          0          0         80   sys_stackheap_outer.o
         2          0          0          0          0         68   use_no_semi.o
         2          0          0          0          0         68   use_no_semi_2.o
        24          0          0          0          0        164   basic.o
        98          4          0          0          0        140   d2f.o
       826         16          0          0          0        492   daddsub_clz.o
       688        140          0          0          0        256   ddiv.o
        94          4          0          0          0        140   dfix.o
        84          0          0          0          0        232   dflt_clz.o
       340         12          0          0          0        152   dmul.o
       156          4          0          0          0        140   dnaninf.o
        12          0          0          0          0        116   dretinf.o
       408         56          0          0          0        168   dsqrt_umaal.o
        86          4          0          0          0        132   f2d.o
       140          4          0          0          0        132   fnaninf.o
        10          0          0          0          0        116   fpinit.o
        10          0          0          0          0        116   fretinf.o
         4          0          0          0          0        116   printf1.o
         0          0          0          0          0          0   usenofp.o
       880        110         80          0          0        200   asin.o
       752        104        152          0          0        344   atan.o
       496         70          0          0          0        156   atan2.o
       216         16          0          0          0        152   cos.o
       368         46         48          0          0        200   cos_i.o
        32          8          0          0          0        124   dunder.o
        24          0          0          0          0        124   fabs.o
        48          0          0          0          0        124   fpclassify.o
       248          0          0          0          0        152   poly.o
         0          0          8          0          0          0   qnan.o
      1080        142        200          0          0        188   rred.o
       216         16          0          0          0        152   sin.o
       304         24         40          0          0        208   sin_i.o
       110          0          0          0          0        148   sqrt.o

    ----------------------------------------------------------------------
     13206        994        704          0        100       8512   Library Totals
        26          0          0          0          4          0   (incl. Padding)

    ----------------------------------------------------------------------

      Code (inc. data)   RO Data    RW Data    ZI Data      Debug   Library Name

      5426        214        176          0         96       3628   c_w.l
      2980        244          0          0          0       2612   fz_wm.l
      4774        536        528          0          0       2272   m_wm.l

    ----------------------------------------------------------------------
     13206        994        704          0        100       8512   Library Totals

    ----------------------------------------------------------------------

==============================================================================


      Code (inc. data)   RO Data    RW Data    ZI Data      Debug   

     69786       4682       7238        436      23948     526947   Grand Totals
     69786       4682       7238         96      23948     526947   ELF Image Totals (compressed)
     69786       4682       7238         96          0          0   ROM Totals

==============================================================================

    Total RO  Size (Code + RO Data)                77024 (  75.22kB)
    Total RW  Size (RW Data + ZI Data)             24384 (  23.81kB)
    Total ROM Size (Code + RO Data + RW Data)      77120 (  75.31kB)

==============================================================================

