ARM Linker, 5.03 [Build 76] [MDK-ARM Standard]

==============================================================================

Section Cross References

    main.o(.text) refers to dfix.o(x$fpl$dfix) for __aeabi_d2iz
    main.o(.text) refers to dflt_clz.o(x$fpl$dflt) for __aeabi_i2d
    main.o(.text) refers to daddsub_clz.o(x$fpl$dadd) for __aeabi_dadd
    main.o(.text) refers to dleqf.o(x$fpl$dleqf) for __aeabi_cdcmple
    main.o(.text) refers to daddsub_clz.o(x$fpl$dsub) for __aeabi_dsub
    main.o(.text) refers to drleqf.o(x$fpl$drleqf) for __aeabi_cdrcmple
    main.o(.text) refers to dmul.o(x$fpl$dmul) for __aeabi_dmul
    main.o(.text) refers to rt_memclr_w.o(.text) for __aeabi_memclr4
    main.o(.text) refers to stm32f10x_tim.o(.text) for TIM_SetCompare3
    main.o(.text) refers to stm32f10x_usart.o(.text) for USART_SendData
    main.o(.text) refers to delay.o(.text) for delay_ms
    main.o(.text) refers to usart.o(.data) for ROLL
    main.o(.text) refers to main.o(.data) for delta_PITCH
    main.o(.text) refers to system_stm32f10x.o(.text) for SystemInit
    main.o(.text) refers to sys.o(.text) for NVIC_Configuration
    main.o(.text) refers to usart.o(.text) for uart_init
    main.o(.text) refers to oled.o(.text) for OLED_Init
    main.o(.text) refers to time3_pwm_mode.o(.text) for Time3pwmGPIO_Config
    main.o(.text) refers to key.o(.text) for Key_GPIO_Config
    main.o(.text) refers to bazz.o(.text) for BuzzInit
    main.o(.text) refers to ddiv.o(x$fpl$ddiv) for __aeabi_ddiv
    main.o(.text) refers to sin.o(i.sin) for sin
    main.o(.text) refers to cos.o(i.cos) for cos
    main.o(.text) refers to dflt_clz.o(x$fpl$dfltu) for __aeabi_ui2d
    main.o(.text) refers to f2d.o(x$fpl$f2d) for __aeabi_f2d
    main.o(.text) refers to d2f.o(x$fpl$d2f) for __aeabi_d2f
    main.o(.text) refers to tan.o(i.tan) for tan
    main.o(.text) refers to daddsub_clz.o(x$fpl$drsb) for __aeabi_drsub
    system_stm32f10x.o(.text) refers to system_stm32f10x.o(.data) for SystemCoreClock
    time3_pwm_mode.o(.text) refers to stm32f10x_rcc.o(.text) for RCC_APB2PeriphClockCmd
    time3_pwm_mode.o(.text) refers to stm32f10x_gpio.o(.text) for GPIO_Init
    time3_pwm_mode.o(.text) refers to stm32f10x_tim.o(.text) for TIM_TimeBaseInit
    key.o(.text) refers to stm32f10x_rcc.o(.text) for RCC_APB2PeriphClockCmd
    key.o(.text) refers to stm32f10x_gpio.o(.text) for GPIO_Init
    key.o(.text) refers to delay.o(.text) for delay_ms
    oled.o(.text) refers to stm32f10x_gpio.o(.text) for GPIO_SetBits
    oled.o(.text) refers to stm32f10x_rcc.o(.text) for RCC_APB2PeriphClockCmd
    oled.o(.text) refers to delay.o(.text) for delay_ms
    oled.o(.text) refers to oled.o(.bss) for OLED_GRAM
    oled.o(.text) refers to oled.o(.constdata) for oled_asc2_1206
    bazz.o(.text) refers to stm32f10x_rcc.o(.text) for RCC_APB2PeriphClockCmd
    bazz.o(.text) refers to stm32f10x_gpio.o(.text) for GPIO_Init
    delay.o(.text) refers to misc.o(.text) for SysTick_CLKSourceConfig
    delay.o(.text) refers to delay.o(.data) for fac_us
    sys.o(.text) refers to misc.o(.text) for NVIC_PriorityGroupConfig
    usart.o(.text) refers (Special) to use_no_semi_2.o(.text) for __use_no_semihosting
    usart.o(.text) refers to stm32f10x_rcc.o(.text) for RCC_APB2PeriphClockCmd
    usart.o(.text) refers to stm32f10x_gpio.o(.text) for GPIO_Init
    usart.o(.text) refers to misc.o(.text) for NVIC_Init
    usart.o(.text) refers to stm32f10x_usart.o(.text) for USART_DeInit
    usart.o(.text) refers to usart.o(.data) for k
    usart.o(.bss) refers (Special) to use_no_semi_2.o(.text) for __use_no_semihosting
    usart.o(.data) refers (Special) to use_no_semi_2.o(.text) for __use_no_semihosting
    startup_stm32f10x_md.o(STACK) refers (Special) to heapauxi.o(.text) for __use_two_region_memory
    startup_stm32f10x_md.o(HEAP) refers (Special) to heapauxi.o(.text) for __use_two_region_memory
    startup_stm32f10x_md.o(RESET) refers (Special) to heapauxi.o(.text) for __use_two_region_memory
    startup_stm32f10x_md.o(RESET) refers to startup_stm32f10x_md.o(STACK) for __initial_sp
    startup_stm32f10x_md.o(RESET) refers to startup_stm32f10x_md.o(.text) for Reset_Handler
    startup_stm32f10x_md.o(RESET) refers to stm32f10x_it.o(.text) for NMI_Handler
    startup_stm32f10x_md.o(RESET) refers to usart.o(.text) for USART1_IRQHandler
    startup_stm32f10x_md.o(.text) refers (Special) to heapauxi.o(.text) for __use_two_region_memory
    startup_stm32f10x_md.o(.text) refers to system_stm32f10x.o(.text) for SystemInit
    startup_stm32f10x_md.o(.text) refers to __main.o(!!!main) for __main
    startup_stm32f10x_md.o(.text) refers to startup_stm32f10x_md.o(HEAP) for Heap_Mem
    startup_stm32f10x_md.o(.text) refers to startup_stm32f10x_md.o(STACK) for Stack_Mem
    stm32f10x_gpio.o(.text) refers to stm32f10x_rcc.o(.text) for RCC_APB2PeriphResetCmd
    stm32f10x_rcc.o(.text) refers to stm32f10x_rcc.o(.data) for APBAHBPrescTable
[...]
    libshutdown.o(.ARM.Collect$$libshutdown$$00000000) refers (Special) to libshutdown2.o(.ARM.Collect$$libshutdown$$0000000B) for __rt_lib_shutdown_user_alloc_1
    sys_command.o(.text) refers (Special) to use_no_semi.o(.text) for __I$use$semihosting
    sys_command.o(.text) refers (Special) to indicate_semi.o(.text) for __semihosting_library_function
    defsig_rtmem_outer.o(.text) refers to defsig_rtmem_inner.o(.text) for __rt_SIGRTMEM_inner
    defsig_rtmem_outer.o(.text) refers to defsig_exit.o(.text) for __sig_exit
    defsig_rtmem_formal.o(.text) refers to rt_raise.o(.text) for __rt_raise
    rt_raise.o(.text) refers to __raise.o(.text) for __raise
    rt_raise.o(.text) refers to usart.o(.text) for _sys_exit
    defsig_exit.o(.text) refers to usart.o(.text) for _sys_exit
    defsig_rtmem_inner.o(.text) refers to defsig_general.o(.text) for __default_signal_display
    __raise.o(.text) refers to defsig.o(CL$$defsig) for __default_signal_handler
    defsig_general.o(.text) refers to sys_wrch.o(.text) for _ttywrch
    sys_wrch.o(.text) refers (Special) to use_no_semi.o(.text) for __I$use$semihosting
    sys_wrch.o(.text) refers (Special) to indicate_semi.o(.text) for __semihosting_library_function
    defsig.o(CL$$defsig) refers to defsig_rtmem_inner.o(.text) for __rt_SIGRTMEM_inner
    defsig_abrt_inner.o(.text) refers to defsig_general.o(.text) for __default_signal_display
    defsig_fpe_inner.o(.text) refers to defsig_general.o(.text) for __default_signal_display
    defsig_rtred_inner.o(.text) refers to defsig_general.o(.text) for __default_signal_display
    defsig_stak_inner.o(.text) refers to defsig_general.o(.text) for __default_signal_display
    defsig_pvfn_inner.o(.text) refers to defsig_general.o(.text) for __default_signal_display
    defsig_cppl_inner.o(.text) refers to defsig_general.o(.text) for __default_signal_display
    defsig_segv_inner.o(.text) refers to defsig_general.o(.text) for __default_signal_display
    defsig_other.o(.text) refers to defsig_general.o(.text) for __default_signal_display


==============================================================================

Removing Unused input sections from the image.

    Removing usart.o(.bss), (64 bytes).

1 unused section(s) (total 64 bytes) removed from the image.

==============================================================================

Image Symbol Table

    Local Symbols

    Symbol Name                              Value     Ov Type        Size  Object(Section)

    ../clib/angel/boardlib.s                 0x00000000   Number         0  boardinit1.o ABSOLUTE
    ../clib/angel/boardlib.s                 0x00000000   Number         0  boardshut.o ABSOLUTE
    ../clib/angel/boardlib.s                 0x00000000   Number         0  boardinit2.o ABSOLUTE
    ../clib/angel/boardlib.s                 0x00000000   Number         0  boardinit3.o ABSOLUTE
    ../clib/angel/dczerorl2.s                0x00000000   Number         0  __dczerorl2.o ABSOLUTE
    ../clib/angel/handlers.s                 0x00000000   Number         0  __scatter_zi.o ABSOLUTE
    ../clib/angel/kernel.s                   0x00000000   Number         0  rtentry4.o ABSOLUTE
    ../clib/angel/kernel.s                   0x00000000   Number         0  rtentry2.o ABSOLUTE
    ../clib/angel/kernel.s                   0x00000000   Number         0  rtentry.o ABSOLUTE
    ../clib/angel/kernel.s                   0x00000000   Number         0  rtexit.o ABSOLUTE
    ../clib/angel/kernel.s                   0x00000000   Number         0  rtexit2.o ABSOLUTE
    ../clib/angel/rt.s                       0x00000000   Number         0  rt_errno_addr_intlibspace.o ABSOLUTE
    ../clib/angel/rt.s                       0x00000000   Number         0  rt_errno_addr.o ABSOLUTE
    ../clib/angel/rt.s                       0x00000000   Number         0  rt_raise.o ABSOLUTE
    ../clib/angel/scatter.s                  0x00000000   Number         0  __scatter.o ABSOLUTE
    ../clib/angel/startup.s                  0x00000000   Number         0  __main.o ABSOLUTE
    ../clib/angel/sys.s                      0x00000000   Number         0  indicate_semi.o ABSOLUTE
    ../clib/angel/sys.s                      0x00000000   Number         0  use_no_semi.o ABSOLUTE
    ../clib/angel/sys.s                      0x00000000   Number         0  libspace.o ABSOLUTE
    ../clib/angel/sys.s                      0x00000000   Number         0  sys_stackheap_outer.o ABSOLUTE
    ../clib/angel/sys.s                      0x00000000   Number         0  use_no_semi_2.o ABSOLUTE
    ../clib/angel/sysapp.c                   0x00000000   Number         0  sys_command.o ABSOLUTE
    ../clib/angel/sysapp.c                   0x00000000   Number         0  sys_wrch.o ABSOLUTE
    ../clib/armsys.c                         0x00000000   Number         0  argv_veneer.o ABSOLUTE
    ../clib/armsys.c                         0x00000000   Number         0  _get_argv_nomalloc.o ABSOLUTE
    ../clib/armsys.c                         0x00000000   Number         0  no_argv.o ABSOLUTE
    ../clib/armsys.c                         0x00000000   Number         0  argv_veneer.o ABSOLUTE
    ../clib/fenv.c                           0x00000000   Number         0  _rserrno.o ABSOLUTE
    ../clib/heapalloc.c                      0x00000000   Number         0  hrguard.o ABSOLUTE
    ../clib/heapaux.c                        0x00000000   Number         0  heapauxi.o ABSOLUTE
    ../clib/libinit.s                        0x00000000   Number         0  libinit2.o ABSOLUTE
    ../clib/libinit.s                        0x00000000   Number         0  libshutdown2.o ABSOLUTE
    ../clib/libinit.s                        0x00000000   Number         0  libinit.o ABSOLUTE
    ../clib/libinit.s                        0x00000000   Number         0  libshutdown.o ABSOLUTE
    ../clib/memcpset.s                       0x00000000   Number         0  rt_memclr_w.o ABSOLUTE
    ../clib/signal.c                         0x00000000   Number         0  defsig_rtmem_formal.o ABSOLUTE
    ../clib/signal.c                         0x00000000   Number         0  defsig_other.o ABSOLUTE
    ../clib/signal.c                         0x00000000   Number         0  defsig_segv_inner.o ABSOLUTE
    ../clib/signal.c                         0x00000000   Number         0  defsig_cppl_inner.o ABSOLUTE
    ../clib/signal.c                         0x00000000   Number         0  defsig_pvfn_inner.o ABSOLUTE
    ../clib/signal.c                         0x00000000   Number         0  defsig_stak_inner.o ABSOLUTE
    ../clib/signal.c                         0x00000000   Number         0  defsig_rtred_inner.o ABSOLUTE
    ../clib/signal.c                         0x00000000   Number         0  defsig_fpe_inner.o ABSOLUTE
    ../clib/signal.c                         0x00000000   Number         0  defsig_abrt_inner.o ABSOLUTE
    ../clib/signal.c                         0x00000000   Number         0  defsig_rtmem_outer.o ABSOLUTE
    ../clib/signal.c                         0x00000000   Number         0  defsig_general.o ABSOLUTE
    ../clib/signal.c                         0x00000000   Number         0  __raise.o ABSOLUTE
    ../clib/signal.c                         0x00000000   Number         0  defsig_rtmem_inner.o ABSOLUTE
    ../clib/signal.c                         0x00000000   Number         0  defsig_exit.o ABSOLUTE
    ../clib/signal.s                         0x00000000   Number         0  defsig.o ABSOLUTE
    ../clib/stdlib.c                         0x00000000   Number         0  exit.o ABSOLUTE
    ../fplib/d2f.s                           0x00000000   Number         0  d2f.o ABSOLUTE
    ../fplib/daddsub.s                       0x00000000   Number         0  daddsub_clz.o ABSOLUTE
    ../fplib/dcheck1.s                       0x00000000   Number         0  dcheck1.o ABSOLUTE
    ../fplib/dcmpi.s                         0x00000000   Number         0  dcmpi.o ABSOLUTE
    ../fplib/ddiv.s                          0x00000000   Number         0  ddiv.o ABSOLUTE
    ../fplib/dfix.s                          0x00000000   Number         0  dfix.o ABSOLUTE
    ../fplib/dflt.s                          0x00000000   Number         0  dflt_clz.o ABSOLUTE
    ../fplib/dleqf.s                         0x00000000   Number         0  dleqf.o ABSOLUTE
    ../fplib/dmul.s                          0x00000000   Number         0  dmul.o ABSOLUTE
    ../fplib/dnaninf.s                       0x00000000   Number         0  dnaninf.o ABSOLUTE
    ../fplib/dretinf.s                       0x00000000   Number         0  dretinf.o ABSOLUTE
    ../fplib/drleqf.s                        0x00000000   Number         0  drleqf.o ABSOLUTE
    ../fplib/f2d.s                           0x00000000   Number         0  f2d.o ABSOLUTE
    ../fplib/fnaninf.s                       0x00000000   Number         0  fnaninf.o ABSOLUTE
    ../fplib/fpinit.s                        0x00000000   Number         0  fpinit.o ABSOLUTE
    ../fplib/fretinf.s                       0x00000000   Number         0  fretinf.o ABSOLUTE
    ../fplib/retnan.s                        0x00000000   Number         0  retnan.o ABSOLUTE
    ../fplib/scalbn.s                        0x00000000   Number         0  scalbn.o ABSOLUTE
    ../fplib/trapv.s                         0x00000000   Number         0  trapv.o ABSOLUTE
    ../fplib/usenofp.s                       0x00000000   Number         0  usenofp.o ABSOLUTE
    ../mathlib/cos.c                         0x00000000   Number         0  cos_x.o ABSOLUTE
    ../mathlib/cos.c                         0x00000000   Number         0  cos.o ABSOLUTE
    ../mathlib/cos_i.c                       0x00000000   Number         0  cos_i.o ABSOLUTE
    ../mathlib/dunder.c                      0x00000000   Number         0  dunder.o ABSOLUTE
    ../mathlib/fpclassify.c                  0x00000000   Number         0  fpclassify.o ABSOLUTE
    ../mathlib/poly.c                        0x00000000   Number         0  poly.o ABSOLUTE
    ../mathlib/rred.c                        0x00000000   Number         0  rred.o ABSOLUTE
    ../mathlib/sin.c                         0x00000000   Number         0  sin_x.o ABSOLUTE
    ../mathlib/sin.c                         0x00000000   Number         0  sin.o ABSOLUTE
    ../mathlib/sin_i.c                       0x00000000   Number         0  sin_i.o ABSOLUTE
    ../mathlib/sin_i.c                       0x00000000   Number         0  sin_i_x.o ABSOLUTE
    ../mathlib/tan.c                         0x00000000   Number         0  tan.o ABSOLUTE
    ../mathlib/tan.c                         0x00000000   Number         0  tan_x.o ABSOLUTE
    ../mathlib/tan_i.c                       0x00000000   Number         0  tan_i.o ABSOLUTE
    ../mathlib/tan_i.c                       0x00000000   Number         0  tan_i_x.o ABSOLUTE
    ..\CORE\startup_stm32f10x_md.s           0x00000000   Number         0  startup_stm32f10x_md.o ABSOLUTE
    ..\STM32F10x_FWLib\src\misc.c            0x00000000   Number         0  misc.o ABSOLUTE
    ..\STM32F10x_FWLib\src\stm32f10x_gpio.c  0x00000000   Number         0  stm32f10x_gpio.o ABSOLUTE
    ..\STM32F10x_FWLib\src\stm32f10x_rcc.c   0x00000000   Number         0  stm32f10x_rcc.o ABSOLUTE
    ..\STM32F10x_FWLib\src\stm32f10x_tim.c   0x00000000   Number         0  stm32f10x_tim.o ABSOLUTE
    ..\STM32F10x_FWLib\src\stm32f10x_usart.c 0x00000000   Number         0  stm32f10x_usart.o ABSOLUTE
    ..\SYSTEM\delay\delay.c                  0x00000000   Number         0  delay.o ABSOLUTE
    ..\SYSTEM\sys\sys.c                      0x00000000   Number         0  sys.o ABSOLUTE
    ..\SYSTEM\usart\usart.c                  0x00000000   Number         0  usart.o ABSOLUTE
    Time3_pwm_mode.c                         0x00000000   Number         0  time3_pwm_mode.o ABSOLUTE
    bazz.c                                   0x00000000   Number         0  bazz.o ABSOLUTE
    dc.s                                     0x00000000   Number         0  dc.o ABSOLUTE
    key.c                                    0x00000000   Number         0  key.o ABSOLUTE
    main.c                                   0x00000000   Number         0  main.o ABSOLUTE
    oled.c                                   0x00000000   Number         0  oled.o ABSOLUTE
    stm32f10x_it.c                           0x00000000   Number         0  stm32f10x_it.o ABSOLUTE
    system_stm32f10x.c                       0x00000000   Number         0  system_stm32f10x.o ABSOLUTE
    RESET                                    0x08000000   Section      236  startup_stm32f10x_md.o(RESET)
    !!!main                                  0x080000ec   Section        8  __main.o(!!!main)
    !!!scatter                               0x080000f4   Section       52  __scatter.o(!!!scatter)
    !!dczerorl2                              0x08000128   Section       90  __dczerorl2.o(!!dczerorl2)
    !!handler_zi                             0x08000184   Section       28  __scatter_zi.o(!!handler_zi)
    .ARM.Collect$$libinit$$00000000          0x080001a0   Section        2  libinit.o(.ARM.Collect$$libinit$$00000000)
    .ARM.Collect$$libinit$$00000002          0x080001a2   Section        0  libinit2.o(.ARM.Collect$$libinit$$00000002)
    .ARM.Collect$$libinit$$00000008          0x080001a2   Section        0  libinit2.o(.ARM.Collect$$libinit$$00000008)
    .ARM.Collect$$libinit$$0000000A          0x080001a2   Section        0  libinit2.o(.ARM.Collect$$libinit$$0000000A)
    .ARM.Collect$$libinit$$0000000C          0x080001a2   Section        0  libinit2.o(.ARM.Collect$$libinit$$0000000C)
    .ARM.Collect$$libinit$$0000000F          0x080001a2   Section        0  libinit2.o(.ARM.Collect$$libinit$$0000000F)
    .ARM.Collect$$libinit$$00000011          0x080001a2   Section        0  libinit2.o(.ARM.Collect$$libinit$$00000011)
    .ARM.Collect$$libinit$$00000013          0x080001a2   Section        0  libinit2.o(.ARM.Collect$$libinit$$00000013)
    .ARM.Collect$$libinit$$00000015          0x080001a2   Section        0  libinit2.o(.ARM.Collect$$libinit$$00000015)
    .ARM.Collect$$libinit$$00000017          0x080001a2   Section        0  libinit2.o(.ARM.Collect$$libinit$$00000017)
    .ARM.Collect$$libinit$$00000019          0x080001a2   Section        0  libinit2.o(.ARM.Collect$$libinit$$00000019)
    .ARM.Collect$$libinit$$0000001B          0x080001a2   Section        0  libinit2.o(.ARM.Collect$$libinit$$0000001B)
    .ARM.Collect$$libinit$$0000001D          0x080001a2   Section        0  libinit2.o(.ARM.Collect$$libinit$$0000001D)
    .ARM.Collect$$libinit$$0000001F          0x080001a2   Section        0  libinit2.o(.ARM.Collect$$libinit$$0000001F)
    .ARM.Collect$$libinit$$00000021          0x080001a2   Section        0  libinit2.o(.ARM.Collect$$libinit$$00000021)
    .ARM.Collect$$libinit$$00000023          0x080001a2   Section        0  libinit2.o(.ARM.Collect$$libinit$$00000023)
    .ARM.Collect$$libinit$$0000002A          0x080001a2   Section        0  libinit2.o(.ARM.Collect$$libinit$$0000002A)
    .ARM.Collect$$libinit$$0000002C          0x080001a2   Section        0  libinit2.o(.ARM.Collect$$libinit$$0000002C)
    .ARM.Collect$$libinit$$0000002E          0x080001a2   Section        0  libinit2.o(.ARM.Collect$$libinit$$0000002E)
    .ARM.Collect$$libinit$$00000030          0x080001a2   Section        0  libinit2.o(.ARM.Collect$$libinit$$00000030)
    .ARM.Collect$$libinit$$00000031          0x080001a2   Section        2  libinit2.o(.ARM.Collect$$libinit$$00000031)
    .ARM.Collect$$libshutdown$$00000000      0x080001a4   Section        2  libshutdown.o(.ARM.Collect$$libshutdown$$00000000)
    .ARM.Collect$$libshutdown$$00000003      0x080001a6   Section        0  libshutdown2.o(.ARM.Collect$$libshutdown$$00000003)
    .ARM.Collect$$libshutdown$$00000006      0x080001a6   Section        0  libshutdown2.o(.ARM.Collect$$libshutdown$$00000006)
    .ARM.Collect$$libshutdown$$00000009      0x080001a6   Section        0  libshutdown2.o(.ARM.Collect$$libshutdown$$00000009)
    .ARM.Collect$$libshutdown$$0000000B      0x080001a6   Section        0  libshutdown2.o(.ARM.Collect$$libshutdown$$0000000B)
    .ARM.Collect$$libshutdown$$0000000E      0x080001a6   Section        0  libshutdown2.o(.ARM.Collect$$libshutdown$$0000000E)
    .ARM.Collect$$libshutdown$$0000000F      0x080001a6   Section        2  libshutdown2.o(.ARM.Collect$$libshutdown$$0000000F)
    .ARM.Collect$$rtentry$$00000000          0x080001a8   Section        0  rtentry.o(.ARM.Collect$$rtentry$$00000000)
    .ARM.Collect$$rtentry$$00000002          0x080001a8   Section        0  rtentry2.o(.ARM.Collect$$rtentry$$00000002)
    .ARM.Collect$$rtentry$$00000004          0x080001a8   Section        6  rtentry4.o(.ARM.Collect$$rtentry$$00000004)
    .ARM.Collect$$rtentry$$00000009          0x080001ae   Section        0  rtentry2.o(.ARM.Collect$$rtentry$$00000009)
    .ARM.Collect$$rtentry$$0000000A          0x080001ae   Section        4  rtentry2.o(.ARM.Collect$$rtentry$$0000000A)
    .ARM.Collect$$rtentry$$0000000C          0x080001b2   Section        0  rtentry2.o(.ARM.Collect$$rtentry$$0000000C)
    .ARM.Collect$$rtentry$$0000000D          0x080001b2   Section        8  rtentry2.o(.ARM.Collect$$rtentry$$0000000D)
    .ARM.Collect$$rtexit$$00000000           0x080001ba   Section        2  rtexit.o(.ARM.Collect$$rtexit$$00000000)
    .ARM.Collect$$rtexit$$00000002           0x080001bc   Section        0  rtexit2.o(.ARM.Collect$$rtexit$$00000002)
    .ARM.Collect$$rtexit$$00000003           0x080001bc   Section        4  rtexit2.o(.ARM.Collect$$rtexit$$00000003)
    .ARM.Collect$$rtexit$$00000004           0x080001c0   Section        6  rtexit2.o(.ARM.Collect$$rtexit$$00000004)
    .text                                    0x080001c8   Section        0  main.o(.text)
    .text                                    0x08002784   Section        0  stm32f10x_it.o(.text)
    .text                                    0x080027a0   Section        0  system_stm32f10x.o(.text)
    SetSysClockTo72                          0x080027a1   Thumb Code   212  system_stm32f10x.o(.text)
    SetSysClock                              0x08002875   Thumb Code     8  system_stm32f10x.o(.text)
    .text                                    0x0800297c   Section        0  time3_pwm_mode.o(.text)
    .text                                    0x08002ae0   Section        0  key.o(.text)
    .text                                    0x08002b38   Section        0  oled.o(.text)
    .text                                    0x08003574   Section        0  bazz.o(.text)
    .text                                    0x080035c0   Section        0  delay.o(.text)
    .text                                    0x08003668   Section        0  sys.o(.text)
    .text                                    0x08003674   Section        0  usart.o(.text)
    .text                                    0x080037dc   Section       64  startup_stm32f10x_md.o(.text)
    .text                                    0x0800381c   Section        0  misc.o(.text)
    .text                                    0x080038f8   Section        0  stm32f10x_gpio.o(.text)
    .text                                    0x08003c50   Section        0  stm32f10x_rcc.o(.text)
    .text                                    0x08003ff4   Section        0  stm32f10x_usart.o(.text)
    .text                                    0x08004408   Section        0  stm32f10x_tim.o(.text)
    TI4_Config                               0x080048af   Thumb Code   130  stm32f10x_tim.o(.text)
    TI3_Config                               0x08004943   Thumb Code   122  stm32f10x_tim.o(.text)
    TI2_Config                               0x080049d7   Thumb Code   130  stm32f10x_tim.o(.text)
    TI1_Config                               0x08004a6b   Thumb Code   108  stm32f10x_tim.o(.text)
    .text                                    0x08005222   Section        2  use_no_semi_2.o(.text)
    .text                                    0x08005224   Section       78  rt_memclr_w.o(.text)
    .text                                    0x08005272   Section        0  heapauxi.o(.text)
    .text                                    0x08005278   Section        2  use_no_semi.o(.text)
    .text                                    0x0800527a   Section        0  _rserrno.o(.text)
    .text                                    0x08005290   Section        8  rt_errno_addr_intlibspace.o(.text)
    .text                                    0x08005298   Section        8  libspace.o(.text)
    .text                                    0x080052a0   Section       74  sys_stackheap_outer.o(.text)
    .text                                    0x080052ea   Section        0  exit.o(.text)
    i.__ARM_fpclassify                       0x080052f6   Section        0  fpclassify.o(i.__ARM_fpclassify)
    i.__ieee754_rem_pio2                     0x08005320   Section        0  rred.o(i.__ieee754_rem_pio2)
    i.__kernel_cos                           0x080056a8   Section        0  cos_i.o(i.__kernel_cos)
    i.__kernel_poly                          0x080057a4   Section        0  poly.o(i.__kernel_poly)
    i.__kernel_sin                           0x08005850   Section        0  sin_i.o(i.__kernel_sin)
    i.__kernel_tan                           0x0800593c   Section        0  tan_i.o(i.__kernel_tan)
    i.__mathlib_dbl_underflow                0x08005bb4   Section        0  dunder.o(i.__mathlib_dbl_underflow)
    i.cos                                    0x08005bc4   Section        0  cos.o(i.cos)
    i.sin                                    0x08005c70   Section        0  sin.o(i.sin)
    i.tan                                    0x08005d20   Section        0  tan.o(i.tan)
    x$fpl$d2f                                0x08005d94   Section       98  d2f.o(x$fpl$d2f)
    x$fpl$dadd                               0x08005df8   Section      336  daddsub_clz.o(x$fpl$dadd)
    _dadd1                                   0x08005e09   Thumb Code     0  daddsub_clz.o(x$fpl$dadd)
    x$fpl$dcheck1                            0x08005f48   Section       16  dcheck1.o(x$fpl$dcheck1)
    x$fpl$dcmpinf                            0x08005f58   Section       24  dcmpi.o(x$fpl$dcmpinf)
    x$fpl$ddiv                               0x08005f70   Section      688  ddiv.o(x$fpl$ddiv)
    ddiv_entry                               0x08005f77   Thumb Code     0  ddiv.o(x$fpl$ddiv)
    x$fpl$dfix                               0x08006220   Section       94  dfix.o(x$fpl$dfix)
    x$fpl$dflt                               0x0800627e   Section       46  dflt_clz.o(x$fpl$dflt)
    x$fpl$dfltu                              0x080062ac   Section       38  dflt_clz.o(x$fpl$dfltu)
    x$fpl$dleqf                              0x080062d4   Section      120  dleqf.o(x$fpl$dleqf)
    x$fpl$dmul                               0x0800634c   Section      340  dmul.o(x$fpl$dmul)
    x$fpl$dnaninf                            0x080064a0   Section      156  dnaninf.o(x$fpl$dnaninf)
    x$fpl$dretinf                            0x0800653c   Section       12  dretinf.o(x$fpl$dretinf)
    x$fpl$drleqf                             0x08006548   Section      108  drleqf.o(x$fpl$drleqf)
    x$fpl$drsb                               0x080065b4   Section       22  daddsub_clz.o(x$fpl$drsb)
    x$fpl$dsub                               0x080065cc   Section      468  daddsub_clz.o(x$fpl$dsub)
    _dsub1                                   0x080065dd   Thumb Code     0  daddsub_clz.o(x$fpl$dsub)
    x$fpl$f2d                                0x080067a0   Section       86  f2d.o(x$fpl$f2d)
    x$fpl$fnaninf                            0x080067f6   Section      140  fnaninf.o(x$fpl$fnaninf)
    x$fpl$fretinf                            0x08006882   Section       10  fretinf.o(x$fpl$fretinf)
    x$fpl$retnan                             0x0800688c   Section      100  retnan.o(x$fpl$retnan)
    x$fpl$scalbn                             0x080068f0   Section       92  scalbn.o(x$fpl$scalbn)
    x$fpl$trapveneer                         0x0800694c   Section       48  trapv.o(x$fpl$trapveneer)
    .constdata                               0x0800697c   Section     4708  oled.o(.constdata)
    x$fpl$usenofp                            0x0800697c   Section        0  usenofp.o(x$fpl$usenofp)
    .constdata                               0x08007be0   Section       48  cos_i.o(.constdata)
    C                                        0x08007be0   Data          48  cos_i.o(.constdata)
    .constdata                               0x08007c10   Section      200  rred.o(.constdata)
    pio2s                                    0x08007c10   Data          48  rred.o(.constdata)
    twooverpi                                0x08007c40   Data         152  rred.o(.constdata)
    .constdata                               0x08007cd8   Section       40  sin_i.o(.constdata)
    S                                        0x08007cd8   Data          40  sin_i.o(.constdata)
    .constdata                               0x08007d00   Section       96  tan_i.o(.constdata)
    Todd                                     0x08007d00   Data          48  tan_i.o(.constdata)
    Teven                                    0x08007d30   Data          48  tan_i.o(.constdata)
    .data                                    0x20000000   Section      464  main.o(.data)
    .data                                    0x200001d0   Section       20  system_stm32f10x.o(.data)
    .data                                    0x200001e4   Section        4  delay.o(.data)
    fac_us                                   0x200001e4   Data           1  delay.o(.data)
    fac_ms                                   0x200001e6   Data           2  delay.o(.data)
    .data                                    0x200001e8   Section       24  usart.o(.data)
    k                                        0x200001f1   Data           1  usart.o(.data)
    rebuf                                    0x200001f2   Data           8  usart.o(.data)
    .data                                    0x20000200   Section       20  stm32f10x_rcc.o(.data)
    APBAHBPrescTable                         0x20000200   Data          16  stm32f10x_rcc.o(.data)
    ADCPrescTable                            0x20000210   Data           4  stm32f10x_rcc.o(.data)
    .bss                                     0x20000214   Section     1024  oled.o(.bss)
    .bss                                     0x20000614   Section       96  libspace.o(.bss)
    HEAP                                     0x20000678   Section      512  startup_stm32f10x_md.o(HEAP)
    Heap_Mem                                 0x20000678   Data         512  startup_stm32f10x_md.o(HEAP)
    STACK                                    0x20000878   Section     1024  startup_stm32f10x_md.o(STACK)
    Stack_Mem                                0x20000878   Data        1024  startup_stm32f10x_md.o(STACK)
    __initial_sp                             0x20000c78   Data           0  startup_stm32f10x_md.o(STACK)

    Global Symbols

    Symbol Name                              Value     Ov Type        Size  Object(Section)

    BuildAttributes$$THM_ISAv4$P$D$K$B$S$PE$A:L22UL41UL21$X:L11$S22US41US21$IEEE1$IW$USESV6$~STKCKD$USESV7$~SHL$OTIME$ROPI$IEEEX$EBA8$UX$STANDARDLIB$REQ8$PRES8$EABIv2 0x00000000   Number         0  anon$$obj.o ABSOLUTE
    __ARM_use_no_argv                        0x00000000   Number         0  main.o ABSOLUTE
    __ARM_exceptions_init                     - Undefined Weak Reference
    __alloca_initialize                       - Undefined Weak Reference
    __cpp_initialize__aeabi_                  - Undefined Weak Reference
    __cxa_finalize                            - Undefined Weak Reference
    __rt_locale                               - Undefined Weak Reference
    __sigvec_lookup                           - Undefined Weak Reference
    _atexit_init                              - Undefined Weak Reference
    _call_atexit_fns                          - Undefined Weak Reference
    _clock_init                               - Undefined Weak Reference
    _fp_trap_init                             - Undefined Weak Reference
    _fp_trap_shutdown                         - Undefined Weak Reference
    _get_lc_collate                           - Undefined Weak Reference
    _get_lc_ctype                             - Undefined Weak Reference
    _get_lc_monetary                          - Undefined Weak Reference
    _get_lc_numeric                           - Undefined Weak Reference
    _get_lc_time                              - Undefined Weak Reference
    _getenv_init                              - Undefined Weak Reference
    _handle_redirection                       - Undefined Weak Reference
    _init_alloc                               - Undefined Weak Reference
    _init_user_alloc                          - Undefined Weak Reference
    _initio                                   - Undefined Weak Reference
    _rand_init                                - Undefined Weak Reference
    _signal_finish                            - Undefined Weak Reference
    _signal_init                              - Undefined Weak Reference
    _terminate_alloc                          - Undefined Weak Reference
    _terminate_user_alloc                     - Undefined Weak Reference
    _terminateio                              - Undefined Weak Reference
    __Vectors_Size                           0x000000ec   Number         0  startup_stm32f10x_md.o ABSOLUTE
    __Vectors                                0x08000000   Data           4  startup_stm32f10x_md.o(RESET)
    __Vectors_End                            0x080000ec   Data           0  startup_stm32f10x_md.o(RESET)
    __main                                   0x080000ed   Thumb Code     8  __main.o(!!!main)
    __scatterload                            0x080000f5   Thumb Code     0  __scatter.o(!!!scatter)
    __scatterload_rt2                        0x080000f5   Thumb Code    44  __scatter.o(!!!scatter)
    __scatterload_rt2_thumb_only             0x080000f5   Thumb Code     0  __scatter.o(!!!scatter)
    __scatterload_null                       0x08000103   Thumb Code     0  __scatter.o(!!!scatter)
    __decompress                             0x08000129   Thumb Code    90  __dczerorl2.o(!!dczerorl2)
    __decompress1                            0x08000129   Thumb Code     0  __dczerorl2.o(!!dczerorl2)
    __scatterload_zeroinit                   0x08000185   Thumb Code    28  __scatter_zi.o(!!handler_zi)
    __rt_lib_init                            0x080001a1   Thumb Code     0  libinit.o(.ARM.Collect$$libinit$$00000000)
    __rt_lib_init_alloca_1                   0x080001a3   Thumb Code     0  libinit2.o(.ARM.Collect$$libinit$$0000002C)
    __rt_lib_init_argv_1                     0x080001a3   Thumb Code     0  libinit2.o(.ARM.Collect$$libinit$$0000002A)
    __rt_lib_init_atexit_1                   0x080001a3   Thumb Code     0  libinit2.o(.ARM.Collect$$libinit$$00000019)
    __rt_lib_init_clock_1                    0x080001a3   Thumb Code     0  libinit2.o(.ARM.Collect$$libinit$$0000001F)
    __rt_lib_init_cpp_1                      0x080001a3   Thumb Code     0  libinit2.o(.ARM.Collect$$libinit$$00000030)
    __rt_lib_init_exceptions_1               0x080001a3   Thumb Code     0  libinit2.o(.ARM.Collect$$libinit$$0000002E)
    __rt_lib_init_fp_1                       0x080001a3   Thumb Code     0  libinit2.o(.ARM.Collect$$libinit$$00000002)
    __rt_lib_init_fp_trap_1                  0x080001a3   Thumb Code     0  libinit2.o(.ARM.Collect$$libinit$$0000001D)
    __rt_lib_init_getenv_1                   0x080001a3   Thumb Code     0  libinit2.o(.ARM.Collect$$libinit$$00000021)
    __rt_lib_init_heap_1                     0x080001a3   Thumb Code     0  libinit2.o(.ARM.Collect$$libinit$$00000008)
    __rt_lib_init_lc_collate_1               0x080001a3   Thumb Code     0  libinit2.o(.ARM.Collect$$libinit$$0000000F)
    __rt_lib_init_lc_ctype_1                 0x080001a3   Thumb Code     0  libinit2.o(.ARM.Collect$$libinit$$00000011)
    __rt_lib_init_lc_monetary_1              0x080001a3   Thumb Code     0  libinit2.o(.ARM.Collect$$libinit$$00000013)
    __rt_lib_init_lc_numeric_1               0x080001a3   Thumb Code     0  libinit2.o(.ARM.Collect$$libinit$$00000015)
    __rt_lib_init_lc_time_1                  0x080001a3   Thumb Code     0  libinit2.o(.ARM.Collect$$libinit$$00000017)
    __rt_lib_init_rand_1                     0x080001a3   Thumb Code     0  libinit2.o(.ARM.Collect$$libinit$$0000000C)
    __rt_lib_init_return                     0x080001a3   Thumb Code     0  libinit2.o(.ARM.Collect$$libinit$$00000031)
    __rt_lib_init_signal_1                   0x080001a3   Thumb Code     0  libinit2.o(.ARM.Collect$$libinit$$0000001B)
    __rt_lib_init_stdio_1                    0x080001a3   Thumb Code     0  libinit2.o(.ARM.Collect$$libinit$$00000023)
    __rt_lib_init_user_alloc_1               0x080001a3   Thumb Code     0  libinit2.o(.ARM.Collect$$libinit$$0000000A)
    __rt_lib_shutdown                        0x080001a5   Thumb Code     0  libshutdown.o(.ARM.Collect$$libshutdown$$00000000)
    __rt_lib_shutdown_fp_trap_1              0x080001a7   Thumb Code     0  libshutdown2.o(.ARM.Collect$$libshutdown$$00000006)
    __rt_lib_shutdown_heap_1                 0x080001a7   Thumb Code     0  libshutdown2.o(.ARM.Collect$$libshutdown$$0000000E)
    __rt_lib_shutdown_return                 0x080001a7   Thumb Code     0  libshutdown2.o(.ARM.Collect$$libshutdown$$0000000F)
    __rt_lib_shutdown_signal_1               0x080001a7   Thumb Code     0  libshutdown2.o(.ARM.Collect$$libshutdown$$00000009)
    __rt_lib_shutdown_stdio_1                0x080001a7   Thumb Code     0  libshutdown2.o(.ARM.Collect$$libshutdown$$00000003)
    __rt_lib_shutdown_user_alloc_1           0x080001a7   Thumb Code     0  libshutdown2.o(.ARM.Collect$$libshutdown$$0000000B)
    __rt_entry                               0x080001a9   Thumb Code     0  rtentry.o(.ARM.Collect$$rtentry$$00000000)
    __rt_entry_presh_1                       0x080001a9   Thumb Code     0  rtentry2.o(.ARM.Collect$$rtentry$$00000002)
    __rt_entry_sh                            0x080001a9   Thumb Code     0  rtentry4.o(.ARM.Collect$$rtentry$$00000004)
    __rt_entry_li                            0x080001af   Thumb Code     0  rtentry2.o(.ARM.Collect$$rtentry$$0000000A)
    __rt_entry_postsh_1                      0x080001af   Thumb Code     0  rtentry2.o(.ARM.Collect$$rtentry$$00000009)
    __rt_entry_main                          0x080001b3   Thumb Code     0  rtentry2.o(.ARM.Collect$$rtentry$$0000000D)
    __rt_entry_postli_1                      0x080001b3   Thumb Code     0  rtentry2.o(.ARM.Collect$$rtentry$$0000000C)
    __rt_exit                                0x080001bb   Thumb Code     0  rtexit.o(.ARM.Collect$$rtexit$$00000000)
    __rt_exit_ls                             0x080001bd   Thumb Code     0  rtexit2.o(.ARM.Collect$$rtexit$$00000003)
    __rt_exit_prels_1                        0x080001bd   Thumb Code     0  rtexit2.o(.ARM.Collect$$rtexit$$00000002)
    __rt_exit_exit                           0x080001c1   Thumb Code     0  rtexit2.o(.ARM.Collect$$rtexit$$00000004)
    ROUND                                    0x080001c9   Thumb Code    76  main.o(.text)
    pidCalc                                  0x08000215   Thumb Code   274  main.o(.text)
    pidInit                                  0x08000327   Thumb Code    14  main.o(.text)
    turn_leftORright                         0x08000335   Thumb Code    46  main.o(.text)
    turn_frontORback                         0x08000363   Thumb Code    46  main.o(.text)
    dis_play                                 0x08000391   Thumb Code   244  main.o(.text)
    DataOutput                               0x08000485   Thumb Code    60  main.o(.text)
    OutputAdjustment                         0x080004c1   Thumb Code    74  main.o(.text)
    StartWingFrontOrBack                     0x0800050b   Thumb Code    56  main.o(.text)
    StartWingLeftOrRight                     0x08000543   Thumb Code    56  main.o(.text)
    mpu_6050_usart_init                      0x0800057b   Thumb Code   122  main.o(.text)
    main                                     0x080005f5   Thumb Code  8340  main.o(.text)
    dis_play_out                             0x08002689   Thumb Code   182  main.o(.text)
    NMI_Handler                              0x08002785   Thumb Code     2  stm32f10x_it.o(.text)
    HardFault_Handler                        0x08002787   Thumb Code     4  stm32f10x_it.o(.text)
    MemManage_Handler                        0x0800278b   Thumb Code     4  stm32f10x_it.o(.text)
    BusFault_Handler                         0x0800278f   Thumb Code     4  stm32f10x_it.o(.text)
    UsageFault_Handler                       0x08002793   Thumb Code     4  stm32f10x_it.o(.text)
    SVC_Handler                              0x08002797   Thumb Code     2  stm32f10x_it.o(.text)
    DebugMon_Handler                         0x08002799   Thumb Code     2  stm32f10x_it.o(.text)
    PendSV_Handler                           0x0800279b   Thumb Code     2  stm32f10x_it.o(.text)
    SysTick_Handler                          0x0800279d   Thumb Code     2  stm32f10x_it.o(.text)
    SystemInit                               0x0800287d   Thumb Code    78  system_stm32f10x.o(.text)
    SystemCoreClockUpdate                    0x080028cb   Thumb Code   142  system_stm32f10x.o(.text)
    Time3pwmGPIO_Config                      0x0800297d   Thumb Code    72  time3_pwm_mode.o(.text)
    TIM3_Config                              0x080029c5   Thumb Code   262  time3_pwm_mode.o(.text)
    pwm1_ratio                               0x08002acb   Thumb Code     8  time3_pwm_mode.o(.text)
    Key_GPIO_Config                          0x08002ae1   Thumb Code    40  key.o(.text)
    Key_Scan                                 0x08002b09   Thumb Code    44  key.o(.text)
    OLED_WR_Byte                             0x08002b39   Thumb Code   108  oled.o(.text)
    OLED_Refresh_Gram                        0x08002ba5   Thumb Code    70  oled.o(.text)
    OLED_Display_On                          0x08002beb   Thumb Code    28  oled.o(.text)
    OLED_Display_Off                         0x08002c07   Thumb Code    28  oled.o(.text)
    OLED_Clear                               0x08002c23   Thumb Code    42  oled.o(.text)
    OLED_DrawPoint                           0x08002c4d   Thumb Code   100  oled.o(.text)
    OLED_Fill                                0x08002cb1   Thumb Code    58  oled.o(.text)
    OLED_ShowChar                            0x08002ceb   Thumb Code   158  oled.o(.text)
    oled_pow                                 0x08002d89   Thumb Code    22  oled.o(.text)
    OLED_ShowNum                             0x08002d9f   Thumb Code   148  oled.o(.text)
    OLED_ShowString                          0x08002e33   Thumb Code    68  oled.o(.text)
    OLED_Init                                0x08002e77   Thumb Code   282  oled.o(.text)
    LCD_Set_Pos                              0x08002f91   Thumb Code    46  oled.o(.text)
    LCD_P16x16Ch                             0x08002fbf   Thumb Code    88  oled.o(.text)
    LCD_P8x16Ch                              0x08003017   Thumb Code    88  oled.o(.text)
    LCD_numAletter                           0x0800306f   Thumb Code    88  oled.o(.text)
    OledShowWelcome                          0x080030c7   Thumb Code   108  oled.o(.text)
    OledShowMainInterface                    0x08003133   Thumb Code   232  oled.o(.text)
    OledShowWorking                          0x0800321b   Thumb Code   118  oled.o(.text)
    OledShowSecondInterface                  0x08003291   Thumb Code   738  oled.o(.text)
    BuzzInit                                 0x08003575   Thumb Code    46  bazz.o(.text)
    BazzBeee                                 0x080035a3   Thumb Code    12  bazz.o(.text)
    BazzStop                                 0x080035af   Thumb Code    12  bazz.o(.text)
    delay_init                               0x080035c1   Thumb Code    52  delay.o(.text)
    delay_ms                                 0x080035f5   Thumb Code    54  delay.o(.text)
    delay_us                                 0x0800362b   Thumb Code    54  delay.o(.text)
    NVIC_Configuration                       0x08003669   Thumb Code    12  sys.o(.text)
    _sys_exit                                0x08003675   Thumb Code     6  usart.o(.text)
    fputc                                    0x0800367b   Thumb Code    22  usart.o(.text)
    uart_init                                0x08003691   Thumb Code   158  usart.o(.text)
    USART1_IRQHandler                        0x0800372f   Thumb Code   140  usart.o(.text)
    Reset_Handler                            0x080037dd   Thumb Code     8  startup_stm32f10x_md.o(.text)
    ADC1_2_IRQHandler                        0x080037f7   Thumb Code     0  startup_stm32f10x_md.o(.text)
    CAN1_RX1_IRQHandler                      0x080037f7   Thumb Code     0  startup_stm32f10x_md.o(.text)
    CAN1_SCE_IRQHandler                      0x080037f7   Thumb Code     0  startup_stm32f10x_md.o(.text)
    DMA1_Channel1_IRQHandler                 0x080037f7   Thumb Code     0  startup_stm32f10x_md.o(.text)
    DMA1_Channel2_IRQHandler                 0x080037f7   Thumb Code     0  startup_stm32f10x_md.o(.text)
    DMA1_Channel3_IRQHandler                 0x080037f7   Thumb Code     0  startup_stm32f10x_md.o(.text)
    DMA1_Channel4_IRQHandler                 0x080037f7   Thumb Code     0  startup_stm32f10x_md.o(.text)
    DMA1_Channel5_IRQHandler                 0x080037f7   Thumb Code     0  startup_stm32f10x_md.o(.text)
    DMA1_Channel6_IRQHandler                 0x080037f7   Thumb Code     0  startup_stm32f10x_md.o(.text)
    DMA1_Channel7_IRQHandler                 0x080037f7   Thumb Code     0  startup_stm32f10x_md.o(.text)
    EXTI0_IRQHandler                         0x080037f7   Thumb Code     0  startup_stm32f10x_md.o(.text)
    EXTI15_10_IRQHandler                     0x080037f7   Thumb Code     0  startup_stm32f10x_md.o(.text)
    EXTI1_IRQHandler                         0x080037f7   Thumb Code     0  startup_stm32f10x_md.o(.text)
    EXTI2_IRQHandler                         0x080037f7   Thumb Code     0  startup_stm32f10x_md.o(.text)
    EXTI3_IRQHandler                         0x080037f7   Thumb Code     0  startup_stm32f10x_md.o(.text)
    EXTI4_IRQHandler                         0x080037f7   Thumb Code     0  startup_stm32f10x_md.o(.text)
    EXTI9_5_IRQHandler                       0x080037f7   Thumb Code     0  startup_stm32f10x_md.o(.text)
    FLASH_IRQHandler                         0x080037f7   Thumb Code     0  startup_stm32f10x_md.o(.text)
    I2C1_ER_IRQHandler                       0x080037f7   Thumb Code     0  startup_stm32f10x_md.o(.text)
    I2C1_EV_IRQHandler                       0x080037f7   Thumb Code     0  startup_stm32f10x_md.o(.text)
    I2C2_ER_IRQHandler                       0x080037f7   Thumb Code     0  startup_stm32f10x_md.o(.text)
    I2C2_EV_IRQHandler                       0x080037f7   Thumb Code     0  startup_stm32f10x_md.o(.text)
    PVD_IRQHandler                           0x080037f7   Thumb Code     0  startup_stm32f10x_md.o(.text)
    RCC_IRQHandler                           0x080037f7   Thumb Code     0  startup_stm32f10x_md.o(.text)
    RTCAlarm_IRQHandler                      0x080037f7   Thumb Code     0  startup_stm32f10x_md.o(.text)
    RTC_IRQHandler                           0x080037f7   Thumb Code     0  startup_stm32f10x_md.o(.text)
    SPI1_IRQHandler                          0x080037f7   Thumb Code     0  startup_stm32f10x_md.o(.text)
    SPI2_IRQHandler                          0x080037f7   Thumb Code     0  startup_stm32f10x_md.o(.text)
    TAMPER_IRQHandler                        0x080037f7   Thumb Code     0  startup_stm32f10x_md.o(.text)
    TIM1_BRK_IRQHandler                      0x080037f7   Thumb Code     0  startup_stm32f10x_md.o(.text)
    TIM1_CC_IRQHandler                       0x080037f7   Thumb Code     0  startup_stm32f10x_md.o(.text)
    TIM1_TRG_COM_IRQHandler                  0x080037f7   Thumb Code     0  startup_stm32f10x_md.o(.text)
    TIM1_UP_IRQHandler                       0x080037f7   Thumb Code     0  startup_stm32f10x_md.o(.text)
    TIM2_IRQHandler                          0x080037f7   Thumb Code     0  startup_stm32f10x_md.o(.text)
    TIM3_IRQHandler                          0x080037f7   Thumb Code     0  startup_stm32f10x_md.o(.text)
    TIM4_IRQHandler                          0x080037f7   Thumb Code     0  startup_stm32f10x_md.o(.text)
    USART2_IRQHandler                        0x080037f7   Thumb Code     0  startup_stm32f10x_md.o(.text)
    USART3_IRQHandler                        0x080037f7   Thumb Code     0  startup_stm32f10x_md.o(.text)
    USBWakeUp_IRQHandler                     0x080037f7   Thumb Code     0  startup_stm32f10x_md.o(.text)
    USB_HP_CAN1_TX_IRQHandler                0x080037f7   Thumb Code     0  startup_stm32f10x_md.o(.text)
    USB_LP_CAN1_RX0_IRQHandler               0x080037f7   Thumb Code     0  startup_stm32f10x_md.o(.text)
    WWDG_IRQHandler                          0x080037f7   Thumb Code     0  startup_stm32f10x_md.o(.text)
    __user_initial_stackheap                 0x080037f9   Thumb Code     0  startup_stm32f10x_md.o(.text)
    NVIC_PriorityGroupConfig                 0x0800381d   Thumb Code    10  misc.o(.text)
    NVIC_Init                                0x08003827   Thumb Code   102  misc.o(.text)
    NVIC_SetVectorTable                      0x0800388d   Thumb Code    14  misc.o(.text)
    NVIC_SystemLPConfig                      0x0800389b   Thumb Code    34  misc.o(.text)
    SysTick_CLKSourceConfig                  0x080038bd   Thumb Code    40  misc.o(.text)
    GPIO_DeInit                              0x080038f9   Thumb Code   172  stm32f10x_gpio.o(.text)
    GPIO_AFIODeInit                          0x080039a5   Thumb Code    20  stm32f10x_gpio.o(.text)
    GPIO_Init                                0x080039b9   Thumb Code   274  stm32f10x_gpio.o(.text)
    GPIO_StructInit                          0x08003acb   Thumb Code    16  stm32f10x_gpio.o(.text)
    GPIO_ReadInputDataBit                    0x08003adb   Thumb Code    18  stm32f10x_gpio.o(.text)
    GPIO_ReadInputData                       0x08003aed   Thumb Code     8  stm32f10x_gpio.o(.text)
    GPIO_ReadOutputDataBit                   0x08003af5   Thumb Code    18  stm32f10x_gpio.o(.text)
    GPIO_ReadOutputData                      0x08003b07   Thumb Code     8  stm32f10x_gpio.o(.text)
    GPIO_SetBits                             0x08003b0f   Thumb Code     4  stm32f10x_gpio.o(.text)
    GPIO_ResetBits                           0x08003b13   Thumb Code     4  stm32f10x_gpio.o(.text)
    GPIO_WriteBit                            0x08003b17   Thumb Code    10  stm32f10x_gpio.o(.text)
    GPIO_Write                               0x08003b21   Thumb Code     4  stm32f10x_gpio.o(.text)
    GPIO_PinLockConfig                       0x08003b25   Thumb Code    18  stm32f10x_gpio.o(.text)
    GPIO_EventOutputConfig                   0x08003b37   Thumb Code    26  stm32f10x_gpio.o(.text)
    GPIO_EventOutputCmd                      0x08003b51   Thumb Code     6  stm32f10x_gpio.o(.text)
    GPIO_PinRemapConfig                      0x08003b57   Thumb Code   138  stm32f10x_gpio.o(.text)
    GPIO_EXTILineConfig                      0x08003be1   Thumb Code    66  stm32f10x_gpio.o(.text)
    GPIO_ETH_MediaInterfaceConfig            0x08003c23   Thumb Code     6  stm32f10x_gpio.o(.text)
    RCC_DeInit                               0x08003c51   Thumb Code    64  stm32f10x_rcc.o(.text)
    RCC_HSEConfig                            0x08003c91   Thumb Code    70  stm32f10x_rcc.o(.text)
    RCC_GetFlagStatus                        0x08003cd7   Thumb Code    56  stm32f10x_rcc.o(.text)
    RCC_WaitForHSEStartUp                    0x08003d0f   Thumb Code    56  stm32f10x_rcc.o(.text)
    RCC_AdjustHSICalibrationValue            0x08003d47   Thumb Code    20  stm32f10x_rcc.o(.text)
    RCC_HSICmd                               0x08003d5b   Thumb Code     6  stm32f10x_rcc.o(.text)
    RCC_PLLConfig                            0x08003d61   Thumb Code    24  stm32f10x_rcc.o(.text)
    RCC_PLLCmd                               0x08003d79   Thumb Code     6  stm32f10x_rcc.o(.text)
    RCC_SYSCLKConfig                         0x08003d7f   Thumb Code    18  stm32f10x_rcc.o(.text)
    RCC_GetSYSCLKSource                      0x08003d91   Thumb Code    10  stm32f10x_rcc.o(.text)
    RCC_HCLKConfig                           0x08003d9b   Thumb Code    18  stm32f10x_rcc.o(.text)
    RCC_PCLK1Config                          0x08003dad   Thumb Code    18  stm32f10x_rcc.o(.text)
    RCC_PCLK2Config                          0x08003dbf   Thumb Code    20  stm32f10x_rcc.o(.text)
    RCC_ITConfig                             0x08003dd3   Thumb Code    26  stm32f10x_rcc.o(.text)
    RCC_USBCLKConfig                         0x08003ded   Thumb Code     6  stm32f10x_rcc.o(.text)
    RCC_ADCCLKConfig                         0x08003df3   Thumb Code    18  stm32f10x_rcc.o(.text)
    RCC_LSEConfig                            0x08003e05   Thumb Code    44  stm32f10x_rcc.o(.text)
    RCC_LSICmd                               0x08003e31   Thumb Code     6  stm32f10x_rcc.o(.text)
    RCC_RTCCLKConfig                         0x08003e37   Thumb Code    12  stm32f10x_rcc.o(.text)
    RCC_RTCCLKCmd                            0x08003e43   Thumb Code     8  stm32f10x_rcc.o(.text)
    RCC_GetClocksFreq                        0x08003e4b   Thumb Code   192  stm32f10x_rcc.o(.text)
    RCC_AHBPeriphClockCmd                    0x08003f0b   Thumb Code    26  stm32f10x_rcc.o(.text)
    RCC_APB2PeriphClockCmd                   0x08003f25   Thumb Code    26  stm32f10x_rcc.o(.text)
    RCC_APB1PeriphClockCmd                   0x08003f3f   Thumb Code    26  stm32f10x_rcc.o(.text)
    RCC_APB2PeriphResetCmd                   0x08003f59   Thumb Code    26  stm32f10x_rcc.o(.text)
    RCC_APB1PeriphResetCmd                   0x08003f73   Thumb Code    26  stm32f10x_rcc.o(.text)
    RCC_BackupResetCmd                       0x08003f8d   Thumb Code     8  stm32f10x_rcc.o(.text)
    RCC_ClockSecuritySystemCmd               0x08003f95   Thumb Code     6  stm32f10x_rcc.o(.text)
    RCC_MCOConfig                            0x08003f9b   Thumb Code     6  stm32f10x_rcc.o(.text)
    RCC_ClearFlag                            0x08003fa1   Thumb Code    14  stm32f10x_rcc.o(.text)
    RCC_GetITStatus                          0x08003faf   Thumb Code    20  stm32f10x_rcc.o(.text)
    RCC_ClearITPendingBit                    0x08003fc3   Thumb Code     6  stm32f10x_rcc.o(.text)
    USART_DeInit                             0x08003ff5   Thumb Code   134  stm32f10x_usart.o(.text)
    USART_Init                               0x0800407b   Thumb Code   210  stm32f10x_usart.o(.text)
    USART_StructInit                         0x0800414d   Thumb Code    24  stm32f10x_usart.o(.text)
    USART_ClockInit                          0x08004165   Thumb Code    34  stm32f10x_usart.o(.text)
    USART_ClockStructInit                    0x08004187   Thumb Code    12  stm32f10x_usart.o(.text)
    USART_Cmd                                0x08004193   Thumb Code    24  stm32f10x_usart.o(.text)
    USART_ITConfig                           0x080041ab   Thumb Code    74  stm32f10x_usart.o(.text)
    USART_DMACmd                             0x080041f5   Thumb Code    18  stm32f10x_usart.o(.text)
    USART_SetAddress                         0x08004207   Thumb Code    18  stm32f10x_usart.o(.text)
    USART_WakeUpConfig                       0x08004219   Thumb Code    18  stm32f10x_usart.o(.text)
    USART_ReceiverWakeUpCmd                  0x0800422b   Thumb Code    24  stm32f10x_usart.o(.text)
    USART_LINBreakDetectLengthConfig         0x08004243   Thumb Code    18  stm32f10x_usart.o(.text)
    USART_LINCmd                             0x08004255   Thumb Code    24  stm32f10x_usart.o(.text)
    USART_SendData                           0x0800426d   Thumb Code    20  stm32f10x_usart.o(.text)
    USART_ReceiveData                        0x08004281   Thumb Code    10  stm32f10x_usart.o(.text)
    USART_SendBreak                          0x0800428b   Thumb Code    10  stm32f10x_usart.o(.text)
    USART_SetGuardTime                       0x08004295   Thumb Code    16  stm32f10x_usart.o(.text)
    USART_SetPrescaler                       0x080042a5   Thumb Code    16  stm32f10x_usart.o(.text)
    USART_SmartCardCmd                       0x080042b5   Thumb Code    24  stm32f10x_usart.o(.text)
    USART_SmartCardNACKCmd                   0x080042cd   Thumb Code    24  stm32f10x_usart.o(.text)
    USART_HalfDuplexCmd                      0x080042e5   Thumb Code    24  stm32f10x_usart.o(.text)
    USART_OverSampling8Cmd                   0x080042fd   Thumb Code    22  stm32f10x_usart.o(.text)
    USART_OneBitMethodCmd                    0x08004313   Thumb Code    24  stm32f10x_usart.o(.text)
    USART_IrDAConfig                         0x0800432b   Thumb Code    18  stm32f10x_usart.o(.text)
    USART_IrDACmd                            0x0800433d   Thumb Code    24  stm32f10x_usart.o(.text)
    USART_GetFlagStatus                      0x08004355   Thumb Code    26  stm32f10x_usart.o(.text)
    USART_ClearFlag                          0x0800436f   Thumb Code    18  stm32f10x_usart.o(.text)
    USART_GetITStatus                        0x08004381   Thumb Code   104  stm32f10x_usart.o(.text)
    USART_ClearITPendingBit                  0x080043e9   Thumb Code    30  stm32f10x_usart.o(.text)
    TIM_DeInit                               0x08004409   Thumb Code   424  stm32f10x_tim.o(.text)
    TIM_TimeBaseInit                         0x080045b1   Thumb Code   122  stm32f10x_tim.o(.text)
    TIM_OC1Init                              0x0800462b   Thumb Code   132  stm32f10x_tim.o(.text)
    TIM_OC2Init                              0x080046af   Thumb Code   154  stm32f10x_tim.o(.text)
    TIM_OC3Init                              0x08004749   Thumb Code   150  stm32f10x_tim.o(.text)
    TIM_OC4Init                              0x080047df   Thumb Code   182  stm32f10x_tim.o(.text)
    TIM_SetIC4Prescaler                      0x08004895   Thumb Code    26  stm32f10x_tim.o(.text)
    TIM_SetIC3Prescaler                      0x08004931   Thumb Code    18  stm32f10x_tim.o(.text)
    TIM_SetIC2Prescaler                      0x080049bd   Thumb Code    26  stm32f10x_tim.o(.text)
    TIM_SetIC1Prescaler                      0x08004a59   Thumb Code    18  stm32f10x_tim.o(.text)
    TIM_ICInit                               0x08004ad7   Thumb Code   150  stm32f10x_tim.o(.text)
    TIM_PWMIConfig                           0x08004b6d   Thumb Code   124  stm32f10x_tim.o(.text)
    TIM_BDTRConfig                           0x08004be9   Thumb Code    32  stm32f10x_tim.o(.text)
    TIM_TimeBaseStructInit                   0x08004c09   Thumb Code    18  stm32f10x_tim.o(.text)
    TIM_OCStructInit                         0x08004c1b   Thumb Code    20  stm32f10x_tim.o(.text)
    TIM_ICStructInit                         0x08004c2f   Thumb Code    18  stm32f10x_tim.o(.text)
    TIM_BDTRStructInit                       0x08004c41   Thumb Code    40  stm32f10x_tim.o(.text)
    TIM_Cmd                                  0x08004c69   Thumb Code    24  stm32f10x_tim.o(.text)
    TIM_CtrlPWMOutputs                       0x08004c81   Thumb Code    30  stm32f10x_tim.o(.text)
    TIM_ITConfig                             0x08004c9f   Thumb Code    18  stm32f10x_tim.o(.text)
    TIM_GenerateEvent                        0x08004cb1   Thumb Code     4  stm32f10x_tim.o(.text)
    TIM_DMAConfig                            0x08004cb5   Thumb Code    10  stm32f10x_tim.o(.text)
    TIM_DMACmd                               0x08004cbf   Thumb Code    18  stm32f10x_tim.o(.text)
    TIM_InternalClockConfig                  0x08004cd1   Thumb Code    12  stm32f10x_tim.o(.text)
    TIM_SelectInputTrigger                   0x08004cdd   Thumb Code    18  stm32f10x_tim.o(.text)
    TIM_ITRxExternalClockConfig              0x08004cef   Thumb Code    24  stm32f10x_tim.o(.text)
    TIM_TIxExternalClockConfig               0x08004d07   Thumb Code    62  stm32f10x_tim.o(.text)
    TIM_ETRConfig                            0x08004d45   Thumb Code    28  stm32f10x_tim.o(.text)
    TIM_ETRClockMode1Config                  0x08004d61   Thumb Code    54  stm32f10x_tim.o(.text)
    TIM_ETRClockMode2Config                  0x08004d97   Thumb Code    32  stm32f10x_tim.o(.text)
    TIM_PrescalerConfig                      0x08004db7   Thumb Code     6  stm32f10x_tim.o(.text)
    TIM_CounterModeConfig                    0x08004dbd   Thumb Code    18  stm32f10x_tim.o(.text)
    TIM_EncoderInterfaceConfig               0x08004dcf   Thumb Code    66  stm32f10x_tim.o(.text)
    TIM_ForcedOC1Config                      0x08004e11   Thumb Code    18  stm32f10x_tim.o(.text)
    TIM_ForcedOC2Config                      0x08004e23   Thumb Code    26  stm32f10x_tim.o(.text)
    TIM_ForcedOC3Config                      0x08004e3d   Thumb Code    18  stm32f10x_tim.o(.text)
    TIM_ForcedOC4Config                      0x08004e4f   Thumb Code    26  stm32f10x_tim.o(.text)
    TIM_ARRPreloadConfig                     0x08004e69   Thumb Code    24  stm32f10x_tim.o(.text)
    TIM_SelectCOM                            0x08004e81   Thumb Code    24  stm32f10x_tim.o(.text)
    TIM_SelectCCDMA                          0x08004e99   Thumb Code    24  stm32f10x_tim.o(.text)
    TIM_CCPreloadControl                     0x08004eb1   Thumb Code    24  stm32f10x_tim.o(.text)
    TIM_OC1PreloadConfig                     0x08004ec9   Thumb Code    18  stm32f10x_tim.o(.text)
    TIM_OC2PreloadConfig                     0x08004edb   Thumb Code    26  stm32f10x_tim.o(.text)
    TIM_OC3PreloadConfig                     0x08004ef5   Thumb Code    18  stm32f10x_tim.o(.text)
    TIM_OC4PreloadConfig                     0x08004f07   Thumb Code    26  stm32f10x_tim.o(.text)
    TIM_OC1FastConfig                        0x08004f21   Thumb Code    18  stm32f10x_tim.o(.text)
    TIM_OC2FastConfig                        0x08004f33   Thumb Code    26  stm32f10x_tim.o(.text)
    TIM_OC3FastConfig                        0x08004f4d   Thumb Code    18  stm32f10x_tim.o(.text)
    TIM_OC4FastConfig                        0x08004f5f   Thumb Code    26  stm32f10x_tim.o(.text)
    TIM_ClearOC1Ref                          0x08004f79   Thumb Code    18  stm32f10x_tim.o(.text)
    TIM_ClearOC2Ref                          0x08004f8b   Thumb Code    24  stm32f10x_tim.o(.text)
    TIM_ClearOC3Ref                          0x08004fa3   Thumb Code    18  stm32f10x_tim.o(.text)
    TIM_ClearOC4Ref                          0x08004fb5   Thumb Code    24  stm32f10x_tim.o(.text)
    TIM_OC1PolarityConfig                    0x08004fcd   Thumb Code    18  stm32f10x_tim.o(.text)
    TIM_OC1NPolarityConfig                   0x08004fdf   Thumb Code    18  stm32f10x_tim.o(.text)
    TIM_OC2PolarityConfig                    0x08004ff1   Thumb Code    26  stm32f10x_tim.o(.text)
    TIM_OC2NPolarityConfig                   0x0800500b   Thumb Code    26  stm32f10x_tim.o(.text)
    TIM_OC3PolarityConfig                    0x08005025   Thumb Code    26  stm32f10x_tim.o(.text)
    TIM_OC3NPolarityConfig                   0x0800503f   Thumb Code    26  stm32f10x_tim.o(.text)
    TIM_OC4PolarityConfig                    0x08005059   Thumb Code    26  stm32f10x_tim.o(.text)
    TIM_CCxCmd                               0x08005073   Thumb Code    30  stm32f10x_tim.o(.text)
    TIM_CCxNCmd                              0x08005091   Thumb Code    30  stm32f10x_tim.o(.text)
    TIM_SelectOCxM                           0x080050af   Thumb Code    82  stm32f10x_tim.o(.text)
    TIM_UpdateDisableConfig                  0x08005101   Thumb Code    24  stm32f10x_tim.o(.text)
    TIM_UpdateRequestConfig                  0x08005119   Thumb Code    24  stm32f10x_tim.o(.text)
    TIM_SelectHallSensor                     0x08005131   Thumb Code    24  stm32f10x_tim.o(.text)
    TIM_SelectOnePulseMode                   0x08005149   Thumb Code    18  stm32f10x_tim.o(.text)
    TIM_SelectOutputTrigger                  0x0800515b   Thumb Code    18  stm32f10x_tim.o(.text)
    TIM_SelectSlaveMode                      0x0800516d   Thumb Code    18  stm32f10x_tim.o(.text)
    TIM_SelectMasterSlaveMode                0x0800517f   Thumb Code    18  stm32f10x_tim.o(.text)
    TIM_SetCounter                           0x08005191   Thumb Code     4  stm32f10x_tim.o(.text)
    TIM_SetAutoreload                        0x08005195   Thumb Code     4  stm32f10x_tim.o(.text)
    TIM_SetCompare1                          0x08005199   Thumb Code     4  stm32f10x_tim.o(.text)
    TIM_SetCompare2                          0x0800519d   Thumb Code     4  stm32f10x_tim.o(.text)
    TIM_SetCompare3                          0x080051a1   Thumb Code     4  stm32f10x_tim.o(.text)
    TIM_SetCompare4                          0x080051a5   Thumb Code     6  stm32f10x_tim.o(.text)
    TIM_SetClockDivision                     0x080051ab   Thumb Code    18  stm32f10x_tim.o(.text)
    TIM_GetCapture1                          0x080051bd   Thumb Code     6  stm32f10x_tim.o(.text)
    TIM_GetCapture2                          0x080051c3   Thumb Code     6  stm32f10x_tim.o(.text)
    TIM_GetCapture3                          0x080051c9   Thumb Code     6  stm32f10x_tim.o(.text)
    TIM_GetCapture4                          0x080051cf   Thumb Code     8  stm32f10x_tim.o(.text)
    TIM_GetCounter                           0x080051d7   Thumb Code     6  stm32f10x_tim.o(.text)
    TIM_GetPrescaler                         0x080051dd   Thumb Code     6  stm32f10x_tim.o(.text)
    TIM_GetFlagStatus                        0x080051e3   Thumb Code    18  stm32f10x_tim.o(.text)
    TIM_ClearFlag                            0x080051f5   Thumb Code     6  stm32f10x_tim.o(.text)
    TIM_GetITStatus                          0x080051fb   Thumb Code    34  stm32f10x_tim.o(.text)
    TIM_ClearITPendingBit                    0x0800521d   Thumb Code     6  stm32f10x_tim.o(.text)
    __use_no_semihosting                     0x08005223   Thumb Code     2  use_no_semi_2.o(.text)
    __aeabi_memclr4                          0x08005225   Thumb Code     0  rt_memclr_w.o(.text)
    __aeabi_memclr8                          0x08005225   Thumb Code     0  rt_memclr_w.o(.text)
    __rt_memclr_w                            0x08005225   Thumb Code    78  rt_memclr_w.o(.text)
    _memset_w                                0x08005229   Thumb Code     0  rt_memclr_w.o(.text)
    __use_two_region_memory                  0x08005273   Thumb Code     2  heapauxi.o(.text)
    __rt_heap_escrow$2region                 0x08005275   Thumb Code     2  heapauxi.o(.text)
    __rt_heap_expand$2region                 0x08005277   Thumb Code     2  heapauxi.o(.text)
    __I$use$semihosting                      0x08005279   Thumb Code     0  use_no_semi.o(.text)
    __use_no_semihosting_swi                 0x08005279   Thumb Code     2  use_no_semi.o(.text)
    __read_errno                             0x0800527b   Thumb Code    10  _rserrno.o(.text)
    __set_errno                              0x08005285   Thumb Code    12  _rserrno.o(.text)
    __aeabi_errno_addr                       0x08005291   Thumb Code     8  rt_errno_addr_intlibspace.o(.text)
    __errno$intlibspace                      0x08005291   Thumb Code     0  rt_errno_addr_intlibspace.o(.text)
    __rt_errno_addr$intlibspace              0x08005291   Thumb Code     0  rt_errno_addr_intlibspace.o(.text)
    __user_libspace                          0x08005299   Thumb Code     8  libspace.o(.text)
    __user_perproc_libspace                  0x08005299   Thumb Code     0  libspace.o(.text)
    __user_perthread_libspace                0x08005299   Thumb Code     0  libspace.o(.text)
    __user_setup_stackheap                   0x080052a1   Thumb Code    74  sys_stackheap_outer.o(.text)
    exit                                     0x080052eb   Thumb Code    12  exit.o(.text)
    __ARM_fpclassify                         0x080052f7   Thumb Code    40  fpclassify.o(i.__ARM_fpclassify)
    __ieee754_rem_pio2                       0x08005321   Thumb Code   832  rred.o(i.__ieee754_rem_pio2)
    __kernel_cos                             0x080056a9   Thumb Code   230  cos_i.o(i.__kernel_cos)
    __kernel_poly                            0x080057a5   Thumb Code   170  poly.o(i.__kernel_poly)
    __kernel_sin                             0x08005851   Thumb Code   224  sin_i.o(i.__kernel_sin)
    __kernel_tan                             0x0800593d   Thumb Code   582  tan_i.o(i.__kernel_tan)
    __mathlib_dbl_underflow                  0x08005bb5   Thumb Code    10  dunder.o(i.__mathlib_dbl_underflow)
    cos                                      0x08005bc5   Thumb Code   164  cos.o(i.cos)
    sin                                      0x08005c71   Thumb Code   166  sin.o(i.sin)
    tan                                      0x08005d21   Thumb Code   106  tan.o(i.tan)
    __aeabi_d2f                              0x08005d95   Thumb Code     0  d2f.o(x$fpl$d2f)
    _d2f                                     0x08005d95   Thumb Code    98  d2f.o(x$fpl$d2f)
    __aeabi_dadd                             0x08005df9   Thumb Code     0  daddsub_clz.o(x$fpl$dadd)
    _dadd                                    0x08005df9   Thumb Code   332  daddsub_clz.o(x$fpl$dadd)
    __fpl_dcheck_NaN1                        0x08005f49   Thumb Code    10  dcheck1.o(x$fpl$dcheck1)
    __fpl_dcmp_Inf                           0x08005f59   Thumb Code    24  dcmpi.o(x$fpl$dcmpinf)
    __aeabi_ddiv                             0x08005f71   Thumb Code     0  ddiv.o(x$fpl$ddiv)
    _ddiv                                    0x08005f71   Thumb Code   552  ddiv.o(x$fpl$ddiv)
    __aeabi_d2iz                             0x08006221   Thumb Code     0  dfix.o(x$fpl$dfix)
    _dfix                                    0x08006221   Thumb Code    94  dfix.o(x$fpl$dfix)
    __aeabi_i2d                              0x0800627f   Thumb Code     0  dflt_clz.o(x$fpl$dflt)
    _dflt                                    0x0800627f   Thumb Code    46  dflt_clz.o(x$fpl$dflt)
    __aeabi_ui2d                             0x080062ad   Thumb Code     0  dflt_clz.o(x$fpl$dfltu)
    _dfltu                                   0x080062ad   Thumb Code    38  dflt_clz.o(x$fpl$dfltu)
    __aeabi_cdcmple                          0x080062d5   Thumb Code     0  dleqf.o(x$fpl$dleqf)
    _dcmple                                  0x080062d5   Thumb Code   120  dleqf.o(x$fpl$dleqf)
    __fpl_dcmple_InfNaN                      0x08006337   Thumb Code     0  dleqf.o(x$fpl$dleqf)
    __aeabi_dmul                             0x0800634d   Thumb Code     0  dmul.o(x$fpl$dmul)
    _dmul                                    0x0800634d   Thumb Code   332  dmul.o(x$fpl$dmul)
    __fpl_dnaninf                            0x080064a1   Thumb Code   156  dnaninf.o(x$fpl$dnaninf)
    __fpl_dretinf                            0x0800653d   Thumb Code    12  dretinf.o(x$fpl$dretinf)
    __aeabi_cdrcmple                         0x08006549   Thumb Code     0  drleqf.o(x$fpl$drleqf)
    _drcmple                                 0x08006549   Thumb Code   108  drleqf.o(x$fpl$drleqf)
    __aeabi_drsub                            0x080065b5   Thumb Code     0  daddsub_clz.o(x$fpl$drsb)
    _drsb                                    0x080065b5   Thumb Code    22  daddsub_clz.o(x$fpl$drsb)
    __aeabi_dsub                             0x080065cd   Thumb Code     0  daddsub_clz.o(x$fpl$dsub)
    _dsub                                    0x080065cd   Thumb Code   464  daddsub_clz.o(x$fpl$dsub)
    __aeabi_f2d                              0x080067a1   Thumb Code     0  f2d.o(x$fpl$f2d)
    _f2d                                     0x080067a1   Thumb Code    86  f2d.o(x$fpl$f2d)
    __fpl_fnaninf                            0x080067f7   Thumb Code   140  fnaninf.o(x$fpl$fnaninf)
    __fpl_fretinf                            0x08006883   Thumb Code    10  fretinf.o(x$fpl$fretinf)
    __fpl_return_NaN                         0x0800688d   Thumb Code   100  retnan.o(x$fpl$retnan)
    __ARM_scalbn                             0x080068f1   Thumb Code    92  scalbn.o(x$fpl$scalbn)
    __fpl_cmpreturn                          0x0800694d   Thumb Code    48  trapv.o(x$fpl$trapveneer)
    __I$use$fp                               0x0800697c   Number         0  usenofp.o(x$fpl$usenofp)
    numAletter                               0x0800697c   Data         624  oled.o(.constdata)
    oled_asc2_1206                           0x08006bec   Data        1140  oled.o(.constdata)
    oled_asc2_1608                           0x08007060   Data        1520  oled.o(.constdata)
    F16x16                                   0x08007650   Data        1024  oled.o(.constdata)
    F8x16                                    0x08007a50   Data         400  oled.o(.constdata)
    Region$$Table$$Base                      0x08007d60   Number         0  anon$$obj.o(Region$$Table)
    Region$$Table$$Limit                     0x08007d80   Number         0  anon$$obj.o(Region$$Table)
    Angle_Data                               0x20000000   Data         164  main.o(.data)
    phshu                                    0x200000a4   Data           4  main.o(.data)
    LAST_PITCH                               0x200000a8   Data           2  main.o(.data)
    LAST_ROLL                                0x200000aa   Data           2  main.o(.data)
    delta_PITCH                              0x200000ac   Data           2  main.o(.data)
    delta_ROLL                               0x200000ae   Data           2  main.o(.data)
    last_delta_PITCH                         0x200000b0   Data           2  main.o(.data)
    last_delta_ROLL                          0x200000b2   Data           2  main.o(.data)
    PresentAngleRange_fb                     0x200000b4   Data           4  main.o(.data)
    PresentAngleRange_lr                     0x200000b8   Data           4  main.o(.data)
    InputRange_fb                            0x200000bc   Data           1  main.o(.data)
    InputRange_lr                            0x200000bd   Data           1  main.o(.data)
    slash_angle                              0x200000c0   Data           4  main.o(.data)
    Radius                                   0x200000c4   Data           1  main.o(.data)
    choose_task_count                        0x200000c8   Data           4  main.o(.data)
    slash_range                              0x200000cc   Data           4  main.o(.data)
    Divisiontime                             0x200000d0   Data           1  main.o(.data)
    swing_ready_count                        0x200000d2   Data           2  main.o(.data)
    error_range                              0x200000d4   Data           4  main.o(.data)
    EllipseDuan                              0x200000d8   Data           8  main.o(.data)
    EllipseChang                             0x200000e0   Data           8  main.o(.data)
    pid_slash_fb_Derivative                  0x200000e8   Data           8  main.o(.data)
    pid_slash_lr_Derivative                  0x200000f0   Data           8  main.o(.data)
    slash_special                            0x200000f8   Data           1  main.o(.data)
    pid_round_fb_Proportion                  0x20000100   Data           8  main.o(.data)
    pid_round_lr_Proportion                  0x20000108   Data           8  main.o(.data)
    pid_round_fb_Integral                    0x20000110   Data           8  main.o(.data)
    pid_round_lr_Integral                    0x20000118   Data           8  main.o(.data)
    pid_round_fb_Derivative                  0x20000120   Data           8  main.o(.data)
    pid_round_lr_Derivative                  0x20000128   Data           8  main.o(.data)
    pid_ellipse_fb_Proportion                0x20000130   Data           8  main.o(.data)
    pid_ellipse_lr_Proportion                0x20000138   Data           8  main.o(.data)
    pid_ellipse_fb_Integral                  0x20000140   Data           8  main.o(.data)
    pid_ellipse_lr_Integral                  0x20000148   Data           8  main.o(.data)
    pid_ellipse_fb_Derivative                0x20000150   Data           8  main.o(.data)
    pid_ellipse_lr_Derivative                0x20000158   Data           8  main.o(.data)
    RangeOut_fb                              0x20000160   Data           8  main.o(.data)
    RangeOut_lr                              0x20000168   Data           8  main.o(.data)
    SlashFbPidIn                             0x20000170   Data           8  main.o(.data)
    SlashLrPidIn                             0x20000178   Data           8  main.o(.data)
    SlashOutFb                               0x20000180   Data           8  main.o(.data)
    SlashOutLr                               0x20000188   Data           8  main.o(.data)
    RoundOutFb                               0x20000190   Data           8  main.o(.data)
    RoundOutLr                               0x20000198   Data           8  main.o(.data)
    RoundLrPidIn                             0x200001a0   Data           8  main.o(.data)
    RoundFbPidIn                             0x200001a8   Data           8  main.o(.data)
    EllipseOutFb                             0x200001b0   Data           8  main.o(.data)
    EllipseOutLr                             0x200001b8   Data           8  main.o(.data)
    EllipseLrPidIn                           0x200001c0   Data           8  main.o(.data)
    EllipseFbPidIn                           0x200001c8   Data           8  main.o(.data)
    SystemCoreClock                          0x200001d0   Data           4  system_stm32f10x.o(.data)
    AHBPrescTable                            0x200001d4   Data          16  system_stm32f10x.o(.data)
    USART_RX_STA                             0x200001e8   Data           1  usart.o(.data)
    YAW                                      0x200001ea   Data           2  usart.o(.data)
    PITCH                                    0x200001ec   Data           2  usart.o(.data)
    ROLL                                     0x200001ee   Data           2  usart.o(.data)
    flag                                     0x200001f0   Data           1  usart.o(.data)
    __stdout                                 0x200001fc   Data           4  usart.o(.data)
    OLED_GRAM                                0x20000214   Data        1024  oled.o(.bss)
    __libspace_start                         0x20000614   Data          96  libspace.o(.bss)
    __temporary_stack_top$libspace           0x20000674   Data           0  libspace.o(.bss)



==============================================================================

Memory Map of the image

  Image Entry point : 0x080000ed

  Load Region LR_IROM1 (Base: 0x08000000, Size: 0x00007f94, Max: 0x00010000, ABSOLUTE, COMPRESSED[0x00007e34])

    Execution Region ER_IROM1 (Base: 0x08000000, Size: 0x00007d80, Max: 0x00010000, ABSOLUTE)

    Base Addr    Size         Type   Attr      Idx    E Section Name        Object

    0x08000000   0x000000ec   Data   RO          298    RESET               startup_stm32f10x_md.o
    0x080000ec   0x00000008   Code   RO          374  * !!!main             c_w.l(__main.o)
    0x080000f4   0x00000034   Code   RO          634    !!!scatter          c_w.l(__scatter.o)
    0x08000128   0x0000005a   Code   RO          632    !!dczerorl2         c_w.l(__dczerorl2.o)
    0x08000182   0x00000002   PAD
    0x08000184   0x0000001c   Code   RO          636    !!handler_zi        c_w.l(__scatter_zi.o)
    0x080001a0   0x00000002   Code   RO          508    .ARM.Collect$$libinit$$00000000  c_w.l(libinit.o)
    0x080001a2   0x00000000   Code   RO          514    .ARM.Collect$$libinit$$00000002  c_w.l(libinit2.o)
    0x080001a2   0x00000000   Code   RO          517    .ARM.Collect$$libinit$$00000008  c_w.l(libinit2.o)
    0x080001a2   0x00000000   Code   RO          519    .ARM.Collect$$libinit$$0000000A  c_w.l(libinit2.o)
    0x080001a2   0x00000000   Code   RO          521    .ARM.Collect$$libinit$$0000000C  c_w.l(libinit2.o)
    0x080001a2   0x00000000   Code   RO          524    .ARM.Collect$$libinit$$0000000F  c_w.l(libinit2.o)
    0x080001a2   0x00000000   Code   RO          526    .ARM.Collect$$libinit$$00000011  c_w.l(libinit2.o)
    0x080001a2   0x00000000   Code   RO          528    .ARM.Collect$$libinit$$00000013  c_w.l(libinit2.o)
    0x080001a2   0x00000000   Code   RO          530    .ARM.Collect$$libinit$$00000015  c_w.l(libinit2.o)
    0x080001a2   0x00000000   Code   RO          532    .ARM.Collect$$libinit$$00000017  c_w.l(libinit2.o)
    0x080001a2   0x00000000   Code   RO          534    .ARM.Collect$$libinit$$00000019  c_w.l(libinit2.o)
    0x080001a2   0x00000000   Code   RO          536    .ARM.Collect$$libinit$$0000001B  c_w.l(libinit2.o)
    0x080001a2   0x00000000   Code   RO          538    .ARM.Collect$$libinit$$0000001D  c_w.l(libinit2.o)
    0x080001a2   0x00000000   Code   RO          540    .ARM.Collect$$libinit$$0000001F  c_w.l(libinit2.o)
    0x080001a2   0x00000000   Code   RO          542    .ARM.Collect$$libinit$$00000021  c_w.l(libinit2.o)
    0x080001a2   0x00000000   Code   RO          544    .ARM.Collect$$libinit$$00000023  c_w.l(libinit2.o)
    0x080001a2   0x00000000   Code   RO          548    .ARM.Collect$$libinit$$0000002A  c_w.l(libinit2.o)
    0x080001a2   0x00000000   Code   RO          550    .ARM.Collect$$libinit$$0000002C  c_w.l(libinit2.o)
    0x080001a2   0x00000000   Code   RO          552    .ARM.Collect$$libinit$$0000002E  c_w.l(libinit2.o)
    0x080001a2   0x00000000   Code   RO          554    .ARM.Collect$$libinit$$00000030  c_w.l(libinit2.o)
    0x080001a2   0x00000002   Code   RO          555    .ARM.Collect$$libinit$$00000031  c_w.l(libinit2.o)
    0x080001a4   0x00000002   Code   RO          575    .ARM.Collect$$libshutdown$$00000000  c_w.l(libshutdown.o)
    0x080001a6   0x00000000   Code   RO          586    .ARM.Collect$$libshutdown$$00000003  c_w.l(libshutdown2.o)
    0x080001a6   0x00000000   Code   RO          589    .ARM.Collect$$libshutdown$$00000006  c_w.l(libshutdown2.o)
    0x080001a6   0x00000000   Code   RO          592    .ARM.Collect$$libshutdown$$00000009  c_w.l(libshutdown2.o)
    0x080001a6   0x00000000   Code   RO          594    .ARM.Collect$$libshutdown$$0000000B  c_w.l(libshutdown2.o)
    0x080001a6   0x00000000   Code   RO          597    .ARM.Collect$$libshutdown$$0000000E  c_w.l(libshutdown2.o)
    0x080001a6   0x00000002   Code   RO          598    .ARM.Collect$$libshutdown$$0000000F  c_w.l(libshutdown2.o)
    0x080001a8   0x00000000   Code   RO          432    .ARM.Collect$$rtentry$$00000000  c_w.l(rtentry.o)
    0x080001a8   0x00000000   Code   RO          469    .ARM.Collect$$rtentry$$00000002  c_w.l(rtentry2.o)
    0x080001a8   0x00000006   Code   RO          481    .ARM.Collect$$rtentry$$00000004  c_w.l(rtentry4.o)
    0x080001ae   0x00000000   Code   RO          471    .ARM.Collect$$rtentry$$00000009  c_w.l(rtentry2.o)
    0x080001ae   0x00000004   Code   RO          472    .ARM.Collect$$rtentry$$0000000A  c_w.l(rtentry2.o)
    0x080001b2   0x00000000   Code   RO          474    .ARM.Collect$$rtentry$$0000000C  c_w.l(rtentry2.o)
    0x080001b2   0x00000008   Code   RO          475    .ARM.Collect$$rtentry$$0000000D  c_w.l(rtentry2.o)
    0x080001ba   0x00000002   Code   RO          511    .ARM.Collect$$rtexit$$00000000  c_w.l(rtexit.o)
    0x080001bc   0x00000000   Code   RO          559    .ARM.Collect$$rtexit$$00000002  c_w.l(rtexit2.o)
    0x080001bc   0x00000004   Code   RO          560    .ARM.Collect$$rtexit$$00000003  c_w.l(rtexit2.o)
    0x080001c0   0x00000006   Code   RO          561    .ARM.Collect$$rtexit$$00000004  c_w.l(rtexit2.o)
    0x080001c6   0x00000002   PAD
    0x080001c8   0x000025bc   Code   RO            1    .text               main.o
    0x08002784   0x0000001a   Code   RO           89    .text               stm32f10x_it.o
    0x0800279e   0x00000002   PAD
    0x080027a0   0x000001dc   Code   RO          136    .text               system_stm32f10x.o
    0x0800297c   0x00000164   Code   RO          154    .text               time3_pwm_mode.o
    0x08002ae0   0x00000058   Code   RO          169    .text               key.o
    0x08002b38   0x00000a3a   Code   RO          187    .text               oled.o
    0x08003572   0x00000002   PAD
    0x08003574   0x0000004c   Code   RO          212    .text               bazz.o
    0x080035c0   0x000000a8   Code   RO          227    .text               delay.o
    0x08003668   0x0000000c   Code   RO          258    .text               sys.o
    0x08003674   0x00000168   Code   RO          273    .text               usart.o
    0x080037dc   0x00000040   Code   RO          299    .text               startup_stm32f10x_md.o
    0x0800381c   0x000000dc   Code   RO          304    .text               misc.o
    0x080038f8   0x00000358   Code   RO          316    .text               stm32f10x_gpio.o
    0x08003c50   0x000003a4   Code   RO          328    .text               stm32f10x_rcc.o
    0x08003ff4   0x00000412   Code   RO          342    .text               stm32f10x_usart.o
    0x08004406   0x00000002   PAD
    0x08004408   0x00000e1a   Code   RO          354    .text               stm32f10x_tim.o
    0x08005222   0x00000002   Code   RO          368    .text               c_w.l(use_no_semi_2.o)
    0x08005224   0x0000004e   Code   RO          370    .text               c_w.l(rt_memclr_w.o)
    0x08005272   0x00000006   Code   RO          372    .text               c_w.l(heapauxi.o)
    0x08005278   0x00000002   Code   RO          430    .text               c_w.l(use_no_semi.o)
    0x0800527a   0x00000016   Code   RO          433    .text               c_w.l(_rserrno.o)
    0x08005290   0x00000008   Code   RO          486    .text               c_w.l(rt_errno_addr_intlibspace.o)
    0x08005298   0x00000008   Code   RO          496    .text               c_w.l(libspace.o)
    0x080052a0   0x0000004a   Code   RO          499    .text               c_w.l(sys_stackheap_outer.o)
    0x080052ea   0x0000000c   Code   RO          501    .text               c_w.l(exit.o)
    0x080052f6   0x00000028   Code   RO          492    i.__ARM_fpclassify  m_ws.l(fpclassify.o)
    0x0800531e   0x00000002   PAD
    0x08005320   0x00000388   Code   RO          451    i.__ieee754_rem_pio2  m_ws.l(rred.o)
    0x080056a8   0x000000fc   Code   RO          448    i.__kernel_cos      m_ws.l(cos_i.o)
    0x080057a4   0x000000aa   Code   RO          494    i.__kernel_poly     m_ws.l(poly.o)
    0x0800584e   0x00000002   PAD
    0x08005850   0x000000ec   Code   RO          456    i.__kernel_sin      m_ws.l(sin_i.o)
    0x0800593c   0x00000278   Code   RO          462    i.__kernel_tan      m_ws.l(tan_i.o)
    0x08005bb4   0x00000010   Code   RO          490    i.__mathlib_dbl_underflow  m_ws.l(dunder.o)
    0x08005bc4   0x000000ac   Code   RO          407    i.cos               m_ws.l(cos.o)
    0x08005c70   0x000000b0   Code   RO          415    i.sin               m_ws.l(sin.o)
    0x08005d20   0x00000074   Code   RO          423    i.tan               m_ws.l(tan.o)
    0x08005d94   0x00000062   Code   RO          376    x$fpl$d2f           fz_ws.l(d2f.o)
    0x08005df6   0x00000002   PAD
    0x08005df8   0x00000150   Code   RO          378    x$fpl$dadd          fz_ws.l(daddsub_clz.o)
    0x08005f48   0x00000010   Code   RO          488    x$fpl$dcheck1       fz_ws.l(dcheck1.o)
    0x08005f58   0x00000018   Code   RO          435    x$fpl$dcmpinf       fz_ws.l(dcmpi.o)
    0x08005f70   0x000002b0   Code   RO          385    x$fpl$ddiv          fz_ws.l(ddiv.o)
    0x08006220   0x0000005e   Code   RO          388    x$fpl$dfix          fz_ws.l(dfix.o)
    0x0800627e   0x0000002e   Code   RO          393    x$fpl$dflt          fz_ws.l(dflt_clz.o)
    0x080062ac   0x00000026   Code   RO          392    x$fpl$dfltu         fz_ws.l(dflt_clz.o)
    0x080062d2   0x00000002   PAD
    0x080062d4   0x00000078   Code   RO          398    x$fpl$dleqf         fz_ws.l(dleqf.o)
    0x0800634c   0x00000154   Code   RO          400    x$fpl$dmul          fz_ws.l(dmul.o)
    0x080064a0   0x0000009c   Code   RO          437    x$fpl$dnaninf       fz_ws.l(dnaninf.o)
    0x0800653c   0x0000000c   Code   RO          439    x$fpl$dretinf       fz_ws.l(dretinf.o)
    0x08006548   0x0000006c   Code   RO          402    x$fpl$drleqf        fz_ws.l(drleqf.o)
    0x080065b4   0x00000016   Code   RO          379    x$fpl$drsb          fz_ws.l(daddsub_clz.o)
    0x080065ca   0x00000002   PAD
    0x080065cc   0x000001d4   Code   RO          380    x$fpl$dsub          fz_ws.l(daddsub_clz.o)
    0x080067a0   0x00000056   Code   RO          404    x$fpl$f2d           fz_ws.l(f2d.o)
    0x080067f6   0x0000008c   Code   RO          441    x$fpl$fnaninf       fz_ws.l(fnaninf.o)
    0x08006882   0x0000000a   Code   RO          443    x$fpl$fretinf       fz_ws.l(fretinf.o)
    0x0800688c   0x00000064   Code   RO          509    x$fpl$retnan        fz_ws.l(retnan.o)
    0x080068f0   0x0000005c   Code   RO          445    x$fpl$scalbn        fz_ws.l(scalbn.o)
    0x0800694c   0x00000030   Code   RO          556    x$fpl$trapveneer    fz_ws.l(trapv.o)
    0x0800697c   0x00000000   Code   RO          447    x$fpl$usenofp       fz_ws.l(usenofp.o)
    0x0800697c   0x00001264   Data   RO          189    .constdata          oled.o
    0x08007be0   0x00000030   Data   RO          449    .constdata          m_ws.l(cos_i.o)
    0x08007c10   0x000000c8   Data   RO          453    .constdata          m_ws.l(rred.o)
    0x08007cd8   0x00000028   Data   RO          457    .constdata          m_ws.l(sin_i.o)
    0x08007d00   0x00000060   Data   RO          463    .constdata          m_ws.l(tan_i.o)
    0x08007d60   0x00000020   Data   RO          630    Region$$Table       anon$$obj.o


    Execution Region RW_IRAM1 (Base: 0x20000000, Size: 0x00000c78, Max: 0x00005000, ABSOLUTE, COMPRESSED[0x000000b4])

    Base Addr    Size         Type   Attr      Idx    E Section Name        Object

    0x20000000   0x000001d0   Data   RW            2    .data               main.o
    0x200001d0   0x00000014   Data   RW          137    .data               system_stm32f10x.o
    0x200001e4   0x00000004   Data   RW          228    .data               delay.o
    0x200001e8   0x00000018   Data   RW          275    .data               usart.o
    0x20000200   0x00000014   Data   RW          329    .data               stm32f10x_rcc.o
    0x20000214   0x00000400   Zero   RW          188    .bss                oled.o
    0x20000614   0x00000060   Zero   RW          497    .bss                c_w.l(libspace.o)
    0x20000674   0x00000004   PAD
    0x20000678   0x00000200   Zero   RW          297    HEAP                startup_stm32f10x_md.o
    0x20000878   0x00000400   Zero   RW          296    STACK               startup_stm32f10x_md.o


==============================================================================

Image component sizes


      Code (inc. data)   RO Data    RW Data    ZI Data      Debug   Object Name

        76          6          0          0          0        673   bazz.o
       168          8          0          4          0     204431   delay.o
        88          4          0          0          0       1003   key.o
      9660        956          0        464          0     215112   main.o
       220         20          0          0          0       1809   misc.o
      2618         44       4708          0       1024       7316   oled.o
        64         26        236          0       1536        808   startup_stm32f10x_md.o
       856         40          0          0          0       5653   stm32f10x_gpio.o
        26          0          0          0          0     249146   stm32f10x_it.o
       932         44          0         20          0       8824   stm32f10x_rcc.o
      3610         88          0          0          0      22136   stm32f10x_tim.o
      1042         20          0          0          0       8480   stm32f10x_usart.o
        12          0          0          0          0        453   sys.o
       476         36          0         20          0       1751   system_stm32f10x.o
       356         14          0          0          0       1157   time3_pwm_mode.o
       360         34          0         24          0       3222   usart.o

    ----------------------------------------------------------------------
     20570       1340       4976        532       2560     731974   Object Totals
         0          0         32          0          0          0   (incl. Generated)
         6          0          0          0          0          0   (incl. Padding)

    ----------------------------------------------------------------------

      Code (inc. data)   RO Data    RW Data    ZI Data      Debug   Library Member Name

        90          0          0          0          0          0   __dczerorl2.o
         8          0          0          0          0         68   __main.o
        52          8          0          0          0          0   __scatter.o
        28          0          0          0          0          0   __scatter_zi.o
        22          0          0          0          0        100   _rserrno.o
        12          0          0          0          0         72   exit.o
         6          0          0          0          0        152   heapauxi.o
         2          0          0          0          0          0   libinit.o
         2          0          0          0          0          0   libinit2.o
         2          0          0          0          0          0   libshutdown.o
         2          0          0          0          0          0   libshutdown2.o
         8          4          0          0         96         68   libspace.o
         8          4          0          0          0         68   rt_errno_addr_intlibspace.o
        78          0          0          0          0         80   rt_memclr_w.o
         0          0          0          0          0          0   rtentry.o
        12          0          0          0          0          0   rtentry2.o
         6          0          0          0          0          0   rtentry4.o
         2          0          0          0          0          0   rtexit.o
        10          0          0          0          0          0   rtexit2.o
        74          0          0          0          0         80   sys_stackheap_outer.o
         2          0          0          0          0         68   use_no_semi.o
         2          0          0          0          0         68   use_no_semi_2.o
        98          4          0          0          0         92   d2f.o
       826         16          0          0          0        348   daddsub_clz.o
        16          4          0          0          0         68   dcheck1.o
        24          0          0          0          0         68   dcmpi.o
       688        140          0          0          0        208   ddiv.o
        94          4          0          0          0         92   dfix.o
        84          0          0          0          0        136   dflt_clz.o
       120          4          0          0          0         92   dleqf.o
       340         12          0          0          0        104   dmul.o
       156          4          0          0          0         92   dnaninf.o
        12          0          0          0          0         68   dretinf.o
       108          0          0          0          0         80   drleqf.o
        86          4          0          0          0         84   f2d.o
       140          4          0          0          0         84   fnaninf.o
        10          0          0          0          0         68   fretinf.o
       100          0          0          0          0         68   retnan.o
        92          0          0          0          0         68   scalbn.o
        48          0          0          0          0         68   trapv.o
         0          0          0          0          0          0   usenofp.o
       172          8          0          0          0        112   cos.o
       252         22         48          0          0        124   cos_i.o
        16          6          0          0          0         68   dunder.o
        40          0          0          0          0         68   fpclassify.o
       170          0          0          0          0         96   poly.o
       904         72        200          0          0        140   rred.o
       176         10          0          0          0        116   sin.o
       236         12         40          0          0        128   sin_i.o
       116         10          0          0          0        104   tan.o
       632         50         96          0          0        168   tan_i.o

    ----------------------------------------------------------------------
      6198        402        384          0        100       3836   Library Totals
        14          0          0          0          4          0   (incl. Padding)

    ----------------------------------------------------------------------

      Code (inc. data)   RO Data    RW Data    ZI Data      Debug   Library Name

       428         16          0          0         96        824   c_w.l
      3042        196          0          0          0       1888   fz_ws.l
      2714        190        384          0          0       1124   m_ws.l

    ----------------------------------------------------------------------
      6198        402        384          0        100       3836   Library Totals

    ----------------------------------------------------------------------

==============================================================================


      Code (inc. data)   RO Data    RW Data    ZI Data      Debug   

     26768       1742       5360        532       2660     732534   Grand Totals
     26768       1742       5360        180       2660     732534   ELF Image Totals (compressed)
     26768       1742       5360        180          0          0   ROM Totals

==============================================================================

    Total RO  Size (Code + RO Data)                32128 (  31.38kB)
    Total RW  Size (RW Data + ZI Data)              3192 (   3.12kB)
    Total ROM Size (Code + RO Data + RW Data)      32308 (  31.55kB)

==============================================================================

