<html>
<body>
<pre>
<h1>礦ision Build Log</h1>
<h2>Project:</h2>
F:\dmp\nine_9\解析程序\USER\USART.uvproj
Project File Date:  09/30/2014

<h2>Output:</h2>
Build target 'Target 1'
linking...
Program Size: Code=4808 RO-data=268 RW-data=68 ZI-data=1636  
FromELF: creating hex file...
".\USART.axf" - 0 Error(s), 0 Warning(s).
</pre>
</body>
</html>
 never referenced
        u8 len; 
main.c(33): warning:  #177-D: variable "times" was declared but never referenced
        static u8  times=0;     
main.c: 3 warnings, 0 errors
linking...
Program Size: Code=4808 RO-data=268 RW-data=68 ZI-data=1636  
FromELF: creating hex file...
".\USART.axf" - 0 Error(s), 3 Warning(s).
Load "F:\\dmp\\nine_9\\解析程序\\USER\\USART.axf" 
Set JLink Project File to "F:\dmp\nine_9\解析程序\USER\JLinkSettings.ini"
* JLink Info: Device "STM32F103C8" selected (64 KB flash, 20 KB RAM).
 
JLink info:
------------
DLL: V4.80g, compiled Feb 13 2014 20:50:02
Firmware: J-Link ARM V8 compiled Jul 17 2014 12:31:18
Hardware: V8.00
S/N : 17935099 
Feature(s) : RDI,FlashDL,FlashBP,JFlash 
 
* JLink Info: Found SWD-DP with ID 0x1BA01477
* JLink Info: Found SWD-DP with ID 0x1BA01477
* JLink Info: Found Cortex-M3 r1p1, Little endian.
* JLink Info: FPUnit: 6 code (BP) slots and 2 literal slots
* JLink Info: TPIU fitted.
ROMTableAddr = 0xE00FF003
 
Target info:
------------
Device: STM32F103C8
VTarget = 3.254V
State of Pins: 
TCK: 0, TDI: 1, TDO: 0, TMS: 1, TRES: 1, TRST: 1
Hardware-Breakpoints: 6
Software-Breakpoints: 8192
Watchpoints:          4
JTAG speed: 4000 kHz
 
Full Chip Erase Done.
Programming Done.
Verify OK.
Application running ...
2 (R2) while CPU is running
Programming Done.
Verify OK.
Application running ...
kpoints: 8192
Watchpoints:          4
JTAG speed: 4000 kHz
 
Full Chip Erase Done.
Programming Done.
Verify OK.
Application running ...
