<html>
<body>
<pre>
<h1>礦ision Build Log</h1>
<h2>Project:</h2>
C:\Users\SUO\Desktop\20150816  风力摆V9.1\USER\USART.uvproj
Project File Date:  09/01/2015

<h2>Output:</h2>
Build target 'Target 1'
compiling main.c...
linking...
Program Size: Code=27088 RO-data=5360 RW-data=532 ZI-data=2660  
FromELF: creating hex file...
".\USART.axf" - 0 Errors, 0 Warning(s).
Load "C:\\Users\\SUO\\Desktop\\20150816  风力摆V9.1\\USER\\USART.axf" 
Full Chip Erase Done.
Programming Done.
Verify OK.
Application running ...
Build target 'Target 1'
compiling main.c...
linking...
Program Size: Code=27088 RO-data=5360 RW-data=532 ZI-data=2660  
FromELF: creating hex file...
".\USART.axf" - 0 Errors, 0 Warning(s).
Load "C:\\Users\\SUO\\Desktop\\20150816  风力摆V9.1\\USER\\USART.axf" 
Full Chip Erase Done.
Programming Done.
Verify OK.
Application running ...
Build target 'Target 1'
compiling main.c...
linking...
Program Size: Code=27088 RO-data=5360 RW-data=532 ZI-data=2660  
FromELF: creating hex file...
".\USART.axf" - 0 Errors, 0 Warning(s).
Load "C:\\Users\\SUO\\Desktop\\20150816  风力摆V9.1\\USER\\USART.axf" 
Full Chip Erase Done.
Programming Done.
Verify OK.
Application running ...
Build target 'Target 1'
compiling main.c...
linking...
Program Size: Code=27088 RO-data=5360 RW-data=532 ZI-data=2660  
FromELF: creating hex file...
".\USART.axf" - 0 Errors, 0 Warning(s).
Load "C:\\Users\\SUO\\Desktop\\20150816  风力摆V9.1\\USER\\USART.axf" 
Full Chip Erase Done.
Programming Done.
Verify OK.
Application running ...
Build target 'Target 1'
compiling main.c...
linking...
Program Size: Code=27080 RO-data=5360 RW-data=532 ZI-data=2660  
FromELF: creating hex file...
".\USART.axf" - 0 Errors, 0 Warning(s).
Load "C:\\Users\\SUO\\Desktop\\20150816  风力摆V9.1\\USER\\USART.axf" 
Full Chip Erase Done.
Programming Done.
Verify OK.
Application running ...
Build target 'Target 1'
compiling main.c...
linking...
Program Size: Code=27088 RO-data=5360 RW-data=532 ZI-data=2660  
FromELF: creating hex file...
".\USART.axf" - 0 Errors, 0 Warning(s).
Load "C:\\Users\\SUO\\Desktop\\20150816  风力摆V9.1\\USER\\USART.axf" 
Full Chip Erase Done.
Programming Done.
Verify OK.
Application running ...
Build target 'Target 1'
compiling main.c...
linking...
Program Size: Code=27088 RO-data=5360 RW-data=532 ZI-data=2660  
FromELF: creating hex file...
".\USART.axf" - 0 Errors, 0 Warning(s).
Load "C:\\Users\\SUO\\Desktop\\20150816  风力摆V9.1\\USER\\USART.axf" 
Full Chip Erase Done.
Programming Done.
Verify OK.
Application running ...
Build target 'Target 1'
compiling main.c...
linking...
Program Size: Code=27092 RO-data=5364 RW-data=532 ZI-data=2660  
FromELF: creating hex file...
".\USART.axf" - 0 Errors, 0 Warning(s).
Load "C:\\Users\\SUO\\Desktop\\20150816  风力摆V9.1\\USER\\USART.axf" 
Full Chip Erase Done.
Programming Done.
Verify OK.
Application running ...
Build target 'Target 1'
compiling main.c...
linking...
Program Size: Code=27084 RO-data=5364 RW-data=532 ZI-data=2660  
FromELF: creating hex file...
".\USART.axf" - 0 Errors, 0 Warning(s).
Load "C:\\Users\\SUO\\Desktop\\20150816  风力摆V9.1\\USER\\USART.axf" 
Full Chip Erase Done.
Programming Done.
Verify OK.
Application running ...
Build target 'Target 1'
compiling main.c...
linking...
Program Size: Code=27088 RO-data=5360 RW-data=532 ZI-data=2660  
FromELF: creating hex file...
".\USART.axf" - 0 Errors, 0 Warning(s).
Load "C:\\Users\\SUO\\Desktop\\20150816  风力摆V9.1\\USER\\USART.axf" 
Full Chip Erase Done.
Programming Done.
Verify OK.
Application running ...
Build target 'Target 1'
compiling main.c...
linking...
Program Size: Code=27088 RO-data=5360 RW-data=532 ZI-data=2660  
FromELF: creating hex file...
".\USART.axf" - 0 Errors, 0 Warning(s).
Load "C:\\Users\\SUO\\Desktop\\20150816  风力摆V9.1\\USER\\USART.axf" 
Full Chip Erase Done.
Programming Done.
Verify OK.
Application running ...
Build target 'Target 1'
compiling main.c...
linking...
Program Size: Code=27088 RO-data=5360 RW-data=532 ZI-data=2660  
FromELF: creating hex file...
".\USART.axf" - 0 Errors, 0 Warning(s).
Load "C:\\Users\\SUO\\Desktop\\20150816  风力摆V9.1\\USER\\USART.axf" 
Full Chip Erase Done.
Programming Done.
Verify OK.
Application running ...
Build target 'Target 1'
compiling main.c...
linking...
Program Size: Code=27088 RO-data=5360 RW-data=532 ZI-data=2660  
FromELF: creating hex file...
".\USART.axf" - 0 Errors, 0 Warning(s).
Load "C:\\Users\\SUO\\Desktop\\20150816  风力摆V9.1\\USER\\USART.axf" 
Full Chip Erase Done.
Programming Done.
Verify OK.
Application running ...
Build target 'Target 1'
compiling main.c...
linking...
Program Size: Code=27096 RO-data=5360 RW-data=532 ZI-data=2660  
FromELF: creating hex file...
".\USART.axf" - 0 Errors, 0 Warning(s).
Build target 'Target 1'
compiling main.c...
linking...
Program Size: Code=27100 RO-data=5364 RW-data=532 ZI-data=2660  
FromELF: creating hex file...
".\USART.axf" - 0 Errors, 0 Warning(s).
Load "C:\\Users\\SUO\\Desktop\\20150816  风力摆V9.1\\USER\\USART.axf" 
Full Chip Erase Done.
Programming Done.
Verify OK.
Application running ...
Build target 'Target 1'
compiling main.c...
linking...
Program Size: Code=27092 RO-data=5364 RW-data=532 ZI-data=2660  
FromELF: creating hex file...
".\USART.axf" - 0 Errors, 0 Warning(s).
Load "C:\\Users\\SUO\\Desktop\\20150816  风力摆V9.1\\USER\\USART.axf" 
Full Chip Erase Done.
Programming Done.
Verify OK.
Application running ...
Build target 'Target 1'
compiling main.c...
linking...
Program Size: Code=27084 RO-data=5364 RW-data=532 ZI-data=2660  
FromELF: creating hex file...
".\USART.axf" - 0 Errors, 0 Warning(s).
Load "C:\\Users\\SUO\\Desktop\\20150816  风力摆V9.1\\USER\\USART.axf" 
Full Chip Erase Done.
Programming Done.
Verify OK.
Application running ...
Build target 'Target 1'
compiling main.c...
linking...
Program Size: Code=26980 RO-data=5364 RW-data=532 ZI-data=2660  
FromELF: creating hex file...
".\USART.axf" - 0 Errors, 0 Warning(s).
Load "C:\\Users\\SUO\\Desktop\\20150816  风力摆V9.1\\USER\\USART.axf" 
Full Chip Erase Done.
Programming Done.
Verify OK.
Application running ...
Build target 'Target 1'
compiling main.c...
linking...
Program Size: Code=26768 RO-data=5360 RW-data=532 ZI-data=2660  
FromELF: creating hex file...
".\USART.axf" - 0 Errors, 0 Warning(s).
Load "C:\\Users\\SUO\\Desktop\\20150816  风力摆V9.1\\USER\\USART.axf" 
Full Chip Erase Done.
Programming Done.
Verify OK.
Application running ...
